-- Format v6: per-bolt channel descriptors, and the end of the flat page-kind
-- bitmap.  doc/specs/SEGMENT_FORMAT.md sections 2, 6, 8, 9;
-- doc/PRODUCTION_READINESS.md blocking gate 5.
--
-- Two coupled things are under test here.  (1) A bolt now SELF-DESCRIBES which
-- wefts it carries, on a WEAVE_CHANDESC page named by WeaveSegMeta.chandesc, so
-- an index built without a vector column stores no vector structures at all.
-- (2) The page-kind space is no longer a uint16 bitmap: the ten shipped kinds
-- keep their one-hot bits and new kinds are integer ids behind an escape bit, so
-- the vector and fuzzy channels can both be added without colliding.
--
-- The compatibility half -- reading a genuinely pre-v6 on-disk index -- cannot be
-- done from SQL, because it needs the metapage bytes rewritten with the server
-- down.  It lives in t/010_format_v6_upgrade.pl.  What is here is everything
-- reachable with one .so and a running server.
CREATE EXTENSION IF NOT EXISTS pg_weave;
NOTICE:  extension "pg_weave" already exists, skipping
ALTER EXTENSION pg_weave UPDATE;
NOTICE:  version "0.19.0" of extension "pg_weave" is already installed
CREATE TABLE cd (id serial, d wdoc);
-- Three frequency bands so the index has a real dictionary and several posting
-- blocks, not a degenerate one-page structure that no invariant can be wrong on.
INSERT INTO cd(d)
  SELECT to_wdoc('shared common' || (g % 11) || ' mid' || (g % 97) || ' rare' || g)
  FROM generate_series(1, 600) g;
CREATE INDEX cd_weave ON cd USING weave (d);
ANALYZE cd;
-- ---- weave_check() on a freshly built index -----------------------------
-- Every invariant, shallow.  The rows are the contract: adding an invariant
-- changes this list on purpose.
SELECT invariant, ok FROM weave_check('cd_weave') ORDER BY invariant;
            invariant             | ok 
----------------------------------+----
 chandesc_coverage                | t
 chandesc_reachable               | t
 chandesc_roots_agree             | t
 chandesc_version_consistent      | t
 metapage_version_recognized      | t
 nsegments_bound                  | t
 page_kinds_decodable             | t
 segment_roots_have_expected_kind | t
 surf_coverage                    | t
 surf_trie_matches_dictionary     | t
 uninitialized_page_count         | t
 vector_block_stats_match_codes   | t
 vector_coverage                  | t
 vector_warp_map_ascending        | t
(14 rows)

-- The deep pass adds full-relation page reachability and the
-- no-two-chains-overlap assertion (SEGMENT_FORMAT.md section 8 item 5).
SELECT invariant, ok FROM weave_check('cd_weave', true) ORDER BY invariant;
            invariant             | ok 
----------------------------------+----
 chains_do_not_overlap            | t
 chandesc_coverage                | t
 chandesc_reachable               | t
 chandesc_roots_agree             | t
 chandesc_version_consistent      | t
 metapage_version_recognized      | t
 nsegments_bound                  | t
 page_kinds_decodable             | t
 pages_reachable_or_freed         | t
 segment_roots_have_expected_kind | t
 surf_coverage                    | t
 surf_trie_matches_dictionary     | t
 uninitialized_page_count         | t
 vector_block_stats_match_codes   | t
 vector_coverage                  | t
 vector_warp_map_ascending        | t
(16 rows)

-- The only assertion that matters: nothing is violated.
SELECT count(*) AS violations FROM weave_check('cd_weave', true) WHERE NOT ok;
 violations 
------------
          0
(1 row)

-- The metapage reports the version this build writes.
SELECT detail FROM weave_check('cd_weave')
 WHERE invariant = 'metapage_version_recognized';
                      detail                       
---------------------------------------------------
 format v10 (this build reads v3..v10, writes v10)
(1 row)

-- Every bolt is self-describing on a fresh v6 build.
SELECT detail FROM weave_check('cd_weave') WHERE invariant = 'chandesc_coverage';
              detail               
-----------------------------------
 1 self-describing, 0 lexical-only
(1 row)

-- ---- the new page kind is visible and accounted for ---------------------
-- One descriptor page per live bolt, and weave_index_size_detail() classifies it
-- under its own name rather than as "unclassified" -- which is what would happen
-- if a reader tested the extended kind with a bitwise AND.
SELECT (SELECT npages FROM weave_index_size_detail('cd_weave') WHERE kind = 'chandesc')
     = weave_index_nsegments('cd_weave') AS one_chandesc_page_per_bolt;
 one_chandesc_page_per_bolt 
----------------------------
 t
(1 row)

-- No page falls through the classifier.  A nonzero count here is the v6
-- equivalent of the L17 bug: a reader that did not learn the new encoding.
SELECT npages AS unclassified_pages FROM weave_index_size_detail('cd_weave')
 WHERE kind = 'unclassified';
 unclassified_pages 
--------------------
                  0
(1 row)

-- ---- the write paths that create and free descriptor pages --------------
-- Pending inserts, then a merge: the merged bolt gets a new descriptor page and
-- the consumed bolts' pages must be freed, not leaked.  weave_check(deep) is what
-- catches a leak; nothing else would.
INSERT INTO cd(d)
  SELECT to_wdoc('shared delta' || (g % 5) || ' rare' || (1000 + g))
  FROM generate_series(1, 400) g;
SELECT weave_merge('cd_weave') IS NOT NULL AS merged;
 merged 
--------
 t
(1 row)

SELECT count(*) AS violations_after_merge
  FROM weave_check('cd_weave', true) WHERE NOT ok;
 violations_after_merge 
------------------------
                      0
(1 row)

SELECT (SELECT npages FROM weave_index_size_detail('cd_weave') WHERE kind = 'chandesc')
     = weave_index_nsegments('cd_weave') AS chandesc_pages_match_after_merge;
 chandesc_pages_match_after_merge 
----------------------------------
 t
(1 row)

-- Vacuum compaction rewrites every bolt and truncates the freed tail.
DELETE FROM cd WHERE id % 3 = 0;
SELECT weave_vacuum('cd_weave') IS NOT NULL AS vacuumed;
 vacuumed 
----------
 t
(1 row)

SELECT count(*) AS violations_after_vacuum
  FROM weave_check('cd_weave', true) WHERE NOT ok;
 violations_after_vacuum 
-------------------------
                       0
(1 row)

SELECT (SELECT npages FROM weave_index_size_detail('cd_weave') WHERE kind = 'chandesc')
     = weave_index_nsegments('cd_weave') AS chandesc_pages_match_after_vacuum;
 chandesc_pages_match_after_vacuum 
-----------------------------------
 t
(1 row)

-- REINDEX rebuilds from the heap: still consistent, still self-describing.
REINDEX INDEX cd_weave;
SELECT count(*) AS violations_after_reindex
  FROM weave_check('cd_weave', true) WHERE NOT ok;
 violations_after_reindex 
--------------------------
                        0
(1 row)

-- ---- weave_page_info(): the per-page reading -----------------------------
-- weave_check() reports THAT a page is leaked; this reports WHAT each page is.
-- Both derive from one traversal (wvck_mark_reachable), which is deliberate: two
-- walks would be two answers to the same question, and the leak report is exactly
-- what they would disagree about.  So the interesting assertion is that the two
-- agree -- if the split ever broke, this is where it shows.
SELECT kind, freed, uninitialized, reachable
  FROM weave_page_info('cd_weave', 0);
 kind | freed | uninitialized | reachable 
------+-------+---------------+-----------
 meta | f     | f             | t
(1 row)

SELECT count(*) AS one_row_for_one_block
  FROM weave_page_info('cd_weave', 0);
 one_row_for_one_block 
-----------------------
                     1
(1 row)

SELECT count(*) = pg_relation_size('cd_weave') / current_setting('block_size')::int
         AS one_row_per_page
  FROM weave_page_info('cd_weave');
 one_row_per_page 
------------------
 t
(1 row)

-- The leak definition, spelled out once here so the shape is on the record for
-- whoever reads a failure: unreachable, not flagged freed, not uninitialized.
-- coalesce() because freed is NULL for a page with no weave-sized special area,
-- and a torn unreachable page must be counted, not filtered out.
SELECT count(*) AS orphaned_pages
  FROM weave_page_info('cd_weave')
 WHERE NOT reachable AND coalesce(freed, false) = false AND NOT uninitialized;
 orphaned_pages 
----------------
              0
(1 row)

SELECT ok AS leak_invariant_agrees
  FROM weave_check('cd_weave', true)
 WHERE invariant = 'pages_reachable_or_freed';
 leak_invariant_agrees 
-----------------------
 t
(1 row)

-- Two independent readers of the descriptor pages must count the same pages.
SELECT (SELECT count(*) FROM weave_page_info('cd_weave')
         WHERE kind = 'chandesc' AND NOT freed)
     = weave_index_nsegments('cd_weave') AS chandesc_pages_agree;
 chandesc_pages_agree 
----------------------
 t
(1 row)

-- Every page decodes to a known kind, which page_kinds_decodable also asserts;
-- here it is visible per page rather than as a count.
SELECT count(*) AS undecodable_pages
  FROM weave_page_info('cd_weave')
 WHERE NOT uninitialized AND (kind IS NULL OR kind = 'unknown');
 undecodable_pages 
-------------------
                 0
(1 row)

-- ---- answers are unaffected by the format change ------------------------
-- The descriptor page is metadata; it must not perturb a single result.  Index
-- path versus sequential path, which is the only ground truth available.
SET enable_seqscan = off;
SELECT count(*) AS idx_common FROM cd WHERE d @@@ 'common3'::wquery;
 idx_common 
------------
         36
(1 row)

SET enable_indexscan = off; SET enable_bitmapscan = off; SET enable_seqscan = on;
SELECT count(*) AS seq_common FROM cd WHERE d @@@ 'common3'::wquery;
 seq_common 
------------
         36
(1 row)

RESET enable_indexscan; RESET enable_bitmapscan; RESET enable_seqscan;
SET enable_seqscan = off;
SELECT id FROM cd WHERE d @@@ 'shared'::wquery
 ORDER BY d <=> 'shared common3'::wquery, id LIMIT 5;
 id 
----
 14
 25
 47
 58
 80
(5 rows)

RESET enable_seqscan;
-- ---- error surface -------------------------------------------------------
-- Not a weave index: refuse, do not guess.
CREATE TABLE cdnb (id int);
CREATE INDEX cdnb_btree ON cdnb(id);
SELECT * FROM weave_check('cdnb_btree');
ERROR:  "cdnb_btree" is not a weave index
SELECT * FROM weave_page_info('cdnb_btree', 0);
ERROR:  "cdnb_btree" is not a weave index
-- A block number outside the relation is a caller error, not an empty result: an
-- empty result reads as "that page is fine".
SELECT * FROM weave_page_info('cd_weave', 1000000000);
ERROR:  block number 1000000000 is out of range for index "cd_weave"
DETAIL:  The relation has 13 block(s).
SELECT * FROM weave_page_info('cd_weave', -1);
ERROR:  block number -1 is out of range for index "cd_weave"
DETAIL:  The relation has 13 block(s).
-- An index built over an empty table still has a metapage and an empty bolt
-- directory, so every invariant holds vacuously and nothing is violated.  (The
-- zero-block case weave_check() also handles is only reachable for an index whose
-- storage was never created.)
CREATE TABLE cdempty (id serial, d wdoc);
CREATE INDEX cdempty_weave ON cdempty USING weave (d);
SELECT count(*) AS violations_empty
  FROM weave_check('cdempty_weave', true) WHERE NOT ok;
 violations_empty 
------------------
                0
(1 row)

DROP TABLE cd;
DROP TABLE cdnb;
DROP TABLE cdempty;
