-- Docvals channel: the scalar/docvalues gate, end to end (spec
-- doc/specs/DOCVALS_CHANNEL.md sect. 5, 7, 8).
--
-- WHAT A GREEN RUN PROVES:
--   1. PLAN SHAPE.  A comparison on a docvalues column is an Index Cond, not an
--      executor Filter -- on a plain scan AND inside a fused ORDER BY fuse().
--      A Filter would be the pre-gate behaviour (doc/GAPS.md G49 / the prize
--      spike): correct answer, no skipping.  Threat 2 of bench/gatesweep.sh.
--   2. INDEX == HEAP, as a SET, for every btree strategy (< <= = >= >).  The
--      docvalues gate is EXACT, so the index-forced answer must equal the
--      seqscan answer exactly.  This is self-checking: the boolean is TRUE only
--      if the two plans agree, so a wrong gate flips it to FALSE rather than
--      being re-pinned when expected output is regenerated.
--   3. THE BARE (uncast) int4 literal pushes down -- the cross-type operators
--      (0.24.0 -> 0.25.0) -- and so does an int2 constant.
--   4. A FUSED query narrowed by a docvalues qual returns only rows satisfying
--      it, and is a subset of the unnarrowed answer.
--   5. A docvalues restriction NO LONGER CRASHES the scan (G49): every arm here
--      that once segfaulted now returns rows.
CREATE EXTENSION IF NOT EXISTS pg_weave;
NOTICE:  extension "pg_weave" already exists, skipping
ALTER EXTENSION pg_weave UPDATE;
NOTICE:  version "0.30.0" of extension "pg_weave" is already installed
-- doc/GAPS.md G60: a VACUUM only reclaims (tombstones) rows deleted before the
-- oldest snapshot in this database; an autovacuum ANALYZE starting at the same
-- moment can hold one.  Wait for every same-database snapshot older than now.
CREATE FUNCTION pg_temp.wait_for_horizon() RETURNS void LANGUAGE plpgsql AS $$
DECLARE x xid := (txid_current() % 4294967296)::text::xid; i int;
BEGIN
  FOR i IN 1 .. 600 LOOP
    IF NOT EXISTS (SELECT 1 FROM pg_stat_activity
                    WHERE datname = current_database() AND pid <> pg_backend_pid()
                      AND (age(backend_xmin) > age(x) OR age(backend_xid) > age(x))) THEN
      RETURN;
    END IF;
    PERFORM pg_sleep(0.1);
    PERFORM pg_stat_clear_snapshot();  -- else every pass re-reads the first
  END LOOP;
  RAISE NOTICE 'wait_for_horizon: an older snapshot was still held after 60 s';
END $$;
SET max_parallel_workers_per_gather = 0;
CREATE TABLE dv (id int, body wdoc, emb wvec(4), price bigint);
-- price = g % 100 over 500 rows: each value 0..99 appears 5 times, so the
-- expected counts are deterministic (price < 50 -> 250, price = 50 -> 5, ...).
INSERT INTO dv
SELECT g,
       to_wdoc('common doc ' || (g % 5)),
       ('[' || g || ',' || (g % 4) || ',' || (g % 7) || ',1]')::wvec,
       (g % 100)::bigint
FROM generate_series(1, 500) g;
CREATE INDEX dv_w ON dv USING weave (body, emb, price int8_docval_ops)
    WITH (metric = ip);
ANALYZE dv;
-- ---------------------------------------------------------------------------
-- (1) PLAN SHAPE: Index Cond, not Filter -- plain and fused.
-- ---------------------------------------------------------------------------
SET enable_seqscan = off;
SET enable_bitmapscan = off;
-- bare int4 literal (cross-type operator): an Index Cond, not a Filter
EXPLAIN (COSTS OFF) SELECT id FROM dv WHERE price < 50;
         QUERY PLAN          
-----------------------------
 Index Scan using dv_w on dv
   Index Cond: (price < 50)
(2 rows)

-- inside a fused ORDER BY: the qual becomes a gate on the fused scan
EXPLAIN (COSTS OFF)
SELECT id FROM dv
 WHERE price < 50
 ORDER BY fuse(body <=> 'common'::wquery, emb <#> '[1,1,1,1]'::wvec) LIMIT 5;
                                                     QUERY PLAN                                                     
--------------------------------------------------------------------------------------------------------------------
 Limit
   ->  Index Scan using dv_w on dv
         Index Cond: (price < 50)
         Order By: ((body <=> '''common'''::wquery) AND (emb <#> '[1,1,1,1]'::wvec) AND (body <~> '{1,1}'::real[]))
(4 rows)

RESET enable_seqscan;
RESET enable_bitmapscan;
-- ---------------------------------------------------------------------------
-- (2) INDEX == HEAP, as a set, for every strategy.  The index arm forces a
-- plain Index Scan honouring the docvalues key; the seq arm forces a Seq Scan.
-- `agree` is TRUE only if the two return the identical id set.
-- ---------------------------------------------------------------------------
CREATE OR REPLACE FUNCTION dv_agree(pred text) RETURNS boolean
LANGUAGE plpgsql AS $$
DECLARE
    n_bad bigint;
BEGIN
    EXECUTE 'SET LOCAL enable_seqscan = off';
    EXECUTE 'SET LOCAL enable_bitmapscan = off';
    EXECUTE 'SET LOCAL enable_indexscan = on';
    EXECUTE format('CREATE TEMP TABLE dv_idx AS SELECT id FROM dv WHERE %s', pred);
    EXECUTE 'SET LOCAL enable_indexscan = off';
    EXECUTE 'SET LOCAL enable_bitmapscan = off';
    EXECUTE 'SET LOCAL enable_seqscan = on';
    EXECUTE format('CREATE TEMP TABLE dv_seq AS SELECT id FROM dv WHERE %s', pred);
    SELECT count(*) INTO n_bad FROM (
        SELECT id FROM dv_idx EXCEPT SELECT id FROM dv_seq
        UNION ALL
        SELECT id FROM dv_seq EXCEPT SELECT id FROM dv_idx
    ) d;
    DROP TABLE dv_idx;
    DROP TABLE dv_seq;
    RETURN n_bad = 0;
END;
$$;
SELECT dv_agree('price < 50')      AS lt_agrees,
       dv_agree('price <= 50')     AS le_agrees,
       dv_agree('price = 50')      AS eq_agrees,
       dv_agree('price >= 50')     AS ge_agrees,
       dv_agree('price > 50')      AS gt_agrees;
 lt_agrees | le_agrees | eq_agrees | ge_agrees | gt_agrees 
-----------+-----------+-----------+-----------+-----------
 t         | t         | t         | t         | t
(1 row)

-- cross-type: an int2 constant, and a same-type int8 constant, both agree
SELECT dv_agree('price < 50::int2')    AS int2_agrees,
       dv_agree('price < 50::bigint')  AS int8_agrees;
 int2_agrees | int8_agrees 
-------------+-------------
 t           | t
(1 row)

-- conjunction with the lexical channel agrees too
SELECT dv_agree($$body @@@ 'common'::wquery AND price < 50$$) AS lex_and_dv_agrees;
 lex_and_dv_agrees 
-------------------
 t
(1 row)

-- ---------------------------------------------------------------------------
-- (3) DETERMINISTIC COUNTS (price = g % 100 over 500 rows).  Forced through the
-- index; a wrong gate would change these, and they are also checked against the
-- heap by (2) above.
-- ---------------------------------------------------------------------------
SET enable_seqscan = off;
SET enable_bitmapscan = off;
SELECT count(*) AS lt50 FROM dv WHERE price < 50;
 lt50 
------
  250
(1 row)

SELECT count(*) AS eq50 FROM dv WHERE price = 50;
 eq50 
------
    5
(1 row)

SELECT count(*) AS ge90 FROM dv WHERE price >= 90;
 ge90 
------
   50
(1 row)

SELECT count(*) AS gt99 FROM dv WHERE price > 99;
 gt99 
------
    0
(1 row)

RESET enable_seqscan;
RESET enable_bitmapscan;
-- ---------------------------------------------------------------------------
-- (4) A FUSED query narrowed by a docvalues qual: every returned row satisfies
-- it, and the narrowed answer is a subset of the unnarrowed one.
-- ---------------------------------------------------------------------------
SET enable_seqscan = off;
SET enable_bitmapscan = off;
CREATE TEMP TABLE dv_gated AS
SELECT id FROM dv
 WHERE price < 20
 ORDER BY fuse(body <=> 'common'::wquery, emb <#> '[1,1,1,1]'::wvec) LIMIT 10;
CREATE TEMP TABLE dv_ungated AS
SELECT id FROM dv
 ORDER BY fuse(body <=> 'common'::wquery, emb <#> '[1,1,1,1]'::wvec) LIMIT 500;
RESET enable_seqscan;
RESET enable_bitmapscan;
SELECT count(*) AS gated_rows_failing_qual
  FROM dv_gated JOIN dv USING (id)
 WHERE NOT (dv.price < 20);
 gated_rows_failing_qual 
-------------------------
                       0
(1 row)

SELECT NOT EXISTS (SELECT 1 FROM dv_gated
                    WHERE id NOT IN (SELECT id FROM dv_ungated))
       AS gated_is_subset_of_ungated;
 gated_is_subset_of_ungated 
----------------------------
 t
(1 row)

DROP TABLE dv_gated, dv_ungated;
DROP FUNCTION dv_agree(text);
DROP TABLE dv;
-- ---------------------------------------------------------------------------
-- (6) THE DOCVALS WEFT SURVIVES A SEGMENT MERGE (doc/GAPS.md G51).  A build that
-- flushes more than one segment, or a post-build INSERT + VACUUM that flushes a
-- second segment, is merged by weave_merge() into one bolt.  The merge must carry
-- the docvals weft of every input that has one into the output bolt; before the
-- G51 fix it wrote an EMPTY store, so a `price <op> c` gate over the merged bolt
-- returned ZERO rows -- a silent wrong answer that every existing test missed
-- because they all build a single segment (hard rule 12 / the eleventh member: no
-- test had ever run a docvals weft through a merge).
--
-- POSITIVE CONTROL: the `> 1` assertion makes a merge that never happened (one
-- segment) impossible to pass off as a fix, and `pre_merge_gate = 150` shows the
-- gate was correct on the first segment BEFORE the merge, so a post-merge 0 is the
-- merge losing it, not the build never writing it.
-- ---------------------------------------------------------------------------
CREATE TABLE dvm (id bigint PRIMARY KEY, body wdoc, price bigint);
INSERT INTO dvm SELECT g, to_wdoc('common doc ' || (g % 5)), g
  FROM generate_series(1, 300) g;
CREATE INDEX dvm_w ON dvm USING weave (body, price int8_docval_ops);
SET enable_seqscan = off;
SET enable_bitmapscan = off;
-- gate correct on the single build segment (rows 1..300, price = id)
SELECT count(*) AS pre_merge_gate FROM dvm WHERE price <= 150;
 pre_merge_gate 
----------------
            150
(1 row)

RESET enable_seqscan;
RESET enable_bitmapscan;
-- a post-build INSERT + VACUUM flushes a SECOND segment (weave.sql's fixture
-- shape); a run of two is below the tiered auto-merge threshold, so both persist
INSERT INTO dvm SELECT g, to_wdoc('common doc ' || (g % 5)), g
  FROM generate_series(301, 600) g;
VACUUM dvm;
SELECT weave_index_nsegments('dvm_w') > 1 AS more_than_one_segment;
 more_than_one_segment 
-----------------------
 t
(1 row)

SELECT weave_merge('dvm_w') IS NOT NULL AS merged;
 merged 
--------
 t
(1 row)

SELECT weave_index_nsegments('dvm_w') = 1 AS one_segment_after_merge;
 one_segment_after_merge 
-------------------------
 t
(1 row)

-- THE GATE STILL WORKS AFTER THE MERGE.  price <= 150 selects the 150 rows the
-- first (docvals-bearing) segment held; the merged bolt must still answer it.
SET enable_seqscan = off;
SET enable_bitmapscan = off;
SELECT count(*) AS post_merge_gate FROM dvm WHERE price <= 150;
 post_merge_gate 
-----------------
             150
(1 row)

-- and it agrees with the heap, forced both ways
CREATE TEMP TABLE dvm_idx AS SELECT id FROM dvm WHERE price <= 150;
RESET enable_seqscan;
RESET enable_bitmapscan;
SET enable_indexscan = off;
SET enable_bitmapscan = off;
CREATE TEMP TABLE dvm_seq AS SELECT id FROM dvm WHERE price <= 150;
RESET enable_indexscan;
RESET enable_bitmapscan;
SELECT count(*) AS merged_gate_disagreements FROM (
    SELECT id FROM dvm_idx EXCEPT SELECT id FROM dvm_seq
    UNION ALL
    SELECT id FROM dvm_seq EXCEPT SELECT id FROM dvm_idx
) d;
 merged_gate_disagreements 
---------------------------
                         0
(1 row)

DROP TABLE dvm_idx, dvm_seq;
DROP TABLE dvm;
-- ---------------------------------------------------------------------------
-- (7) THE DOCVALS GATE SEES UN-FLUSHED INSERTS (doc/GAPS.md G52).  Rows inserted
-- after the build live in the PENDING buffer, in no bolt and no docvalues store.
-- The lexical channel matches them from the pending pages, so before this fix a
-- query `@@@ x AND facet <op> c` ANDed a lexical set that HAD the inserted row
-- against a docvalues set that did NOT, and silently dropped it -- and a bare
-- `facet <op> c` over a freshly inserted row returned nothing.  A v11 pending item
-- now carries the row's int8 value, so the gate evaluates it over pending too.
--
-- POSITIVE CONTROL: nsegments stays 1 after the post-build INSERTs (they are
-- pending, not a flushed second segment), and the inserted low-price row is
-- REQUIRED to be in the index answer while the high-price one is REQUIRED to be
-- absent -- pre-fix the first assertion returned false because the gate could not
-- see the pending buffer.
-- ---------------------------------------------------------------------------
CREATE TABLE dvp (id int, body wdoc, price bigint);
INSERT INTO dvp SELECT g, to_wdoc('common doc ' || (g % 5)), (g % 100)::bigint
  FROM generate_series(1, 300) g;
CREATE INDEX dvp_w ON dvp USING weave (body, price int8_docval_ops);
-- rows inserted AFTER the build; small docs, so they land in the pending buffer
INSERT INTO dvp VALUES
  (1001, to_wdoc('zebrafish special report'), 5),
  (1002, to_wdoc('zebrafish special report'), 95);
-- still one segment: the two rows are pending, NOT flushed to a second bolt
SELECT weave_index_nsegments('dvp_w') = 1 AS still_one_segment_pending;
 still_one_segment_pending 
---------------------------
 t
(1 row)

CREATE OR REPLACE FUNCTION dvp_agree(pred text) RETURNS boolean
LANGUAGE plpgsql AS $$
DECLARE
    n_bad bigint;
BEGIN
    EXECUTE 'SET LOCAL enable_seqscan = off';
    EXECUTE 'SET LOCAL enable_bitmapscan = off';
    EXECUTE 'SET LOCAL enable_indexscan = on';
    EXECUTE format('CREATE TEMP TABLE dvp_idx AS SELECT id FROM dvp WHERE %s', pred);
    EXECUTE 'SET LOCAL enable_indexscan = off';
    EXECUTE 'SET LOCAL enable_bitmapscan = off';
    EXECUTE 'SET LOCAL enable_seqscan = on';
    EXECUTE format('CREATE TEMP TABLE dvp_seq AS SELECT id FROM dvp WHERE %s', pred);
    SELECT count(*) INTO n_bad FROM (
        SELECT id FROM dvp_idx EXCEPT SELECT id FROM dvp_seq
        UNION ALL
        SELECT id FROM dvp_seq EXCEPT SELECT id FROM dvp_idx
    ) d;
    DROP TABLE dvp_idx;
    DROP TABLE dvp_seq;
    RETURN n_bad = 0;
END;
$$;
-- the gate over pending agrees with the heap for every strategy...
SELECT dvp_agree('price < 50')  AS lt_agrees,
       dvp_agree('price <= 5')  AS le_agrees,
       dvp_agree('price = 95')  AS eq_agrees,
       dvp_agree('price >= 90') AS ge_agrees,
       dvp_agree('price > 90')  AS gt_agrees;
 lt_agrees | le_agrees | eq_agrees | ge_agrees | gt_agrees 
-----------+-----------+-----------+-----------+-----------
 t         | t         | t         | t         | t
(1 row)

-- ...and so does the conjunction with the lexical channel (the G52 repro shape)
SELECT dvp_agree($$body @@@ 'zebrafish'::wquery AND price < 50$$) AS lex_and_dv_agrees;
 lex_and_dv_agrees 
-------------------
 t
(1 row)

-- POSITIVE CONTROL: the inserted low-price pending row IS in the index answer,
-- and the high-price one is NOT.  Pre-fix the gate was blind to pending, so the
-- first was false (the row was dropped) regardless of the heap.
SET enable_seqscan = off;
SET enable_bitmapscan = off;
SELECT EXISTS (SELECT 1 FROM dvp WHERE body @@@ 'zebrafish' AND price < 50 AND id = 1001)
       AS pending_low_row_found,
       NOT EXISTS (SELECT 1 FROM dvp WHERE body @@@ 'zebrafish' AND price < 50 AND id = 1002)
       AS pending_high_row_excluded;
 pending_low_row_found | pending_high_row_excluded 
-----------------------+---------------------------
 t                     | t
(1 row)

RESET enable_seqscan;
RESET enable_bitmapscan;
-- FLUSH (Task 4): a VACUUM drains the pending buffer into a new segment whose
-- docvalues store must carry the flushed rows' values, so the gate keeps finding
-- them once they are no longer pending -- and still does after a merge (with G51).
VACUUM dvp;
SELECT weave_index_nsegments('dvp_w') > 1 AS flushed_second_segment;
 flushed_second_segment 
------------------------
 t
(1 row)

SET enable_seqscan = off;
SET enable_bitmapscan = off;
SELECT dvp_agree('price < 50') AS lt_agrees_after_flush;
 lt_agrees_after_flush 
-----------------------
 t
(1 row)

SELECT EXISTS (SELECT 1 FROM dvp WHERE price < 50 AND id = 1001) AS flushed_low_row_found;
 flushed_low_row_found 
-----------------------
 t
(1 row)

RESET enable_seqscan;
RESET enable_bitmapscan;
SELECT weave_merge('dvp_w') IS NOT NULL AS merged;
 merged 
--------
 t
(1 row)

SET enable_seqscan = off;
SET enable_bitmapscan = off;
SELECT dvp_agree('price < 50') AS lt_agrees_after_merge;
 lt_agrees_after_merge 
-----------------------
 t
(1 row)

RESET enable_seqscan;
RESET enable_bitmapscan;
DROP FUNCTION dvp_agree(text);
DROP TABLE dvp;
-- ---------------------------------------------------------------------------
-- (8) TYPE SLICE 2: float8 / int4 / int2 / date / bool docvals opclasses
-- (doc/plans/2026-09-27-docvals-types-slice.md).  Each type is mapped to an
-- order-preserving int64 at build and the query constant by the same rule at
-- scan, so the SAME store and evaluator serve every type.  The proof is the same
-- one the int8 slice uses: for each type and each btree strategy the index-forced
-- answer equals the seqscan answer as a SET (dvt_agree), and a bare/cross-type
-- constant still pushes down.  float8 additionally carries the values that break a
-- naive encoding: +0/-0 (equal), NaN (largest), +/-Infinity.
-- ---------------------------------------------------------------------------
CREATE TABLE dvt (id int, body wdoc,
                  f8 float8, i4 int4, i2 int2, dt date, bl bool);
INSERT INTO dvt
SELECT g, to_wdoc('common doc ' || (g % 5)),
       (g % 100)::float8 / 4.0,          -- scattered floats 0..24.75
       (g % 100),                        -- int4 0..99
       (g % 100)::int2,                  -- int2 0..99
       DATE '2000-01-01' + (g % 100),    -- 100 distinct dates
       (g % 2 = 0)                       -- bool
FROM generate_series(1, 500) g;
-- float8 special values, in their own rows (NOT NULL, so no NULLs)
INSERT INTO dvt (id, body, f8, i4, i2, dt, bl) VALUES
  (1001, to_wdoc('special'),  'Infinity'::float8, 0, 0, DATE '2000-01-01', true),
  (1002, to_wdoc('special'), '-Infinity'::float8, 0, 0, DATE '2000-01-01', true),
  (1003, to_wdoc('special'),       'NaN'::float8, 0, 0, DATE '2000-01-01', true),
  (1004, to_wdoc('special'),             0.0::float8, 0, 0, DATE '2000-01-01', true),
  (1005, to_wdoc('special'),            -0.0::float8, 0, 0, DATE '2000-01-01', true);
CREATE INDEX dvt_f8 ON dvt USING weave (body, f8 float8_docval_ops);
CREATE INDEX dvt_i4 ON dvt USING weave (body, i4 int4_docval_ops);
CREATE INDEX dvt_i2 ON dvt USING weave (body, i2 int2_docval_ops);
CREATE INDEX dvt_dt ON dvt USING weave (body, dt date_docval_ops);
CREATE INDEX dvt_bl ON dvt USING weave (body, bl bool_docval_ops);
ANALYZE dvt;
CREATE OR REPLACE FUNCTION dvt_agree(pred text) RETURNS boolean
LANGUAGE plpgsql AS $$
DECLARE
    n_bad bigint;
BEGIN
    EXECUTE 'SET LOCAL enable_seqscan = off';
    EXECUTE 'SET LOCAL enable_bitmapscan = off';
    EXECUTE 'SET LOCAL enable_indexscan = on';
    EXECUTE format('CREATE TEMP TABLE dvt_i AS SELECT id FROM dvt WHERE %s', pred);
    EXECUTE 'SET LOCAL enable_indexscan = off';
    EXECUTE 'SET LOCAL enable_bitmapscan = off';
    EXECUTE 'SET LOCAL enable_seqscan = on';
    EXECUTE format('CREATE TEMP TABLE dvt_s AS SELECT id FROM dvt WHERE %s', pred);
    SELECT count(*) INTO n_bad FROM (
        SELECT id FROM dvt_i EXCEPT SELECT id FROM dvt_s
        UNION ALL
        SELECT id FROM dvt_s EXCEPT SELECT id FROM dvt_i
    ) d;
    DROP TABLE dvt_i;
    DROP TABLE dvt_s;
    RETURN n_bad = 0;
END;
$$;
-- plan shape: each facet comparison is an Index Cond, not a Filter
SET enable_seqscan = off;
SET enable_bitmapscan = off;
EXPLAIN (COSTS OFF) SELECT id FROM dvt WHERE f8 < 5.0::float8;
                 QUERY PLAN                 
--------------------------------------------
 Index Scan using dvt_f8 on dvt
   Index Cond: (f8 < '5'::double precision)
(2 rows)

EXPLAIN (COSTS OFF) SELECT id FROM dvt WHERE i4 < 50;
           QUERY PLAN           
--------------------------------
 Index Scan using dvt_i4 on dvt
   Index Cond: (i4 < 50)
(2 rows)

EXPLAIN (COSTS OFF) SELECT id FROM dvt WHERE dt < DATE '2000-02-01';
               QUERY PLAN                
-----------------------------------------
 Index Scan using dvt_dt on dvt
   Index Cond: (dt < '02-01-2000'::date)
(2 rows)

EXPLAIN (COSTS OFF) SELECT id FROM dvt WHERE bl = true;
           QUERY PLAN           
--------------------------------
 Index Scan using dvt_bl on dvt
   Index Cond: (bl = true)
(2 rows)

RESET enable_seqscan;
RESET enable_bitmapscan;
-- float8: every strategy agrees with the heap, including the special values
SELECT dvt_agree('f8 < 5.0::float8')   AS f8_lt,
       dvt_agree('f8 <= 5.0::float8')  AS f8_le,
       dvt_agree('f8 = 5.0::float8')   AS f8_eq,
       dvt_agree('f8 >= 5.0::float8')  AS f8_ge,
       dvt_agree('f8 > 5.0::float8')   AS f8_gt;
 f8_lt | f8_le | f8_eq | f8_ge | f8_gt 
-------+-------+-------+-------+-------
 t     | t     | t     | t     | t
(1 row)

SELECT dvt_agree($$f8 < 'Infinity'::float8$$)   AS f8_lt_inf,   -- excludes +inf and NaN
       dvt_agree($$f8 > '-Infinity'::float8$$)  AS f8_gt_neginf,-- excludes -inf
       dvt_agree($$f8 = 0.0::float8$$)          AS f8_eq_zero,  -- +0 and -0 both match
       dvt_agree($$f8 < 4.5::float4$$)          AS f8_lt_f4;    -- cross-type float4 const
 f8_lt_inf | f8_gt_neginf | f8_eq_zero | f8_lt_f4 
-----------+--------------+------------+----------
 t         | t            | t          | t
(1 row)

-- int4 / int2: same-type and cross-type integer constants
SELECT dvt_agree('i4 < 50')            AS i4_lt,
       dvt_agree('i4 = 50')            AS i4_eq,
       dvt_agree('i4 >= 50')           AS i4_ge,
       dvt_agree('i4 < 50::int8')      AS i4_lt_i8,   -- cross-type
       dvt_agree('i4 < 50::int2')      AS i4_lt_i2;   -- cross-type
 i4_lt | i4_eq | i4_ge | i4_lt_i8 | i4_lt_i2 
-------+-------+-------+----------+----------
 t     | t     | t     | t        | t
(1 row)

SELECT dvt_agree('i2 < 50::int2')      AS i2_lt,
       dvt_agree('i2 = 50::int2')      AS i2_eq,
       dvt_agree('i2 < 50')            AS i2_lt_i4,   -- cross-type
       dvt_agree('i2 < 50::int8')      AS i2_lt_i8;   -- cross-type
 i2_lt | i2_eq | i2_lt_i4 | i2_lt_i8 
-------+-------+----------+----------
 t     | t     | t        | t
(1 row)

-- date / bool
SELECT dvt_agree($$dt < DATE '2000-02-01'$$)  AS dt_lt,
       dvt_agree($$dt = DATE '2000-01-15'$$)  AS dt_eq,
       dvt_agree($$dt >= DATE '2000-03-01'$$) AS dt_ge;
 dt_lt | dt_eq | dt_ge 
-------+-------+-------
 t     | t     | t
(1 row)

SELECT dvt_agree('bl = true')          AS bl_eq_true,
       dvt_agree('bl = false')         AS bl_eq_false,
       dvt_agree('bl < true')          AS bl_lt_true;  -- false < true
 bl_eq_true | bl_eq_false | bl_lt_true 
------------+-------------+------------
 t          | t           | t
(1 row)

DROP FUNCTION dvt_agree(text);
DROP TABLE dvt;
-- ---------------------------------------------------------------------------
-- (9) NULLs (doc/plans/2026-09-27-docvals-nulls-slice.md, step 3).  A NULL
-- facet value satisfies NO comparison operator (SQL three-valued logic), so the
-- pushed-down gate must EXCLUDE it -- the same index==heap set proof as the
-- other slices, on a NULLABLE column, held across build, a post-build INSERT
-- (the pending path), and a DELETE+VACUUM (the merge/tombstone rewrite).
-- IS NULL / IS NOT NULL pushdown is deferred (spec sect. 6): they fall back to
-- an executor Filter, which is correct but unaccelerated -- asserted by the plan
-- shape below (no Index Cond on the IS NULL qual).
-- ---------------------------------------------------------------------------
CREATE TABLE dvn (id int, body wdoc, price bigint);
-- price = g % 100, but NULL every 7th row: ~71 NULLs of 500, and 50 still
-- occurs (g%100=50 at g=50,150,250,450 with g%7<>0), so `= 50` is non-empty.
INSERT INTO dvn
SELECT g, to_wdoc('common doc ' || (g % 5)),
       CASE WHEN g % 7 = 0 THEN NULL ELSE (g % 100)::bigint END
FROM generate_series(1, 500) g;
CREATE INDEX dvn_w ON dvn USING weave (body, price int8_docval_ops);
ANALYZE dvn;
CREATE OR REPLACE FUNCTION dvn_agree(pred text) RETURNS boolean
LANGUAGE plpgsql AS $$
DECLARE
    n_bad bigint;
BEGIN
    EXECUTE 'SET LOCAL enable_seqscan = off';
    EXECUTE 'SET LOCAL enable_bitmapscan = off';
    EXECUTE 'SET LOCAL enable_indexscan = on';
    EXECUTE format('CREATE TEMP TABLE dvn_i AS SELECT id FROM dvn WHERE %s', pred);
    EXECUTE 'SET LOCAL enable_indexscan = off';
    EXECUTE 'SET LOCAL enable_bitmapscan = off';
    EXECUTE 'SET LOCAL enable_seqscan = on';
    EXECUTE format('CREATE TEMP TABLE dvn_s AS SELECT id FROM dvn WHERE %s', pred);
    SELECT count(*) INTO n_bad FROM (
        SELECT id FROM dvn_i EXCEPT SELECT id FROM dvn_s
        UNION ALL
        SELECT id FROM dvn_s EXCEPT SELECT id FROM dvn_i
    ) d;
    DROP TABLE dvn_i;
    DROP TABLE dvn_s;
    RETURN n_bad = 0;
END;
$$;
-- plan shape: a comparison is an Index Cond; IS NULL / IS NOT NULL are NOT
-- (they fall back to a Filter -- deferred pushdown, spec sect. 6).  The IS NULL
-- plans are shown with seqscan ENABLED so they are a natural (not disabled) Seq
-- Scan -- PG18 annotates a disabled-but-chosen node with "Disabled: true", which
-- PG17 does not, so forcing the node would diverge the two majors' expected out.
SET enable_seqscan = off;
SET enable_bitmapscan = off;
EXPLAIN (COSTS OFF) SELECT id FROM dvn WHERE price < 50;
          QUERY PLAN           
-------------------------------
 Index Scan using dvn_w on dvn
   Index Cond: (price < 50)
(2 rows)

RESET enable_seqscan;
RESET enable_bitmapscan;
EXPLAIN (COSTS OFF) SELECT id FROM dvn WHERE price IS NULL;
        QUERY PLAN         
---------------------------
 Seq Scan on dvn
   Filter: (price IS NULL)
(2 rows)

EXPLAIN (COSTS OFF) SELECT id FROM dvn WHERE price IS NOT NULL;
          QUERY PLAN           
-------------------------------
 Seq Scan on dvn
   Filter: (price IS NOT NULL)
(2 rows)

-- every comparison strategy agrees with the heap, NULLs excluded from all
SELECT dvn_agree('price < 50')   AS lt,
       dvn_agree('price <= 50')  AS le,
       dvn_agree('price = 50')   AS eq,
       dvn_agree('price >= 50')  AS ge,
       dvn_agree('price > 50')   AS gt;
 lt | le | eq | ge | gt 
----+----+----+----+----
 t  | t  | t  | t  | t
(1 row)

-- IS NULL / IS NOT NULL: correct via the Filter fallback
SELECT dvn_agree('price IS NULL')     AS is_null,
       dvn_agree('price IS NOT NULL') AS is_not_null;
 is_null | is_not_null 
---------+-------------
 t       | t
(1 row)

-- post-build INSERT of NULL and non-NULL rows (the pending path): the gate must
-- see them before flush, and still exclude the NULL.
INSERT INTO dvn VALUES
  (10001, to_wdoc('common doc 3'), NULL),
  (10002, to_wdoc('common doc 3'), 7),
  (10003, to_wdoc('common doc 3'), 99),
  (10004, to_wdoc('common doc 3'), NULL);
SELECT dvn_agree('price < 50')   AS pend_lt,
       dvn_agree('price = 99')   AS pend_eq99,
       dvn_agree('price IS NULL') AS pend_is_null;
 pend_lt | pend_eq99 | pend_is_null 
---------+-----------+--------------
 t       | t         | t
(1 row)

-- DELETE 40% then VACUUM (tombstone rewrite + merge): still index==heap.
DELETE FROM dvn WHERE id % 5 = 1;
DO $$ BEGIN PERFORM pg_temp.wait_for_horizon(); END $$;   -- G60
VACUUM dvn;
SELECT dvn_agree('price < 50')   AS vac_lt,
       dvn_agree('price >= 50')  AS vac_ge,
       dvn_agree('price IS NULL') AS vac_is_null;
 vac_lt | vac_ge | vac_is_null 
--------+--------+-------------
 t      | t      | t
(1 row)

DROP FUNCTION dvn_agree(text);
DROP TABLE dvn;
-- ---------------------------------------------------------------------------
-- 10. text docvalues (store v3; doc/plans/2026-09-28-docvals-text-slice.md,
-- task 2).  A text_docval_ops column stores a per-segment DICTIONARY ORDINAL
-- per docid, the dictionary sorted under the column collation.  This step
-- proves the build writes a store that the structural check accepts, and (10b)
-- that a multi-segment build's collapse re-dictionaries every input; pushdown
-- is proven index == heap in (10c) (task 3); pending INSERT/flush (task 4)
-- follows.
-- cat has exactly 40 distinct non-NULL values, one of them '' (a real entry,
-- not NULL), and is NULL on every 19th row (~5%).
-- ---------------------------------------------------------------------------
CREATE TABLE dvt (id int, body wdoc, cat text COLLATE "C");
INSERT INTO dvt
SELECT g, to_wdoc('common doc ' || (g % 5)),
       CASE WHEN g % 19 = 0 THEN NULL
            WHEN g % 40 = 0 THEN ''
            ELSE 'c' || lpad((g % 40)::text, 2, '0') END
FROM generate_series(1, 2000) g;
SELECT count(*) AS n, count(cat) AS nonnull, count(DISTINCT cat) AS ndistinct,
       count(*) FILTER (WHERE cat = '') AS nempty
FROM dvt;
  n   | nonnull | ndistinct | nempty 
------+---------+-----------+--------
 2000 |    1895 |        40 |     48
(1 row)

CREATE INDEX dvt_idx ON dvt USING weave (body wdoc_lex_ops, cat text_docval_ops);
SELECT invariant, ok FROM weave_check('dvt_idx', true) ORDER BY invariant;
            invariant             | ok 
----------------------------------+----
 chains_do_not_overlap            | t
 chandesc_coverage                | t
 chandesc_reachable               | t
 chandesc_roots_agree             | t
 chandesc_version_consistent      | t
 doclist_coverage                 | t
 doclist_covers_postings          | t
 doclist_valid                    | t
 docvals_dictionary_ascending     | t
 metapage_version_recognized      | t
 nsegments_bound                  | t
 page_kinds_decodable             | t
 pages_reachable_or_freed         | t
 segment_roots_have_expected_kind | t
 surf_coverage                    | t
 surf_trie_matches_dictionary     | t
 uninitialized_page_count         | t
 vector_block_stats_match_codes   | t
 vector_coverage                  | t
 vector_warp_map_ascending        | t
(20 rows)

SELECT count(*) AS violations FROM weave_check('dvt_idx', true) WHERE NOT ok;
 violations 
------------
          0
(1 row)

DROP TABLE dvt;
-- 10b. A MULTI-SEGMENT text build.  A serial build that flushes more than once
-- ends by collapsing its segments through the MERGE (weave_build_finalize ->
-- weave_merge_segments / weave_merge_all), and a text store cannot be carried
-- through a merge by copying: its slots are ordinals into each input segment's
-- own dictionary.  The merge re-dictionaries (feeds each row back as bytes), so
-- the collapsed bolt must still carry a docvalues weft.
--
-- Corpus: sql/vecindex.sql's high-vocabulary shape (40 distinct terms per
-- document) under maintenance_work_mem = '1MB', which flushes several bolts.
-- cat mixes a value set that is DISJOINT per heap range ('k' || g/500, so each
-- flushed bolt's dictionary holds different strings and the same string gets
-- different ordinals in different bolts) with a shared one, '' and NULL.
--
-- POSITIVE CONTROL for "the collapse really carried every input": the build
-- flushes seven bolts here (the per-flush LOG lines say so under
-- client_min_messages = log) and the collapse merges them into one, so a merged
-- store covering all 12000 docs needs at least ceil(12000 * 16 / 8160) = 24
-- docvalues pages (an 8-byte ordinal + 8-byte docid per doc).  The interim guard
-- that dropped text wefts in the merge gives 0; a merge that carried only one
-- input bolt gives about 4.
-- ---------------------------------------------------------------------------
CREATE TABLE dvtm (id int, body wdoc, cat text COLLATE "C");
INSERT INTO dvtm
SELECT g, to_wdoc(array_to_string(ARRAY(SELECT 'id' || g || 'x' || k
                                          FROM generate_series(1, 40) k), ' ')),
       CASE WHEN g % 19 = 0 THEN NULL
            WHEN g % 40 = 0 THEN ''
            WHEN g % 3 = 0 THEN 'c' || lpad((g % 40)::text, 2, '0')
            ELSE 'k' || lpad((g / 500)::text, 4, '0') END
FROM generate_series(1, 12000) g;
SET maintenance_work_mem = '1MB';
SET max_parallel_maintenance_workers = 0;
CREATE INDEX dvtm_idx ON dvtm USING weave (body wdoc_lex_ops, cat text_docval_ops);
SELECT weave_index_nsegments('dvtm_idx') = 1 AS collapsed_to_one_segment;
 collapsed_to_one_segment 
--------------------------
 t
(1 row)

SELECT count(*) >= 24 AS docvalues_weft_covers_all_inputs
  FROM weave_page_info('dvtm_idx')
 WHERE kind = 'docvalues' AND reachable AND NOT freed;
 docvalues_weft_covers_all_inputs 
----------------------------------
 t
(1 row)

SELECT invariant, ok FROM weave_check('dvtm_idx', true) ORDER BY invariant;
            invariant             | ok 
----------------------------------+----
 chains_do_not_overlap            | t
 chandesc_coverage                | t
 chandesc_reachable               | t
 chandesc_roots_agree             | t
 chandesc_version_consistent      | t
 doclist_coverage                 | t
 doclist_covers_postings          | t
 doclist_valid                    | t
 docvals_dictionary_ascending     | t
 metapage_version_recognized      | t
 nsegments_bound                  | t
 page_kinds_decodable             | t
 pages_reachable_or_freed         | t
 segment_roots_have_expected_kind | t
 surf_coverage                    | t
 surf_trie_matches_dictionary     | t
 uninitialized_page_count         | t
 vector_block_stats_match_codes   | t
 vector_coverage                  | t
 vector_warp_map_ascending        | t
(20 rows)

SELECT count(*) AS violations FROM weave_check('dvtm_idx', true) WHERE NOT ok;
 violations 
------------
          0
(1 row)

RESET maintenance_work_mem;
RESET max_parallel_maintenance_workers;
DROP TABLE dvtm;
-- ---------------------------------------------------------------------------
-- 10c. TEXT PUSHDOWN: index == heap (task 3).  A text comparison is an Index
-- Cond, and weave_docvals_collect() resolves the key to ordinal boundaries
-- lo = #{D[i] < k}, hi = #{D[i] <= k} against EACH bolt's own dictionary.
-- The proof is the int8 slice's: the index-forced answer equals the seqscan
-- answer as a SET (dvs_agree), for every strategy and for constants that are
-- present ('c10'), the empty string ('' -- a real entry, never NULL), absent
-- between two entries ('c105' sorts between 'c10' and 'c11'), absent below
-- every non-empty value but above '' (' '), and above everything ('zzz').
-- '' itself is the minimum of text, so `< ''` must be empty and `>= ''` must
-- be every non-NULL row.
--
-- Three column shapes: cat under COLLATE "C" (byte order), cat2 under the
-- DATABASE DEFAULT collation with mixed case (under a linguistic collation
-- 'B' < 'a' need not hold, so a byte-order boundary search would disagree with
-- the heap), and a varchar(20) column (text_docval_ops by binary coercion).
-- One docvalues column per index is a current limitation, hence three indexes.
--
-- The agreement is printed as ONE boolean per column shape plus the list of
-- disagreeing cases (which must be empty), so a wrong gate shows the exact
-- (column, operator, constant) rather than a bare `f`.  The EXPLAINs prove the
-- index arm really ran the gate: an unindexable clause would be a (disabled)
-- Seq Scan in both arms and agree vacuously.
-- ---------------------------------------------------------------------------
CREATE TABLE dvs (id int, body wdoc, cat text COLLATE "C", cat2 text,
                  cv varchar(20));
INSERT INTO dvs
SELECT g, to_wdoc('common doc ' || (g % 5)),
       CASE WHEN g % 19 = 0 THEN NULL
            WHEN g % 40 = 0 THEN ''
            ELSE 'c' || lpad((g % 40)::text, 2, '0') END,
       CASE WHEN g % 23 = 0 THEN NULL
            ELSE (ARRAY['Apple', 'apple', 'APPLE', 'Banana', 'banana', 'b',
                        'B', '', 'a b', 'a-b', 'ab', 'Ab', 'zeta', 'Zeta',
                        '10', '9'])[g % 16 + 1] END,
       CASE WHEN g % 17 = 0 THEN NULL
            ELSE 'v' || lpad((g % 30)::text, 2, '0') END
FROM generate_series(1, 2000) g;
CREATE INDEX dvs_cat ON dvs USING weave (body wdoc_lex_ops, cat text_docval_ops);
CREATE INDEX dvs_cat2 ON dvs USING weave (body wdoc_lex_ops, cat2 text_docval_ops);
CREATE INDEX dvs_cv ON dvs USING weave (body wdoc_lex_ops, cv text_docval_ops);
ANALYZE dvs;
CREATE OR REPLACE FUNCTION dvs_agree(tbl text, pred text) RETURNS boolean
LANGUAGE plpgsql AS $$
DECLARE
    n_bad bigint;
BEGIN
    EXECUTE 'SET LOCAL enable_seqscan = off';
    EXECUTE 'SET LOCAL enable_bitmapscan = off';
    EXECUTE 'SET LOCAL enable_indexscan = on';
    EXECUTE format('CREATE TEMP TABLE dvs_i AS SELECT id FROM %I WHERE %s', tbl, pred);
    EXECUTE 'SET LOCAL enable_indexscan = off';
    EXECUTE 'SET LOCAL enable_bitmapscan = off';
    EXECUTE 'SET LOCAL enable_seqscan = on';
    EXECUTE format('CREATE TEMP TABLE dvs_s AS SELECT id FROM %I WHERE %s', tbl, pred);
    SELECT count(*) INTO n_bad FROM (
        SELECT id FROM dvs_i EXCEPT SELECT id FROM dvs_s
        UNION ALL
        SELECT id FROM dvs_s EXCEPT SELECT id FROM dvs_i
    ) d;
    DROP TABLE dvs_i;
    DROP TABLE dvs_s;
    RETURN n_bad = 0;
END;
$$;
-- plan shape: every strategy on cat is an Index Cond, and so is one on each of
-- cat2 and cv
SET enable_seqscan = off;
SET enable_bitmapscan = off;
EXPLAIN (COSTS OFF) SELECT id FROM dvs WHERE cat < 'c10';
            QUERY PLAN             
-----------------------------------
 Index Scan using dvs_cat on dvs
   Index Cond: (cat < 'c10'::text)
(2 rows)

EXPLAIN (COSTS OFF) SELECT id FROM dvs WHERE cat <= 'c10';
             QUERY PLAN             
------------------------------------
 Index Scan using dvs_cat on dvs
   Index Cond: (cat <= 'c10'::text)
(2 rows)

EXPLAIN (COSTS OFF) SELECT id FROM dvs WHERE cat = 'c10';
            QUERY PLAN             
-----------------------------------
 Index Scan using dvs_cat on dvs
   Index Cond: (cat = 'c10'::text)
(2 rows)

EXPLAIN (COSTS OFF) SELECT id FROM dvs WHERE cat >= 'c10';
             QUERY PLAN             
------------------------------------
 Index Scan using dvs_cat on dvs
   Index Cond: (cat >= 'c10'::text)
(2 rows)

EXPLAIN (COSTS OFF) SELECT id FROM dvs WHERE cat > 'c10';
            QUERY PLAN             
-----------------------------------
 Index Scan using dvs_cat on dvs
   Index Cond: (cat > 'c10'::text)
(2 rows)

EXPLAIN (COSTS OFF) SELECT id FROM dvs WHERE cat2 < 'apple';
              QUERY PLAN              
--------------------------------------
 Index Scan using dvs_cat2 on dvs
   Index Cond: (cat2 < 'apple'::text)
(2 rows)

EXPLAIN (COSTS OFF) SELECT id FROM dvs WHERE cv < 'v15';
                QUERY PLAN                
------------------------------------------
 Index Scan using dvs_cv on dvs
   Index Cond: ((cv)::text < 'v15'::text)
(2 rows)

-- deterministic counts through the index (also checked against the heap below):
-- '' is a real entry, ' ' sorts between '' and every 'cNN', 'c105' is absent,
-- nothing is below ''
SELECT count(*) AS eq_empty FROM dvs WHERE cat = '';
 eq_empty 
----------
       48
(1 row)

SELECT count(*) AS lt_space FROM dvs WHERE cat < ' ';
 lt_space 
----------
       48
(1 row)

SELECT count(*) AS eq_c10 FROM dvs WHERE cat = 'c10';
 eq_c10 
--------
     48
(1 row)

SELECT count(*) AS eq_absent FROM dvs WHERE cat = 'c105';
 eq_absent 
-----------
         0
(1 row)

SELECT count(*) AS lt_empty FROM dvs WHERE cat < '';
 lt_empty 
----------
        0
(1 row)

SELECT count(*) AS ge_empty FROM dvs WHERE cat >= '';
 ge_empty 
----------
     1895
(1 row)

RESET enable_seqscan;
RESET enable_bitmapscan;
CREATE TEMP TABLE dvs_cases (tbl text, col text, op text, k text);
INSERT INTO dvs_cases
SELECT 'dvs', c.col, o.op, k.k
  FROM (VALUES ('cat'), ('cat2')) c(col),
       (VALUES ('<'), ('<='), ('='), ('>='), ('>')) o(op),
       (VALUES ('c10'), (''), ('c105'), (' '), ('zzz')) k(k);
-- cat2's own present / case-variant / between values
INSERT INTO dvs_cases
SELECT 'dvs', 'cat2', o.op, k.k
  FROM (VALUES ('<'), ('<='), ('='), ('>='), ('>')) o(op),
       (VALUES ('apple'), ('Apple'), ('B'), ('b'), ('Apricot'), ('a b'),
               ('10'), ('Zeta')) k(k);
-- varchar: one strategy suffices for the coercion path, plus equality
INSERT INTO dvs_cases VALUES
  ('dvs', 'cv', '<', 'v15'), ('dvs', 'cv', '=', 'v15'),
  ('dvs', 'cv', '>', 'v155'), ('dvs', 'cv', '<', '');
CREATE TEMP TABLE dvs_res AS
SELECT tbl, col, op, k, dvs_agree(tbl, format('%I %s %L', col, op, k)) AS ok
  FROM dvs_cases;
SELECT col, count(*) AS ncases, bool_and(ok) AS all_agree
  FROM dvs_res GROUP BY col ORDER BY col;
 col  | ncases | all_agree 
------+--------+-----------
 cat  |     25 | t
 cat2 |     65 | t
 cv   |      4 | t
(3 rows)

SELECT col, op, k AS disagreeing_constant
  FROM dvs_res WHERE NOT ok ORDER BY col, op, k;
 col | op | disagreeing_constant 
-----+----+----------------------
(0 rows)

-- a conjunction with the lexical channel agrees too
SELECT dvs_agree('dvs', $$body @@@ 'common'::wquery AND cat < 'c20'$$)
       AS lex_and_text_agrees;
 lex_and_text_agrees 
---------------------
 t
(1 row)

-- a clause whose collation differs from the column's is NOT an index clause
-- (the planner's IndexCollMatchesExprColl); it stays a Filter and agrees
SELECT dvs_agree('dvs', $$cat2 < 'apple' COLLATE "C"$$) AS other_collation_agrees;
 other_collation_agrees 
------------------------
 t
(1 row)

-- a NULL runtime key (generic plan, $1 NULL): strict operators match nothing,
-- and the scan must not read the NULL Datum as a text value
SET plan_cache_mode = force_generic_plan;
SET enable_seqscan = off;
SET enable_bitmapscan = off;
PREPARE dvs_null(text) AS SELECT count(*) FROM dvs WHERE cat = $1;
EXECUTE dvs_null(NULL);
 count 
-------
     0
(1 row)

EXECUTE dvs_null('c10');
 count 
-------
    48
(1 row)

DEALLOCATE dvs_null;
RESET enable_seqscan;
RESET enable_bitmapscan;
RESET plan_cache_mode;
-- the dictionary-order invariant under the DATABASE DEFAULT collation (cat2,
-- mixed case) and on a varchar column (cv): the deep check must compare with
-- the column's collation, the one the writer sorted by, or it would report a
-- linguistically sorted dictionary as out of order (or miss a real disorder)
SELECT count(*) AS dvs_cat2_violations
  FROM weave_check('dvs_cat2', true) WHERE NOT ok;
 dvs_cat2_violations 
---------------------
                   0
(1 row)

SELECT count(*) AS dvs_cv_violations
  FROM weave_check('dvs_cv', true) WHERE NOT ok;
 dvs_cv_violations 
-------------------
                 0
(1 row)

DROP TABLE dvs_res;
DROP TABLE dvs;
-- THE MULTI-SEGMENT COLLAPSE, SEMANTICALLY (10b showed the weft is there; this
-- shows it is RIGHT).  The same corpus as 10b, so seven flushed bolts with
-- DIFFERENT dictionaries ('k' || g/500 is disjoint per heap range) are
-- re-dictionaried by the collapse.  A merge that concatenated ordinals instead
-- would map 'k0003' and 'k0020' to other bolts' strings, and these would
-- disagree with the heap.
CREATE TABLE dvtm (id int, body wdoc, cat text COLLATE "C");
INSERT INTO dvtm
SELECT g, to_wdoc(array_to_string(ARRAY(SELECT 'id' || g || 'x' || k
                                          FROM generate_series(1, 40) k), ' ')),
       CASE WHEN g % 19 = 0 THEN NULL
            WHEN g % 40 = 0 THEN ''
            WHEN g % 3 = 0 THEN 'c' || lpad((g % 40)::text, 2, '0')
            ELSE 'k' || lpad((g / 500)::text, 4, '0') END
FROM generate_series(1, 12000) g;
SET maintenance_work_mem = '1MB';
SET max_parallel_maintenance_workers = 0;
CREATE INDEX dvtm_idx ON dvtm USING weave (body wdoc_lex_ops, cat text_docval_ops);
RESET maintenance_work_mem;
RESET max_parallel_maintenance_workers;
ANALYZE dvtm;
SELECT weave_index_nsegments('dvtm_idx') = 1 AS collapsed_to_one_segment;
 collapsed_to_one_segment 
--------------------------
 t
(1 row)

SET enable_seqscan = off;
SET enable_bitmapscan = off;
EXPLAIN (COSTS OFF) SELECT id FROM dvtm WHERE cat = 'k0003';
             QUERY PLAN              
-------------------------------------
 Index Scan using dvtm_idx on dvtm
   Index Cond: (cat = 'k0003'::text)
(2 rows)

RESET enable_seqscan;
RESET enable_bitmapscan;
DELETE FROM dvs_cases;
INSERT INTO dvs_cases
SELECT 'dvtm', 'cat', o.op, k.k
  FROM (VALUES ('<'), ('<='), ('='), ('>='), ('>')) o(op),
       (VALUES ('k0003'), ('k0020'), ('k0000'), ('k0024'), ('c10'), (''),
               ('c105'), ('k00035'), (' '), ('zzz')) k(k);
CREATE TEMP TABLE dvs_res AS
SELECT tbl, col, op, k, dvs_agree(tbl, format('%I %s %L', col, op, k)) AS ok
  FROM dvs_cases;
SELECT count(*) AS ncases, bool_and(ok) AS collapsed_all_agree FROM dvs_res;
 ncases | collapsed_all_agree 
--------+---------------------
     50 | t
(1 row)

SELECT op, k AS disagreeing_constant
  FROM dvs_res WHERE NOT ok ORDER BY op, k;
 op | disagreeing_constant 
----+----------------------
(0 rows)

DROP TABLE dvs_res;
DROP TABLE dvtm;
-- A FUSED query narrowed by a text docvalues qual (the section (4) pattern):
-- the qual is borrowed as the fused scan's gate (Index Cond, not Filter), every
-- returned row satisfies it, and the narrowed answer is a subset of the
-- unnarrowed one.
CREATE TABLE dvf (id int, body wdoc, emb wvec(4), cat text COLLATE "C");
INSERT INTO dvf
SELECT g,
       to_wdoc('common doc ' || (g % 5)),
       ('[' || g || ',' || (g % 4) || ',' || (g % 7) || ',1]')::wvec,
       'c' || lpad((g % 40)::text, 2, '0')
FROM generate_series(1, 500) g;
CREATE INDEX dvf_w ON dvf USING weave (body, emb, cat text_docval_ops)
    WITH (metric = ip);
ANALYZE dvf;
SET enable_seqscan = off;
SET enable_bitmapscan = off;
EXPLAIN (COSTS OFF)
SELECT id FROM dvf
 WHERE cat < 'c08'
 ORDER BY fuse(body <=> 'common'::wquery, emb <#> '[1,1,1,1]'::wvec) LIMIT 10;
                                                     QUERY PLAN                                                     
--------------------------------------------------------------------------------------------------------------------
 Limit
   ->  Index Scan using dvf_w on dvf
         Index Cond: (cat < 'c08'::text)
         Order By: ((body <=> '''common'''::wquery) AND (emb <#> '[1,1,1,1]'::wvec) AND (body <~> '{1,1}'::real[]))
(4 rows)

CREATE TEMP TABLE dvf_gated AS
SELECT id FROM dvf
 WHERE cat < 'c08'
 ORDER BY fuse(body <=> 'common'::wquery, emb <#> '[1,1,1,1]'::wvec) LIMIT 10;
CREATE TEMP TABLE dvf_ungated AS
SELECT id FROM dvf
 ORDER BY fuse(body <=> 'common'::wquery, emb <#> '[1,1,1,1]'::wvec) LIMIT 500;
RESET enable_seqscan;
RESET enable_bitmapscan;
SELECT count(*) AS gated_rows FROM dvf_gated;
 gated_rows 
------------
         10
(1 row)

SELECT count(*) AS gated_rows_failing_qual
  FROM dvf_gated JOIN dvf USING (id)
 WHERE NOT (dvf.cat < 'c08');
 gated_rows_failing_qual 
-------------------------
                       0
(1 row)

SELECT NOT EXISTS (SELECT 1 FROM dvf_gated
                    WHERE id NOT IN (SELECT id FROM dvf_ungated))
       AS gated_is_subset_of_ungated;
 gated_is_subset_of_ungated 
----------------------------
 t
(1 row)

DROP TABLE dvf_gated, dvf_ungated;
DROP TABLE dvf;
DROP TABLE dvs_cases;
-- ---------------------------------------------------------------------------
-- 11. several docvalues keys on one scan AND (doc/GAPS.md G54).  A range
-- `price > 10 AND price < 20` is TWO Index Cond keys on the one docvalues
-- column.  weave_rescan() used to capture only the first and drop the second
-- with no recheck, so the scan returned every row above 10 (2670 here instead
-- of 270).  Every route that reaches weave_docvals_gate() is covered: the plain
-- Index Scan (dvs_agree), the bitmap scan (getbitmap), and the fused pass; and
-- both key domains, int8 and text.  Each agreement is index == heap as a SET.
-- ---------------------------------------------------------------------------
CREATE TABLE dvk (id int, body wdoc, emb wvec(4), price bigint);
-- price = g % 100 over 3000 rows: each value 0..99 appears 30 times
INSERT INTO dvk
SELECT g,
       to_wdoc('common w' || (g % 7)),
       ('[' || g || ',' || (g % 4) || ',' || (g % 7) || ',1]')::wvec,
       (g % 100)::bigint
FROM generate_series(1, 3000) g;
CREATE INDEX dvk_w ON dvk USING weave (body, emb, price int8_docval_ops)
    WITH (metric = ip);
ANALYZE dvk;
-- plan shape: BOTH keys are in the Index Cond (neither is a Filter)
SET enable_seqscan = off;
SET enable_bitmapscan = off;
EXPLAIN (COSTS OFF)
SELECT count(*) FROM dvk WHERE price > 10::int8 AND price < 20::int8;
                               QUERY PLAN                                
-------------------------------------------------------------------------
 Aggregate
   ->  Index Scan using dvk_w on dvk
         Index Cond: ((price > '10'::bigint) AND (price < '20'::bigint))
(3 rows)

-- the reported case, through the index: 9 values x 30 rows
SELECT count(*) AS range_10_20 FROM dvk WHERE price > 10::int8 AND price < 20::int8;
 range_10_20 
-------------
         270
(1 row)

RESET enable_seqscan;
RESET enable_bitmapscan;
SELECT dvs_agree('dvk', 'price > 10 AND price < 20')      AS open_range_agrees,
       dvs_agree('dvk', 'price >= 10 AND price <= 10')    AS closed_point_agrees,
       dvs_agree('dvk', 'price > 50 AND price < 40')      AS empty_range_agrees,
       dvs_agree('dvk', 'price = 5 AND price = 6')        AS two_eq_agrees,
       dvs_agree('dvk', 'price >= 0 AND price < 100 AND price > 98')
                                                          AS three_keys_agree,
       dvs_agree('dvk', $$body @@@ 'common'::wquery AND price > 10 AND price < 20$$)
                                                          AS lex_and_range_agrees;
 open_range_agrees | closed_point_agrees | empty_range_agrees | two_eq_agrees | three_keys_agree | lex_and_range_agrees 
-------------------+---------------------+--------------------+---------------+------------------+----------------------
 t                 | t                   | t                  | t             | t                | t
(1 row)

-- a NULL runtime key in the conjunction empties all of it
SET plan_cache_mode = force_generic_plan;
SET enable_seqscan = off;
SET enable_bitmapscan = off;
PREPARE dvk_null(bigint) AS
    SELECT count(*) FROM dvk WHERE price > $1 AND price < 20;
EXECUTE dvk_null(NULL);
 count 
-------
     0
(1 row)

EXECUTE dvk_null(10);
 count 
-------
   270
(1 row)

DEALLOCATE dvk_null;
RESET enable_seqscan;
RESET enable_bitmapscan;
RESET plan_cache_mode;
-- the BITMAP route (weave_getbitmap): a docvalues-only bitmap goes out
-- non-lossy, so the executor does not recheck and a dropped key would show
SET enable_seqscan = off;
SET enable_indexscan = off;
SET enable_bitmapscan = on;
EXPLAIN (COSTS OFF) SELECT id FROM dvk WHERE price > 10 AND price < 20;
                     QUERY PLAN                      
-----------------------------------------------------
 Bitmap Heap Scan on dvk
   Recheck Cond: ((price > 10) AND (price < 20))
   ->  Bitmap Index Scan on dvk_w
         Index Cond: ((price > 10) AND (price < 20))
(4 rows)

CREATE TEMP TABLE dvk_bm AS SELECT id FROM dvk WHERE price > 10 AND price < 20;
RESET enable_seqscan;
RESET enable_indexscan;
RESET enable_bitmapscan;
SET enable_indexscan = off;
SET enable_bitmapscan = off;
CREATE TEMP TABLE dvk_heap AS SELECT id FROM dvk WHERE price > 10 AND price < 20;
RESET enable_indexscan;
RESET enable_bitmapscan;
SELECT (SELECT count(*) FROM dvk_bm) AS bitmap_rows,
       NOT EXISTS (SELECT id FROM dvk_bm EXCEPT SELECT id FROM dvk_heap
                   UNION ALL
                   SELECT id FROM dvk_heap EXCEPT SELECT id FROM dvk_bm)
       AS bitmap_agrees;
 bitmap_rows | bitmap_agrees 
-------------+---------------
         270 | t
(1 row)

DROP TABLE dvk_bm, dvk_heap;
-- the FUSED pass (the section (4) pattern): both keys are borrowed as the
-- fused scan's gate, and no returned row violates either bound
SET enable_seqscan = off;
SET enable_bitmapscan = off;
EXPLAIN (COSTS OFF)
SELECT id FROM dvk
 WHERE body @@@ 'common'::wquery AND price > 10 AND price < 20
 ORDER BY fuse(body <=> 'common'::wquery, emb <#> '[1,1,1,1]'::wvec) LIMIT 50;
                                                     QUERY PLAN                                                     
--------------------------------------------------------------------------------------------------------------------
 Limit
   ->  Index Scan using dvk_w on dvk
         Index Cond: ((body @@@ '''common'''::wquery) AND (price > 10) AND (price < 20))
         Order By: ((body <=> '''common'''::wquery) AND (emb <#> '[1,1,1,1]'::wvec) AND (body <~> '{1,1}'::real[]))
(4 rows)

CREATE TEMP TABLE dvk_gated AS
SELECT id FROM dvk
 WHERE body @@@ 'common'::wquery AND price > 10 AND price < 20
 ORDER BY fuse(body <=> 'common'::wquery, emb <#> '[1,1,1,1]'::wvec) LIMIT 50;
RESET enable_seqscan;
RESET enable_bitmapscan;
SELECT count(*) AS fused_rows FROM dvk_gated;
 fused_rows 
------------
         50
(1 row)

SELECT count(*) AS fused_rows_failing_range
  FROM dvk_gated JOIN dvk USING (id)
 WHERE NOT (dvk.price > 10 AND dvk.price < 20);
 fused_rows_failing_range 
--------------------------
                        0
(1 row)

DROP TABLE dvk_gated;
DROP TABLE dvk;
-- the TEXT domain: a two-key range on a text_docval_ops column
CREATE TABLE dvkt (id int, body wdoc, cat text COLLATE "C");
INSERT INTO dvkt
SELECT g, to_wdoc('common w' || (g % 7)),
       CASE WHEN g % 19 = 0 THEN NULL
            ELSE 'c' || lpad((g % 40)::text, 2, '0') END
FROM generate_series(1, 2000) g;
CREATE INDEX dvkt_w ON dvkt USING weave (body wdoc_lex_ops, cat text_docval_ops);
ANALYZE dvkt;
SET enable_seqscan = off;
SET enable_bitmapscan = off;
EXPLAIN (COSTS OFF) SELECT id FROM dvkt WHERE cat >= 'c10' AND cat < 'c20';
                          QUERY PLAN                          
--------------------------------------------------------------
 Index Scan using dvkt_w on dvkt
   Index Cond: ((cat >= 'c10'::text) AND (cat < 'c20'::text))
(2 rows)

RESET enable_seqscan;
RESET enable_bitmapscan;
SELECT dvs_agree('dvkt', $$cat >= 'c10' AND cat < 'c20'$$)  AS text_range_agrees,
       dvs_agree('dvkt', $$cat > 'c20' AND cat < 'c10'$$)   AS text_empty_agrees,
       dvs_agree('dvkt', $$cat >= 'c10' AND cat <= 'c10'$$) AS text_point_agrees;
 text_range_agrees | text_empty_agrees | text_point_agrees 
-------------------+-------------------+-------------------
 t                 | t                 | t
(1 row)

DROP TABLE dvkt;
DROP FUNCTION dvs_agree(text, text);
-- ---------------------------------------------------------------------------
-- 12. a docvalues key on an ORDERING scan the gate does not feed
-- (doc/GAPS.md G55).  `WHERE price < c ORDER BY body <=> q` plans as ONE Index
-- Scan with the price key in the Index Cond, but the BM25 ranking pass never
-- consults the docvalues gate; the executor re-evaluates an Index Cond only
-- when the AM asks (xs_recheck), and before the fix this returned every row
-- the ranking reached -- 2400 of 3000 violating the predicate.  The answer is
-- the same SET as the heap's, and no returned row violates the predicate.
-- ---------------------------------------------------------------------------
CREATE TABLE dvo (id int, body wdoc, price int8, cat text COLLATE "C");
INSERT INTO dvo
SELECT g, to_wdoc('common w' || (g % 7)), g % 100, 'c' || lpad((g % 40)::text, 2, '0')
FROM generate_series(1, 3000) g;
CREATE INDEX dvo_p ON dvo USING weave (body wdoc_lex_ops, price int8_docval_ops);
ANALYZE dvo;
SET enable_seqscan = off;
SET enable_bitmapscan = off;
EXPLAIN (COSTS OFF)
SELECT id FROM dvo WHERE price < 20 ORDER BY body <=> 'common'::wquery LIMIT 5000;
                    QUERY PLAN                     
---------------------------------------------------
 Limit
   ->  Index Scan using dvo_p on dvo
         Index Cond: (price < 20)
         Order By: (body <=> '''common'''::wquery)
(4 rows)

CREATE TEMP TABLE dvo_r AS
SELECT id, price FROM dvo WHERE price < 20 ORDER BY body <=> 'common'::wquery LIMIT 5000;
RESET enable_seqscan;
RESET enable_bitmapscan;
SELECT count(*) AS ordered_rows,
       count(*) FILTER (WHERE price >= 20) AS ordered_rows_violating,
       (SELECT count(*) FROM dvo WHERE price < 20) AS heap_rows
  FROM dvo_r;
 ordered_rows | ordered_rows_violating | heap_rows 
--------------+------------------------+-----------
          600 |                      0 |       600
(1 row)

DROP TABLE dvo_r;
DROP INDEX dvo_p;
-- the same on a text facet
CREATE INDEX dvo_c ON dvo USING weave (body wdoc_lex_ops, cat text_docval_ops);
SET enable_seqscan = off;
SET enable_bitmapscan = off;
CREATE TEMP TABLE dvo_r AS
SELECT id, cat FROM dvo WHERE cat < 'c05' ORDER BY body <=> 'common'::wquery LIMIT 5000;
RESET enable_seqscan;
RESET enable_bitmapscan;
SELECT count(*) AS ordered_rows,
       count(*) FILTER (WHERE cat >= 'c05') AS ordered_rows_violating,
       (SELECT count(*) FROM dvo WHERE cat < 'c05') AS heap_rows
  FROM dvo_r;
 ordered_rows | ordered_rows_violating | heap_rows 
--------------+------------------------+-----------
          375 |                      0 |       375
(1 row)

DROP TABLE dvo_r;
DROP TABLE dvo;
-- ---------------------------------------------------------------------------
-- 13. keys the scan does not honour are rechecked (doc/GAPS.md G56) and
-- deleted docvalues do not leak (G57).
--
-- G56: an Index Scan re-evaluates an Index Cond only when the AM asks
-- (xs_recheck).  Two shapes were dropped with no recheck: a restriction `@@@`
-- beside a DIFFERENT `<=>` query (the ORDER BY dispatch overwrote the
-- restriction query -- measured 1000 rows returned, every one violating), and
-- a SECOND `@@@` key (it reached only a flag the lexical routes never read --
-- measured 1000 rows for a 1-row answer).  Each answer below is compared with
-- the heap's, and the violating count must be zero.  An `<=>` ordering scan
-- emits only rows its ORDER BY query ranks, so `@@@ 'alpha' ORDER BY <=> 'beta'`
-- (no row holds both) is correct at zero rows, and the ORDER BY 'common' form
-- is the one whose count is the heap's.
--
-- G57: a bolt's docvalues store keeps a deleted row's value; after VACUUM frees
-- the slot and an INSERT reuses the TID, the stale value was reported for the
-- new tuple (measured: `price < 50` 932 rows via the index, 500 on the heap).
-- The nested-loop rescans at the end also exercise the G59 frees: every outer
-- row rescans the inner index scan, which releases the previous match set.
-- Alpha rows are the even ids.
-- ---------------------------------------------------------------------------
CREATE TABLE pr (id int, body wdoc, price int8);
INSERT INTO pr
SELECT g,
       to_wdoc(CASE WHEN g % 2 = 0 THEN 'alpha' ELSE 'beta' END || ' common w' || g),
       g % 100
FROM generate_series(1, 2000) g;
CREATE INDEX pr_w ON pr USING weave (body wdoc_lex_ops, price int8_docval_ops);
ANALYZE pr;
-- G56a: a restriction `@@@` beside an ordering `<=>` over another query.
-- other_query_rows used to be 0 against heap_rows 1000: no 'alpha' row
-- matches 'beta', and the ordering scan emitted only rows its ORDER BY query
-- ranks.  Since the G56 padding phase it emits the rest of the table after the
-- ranked rows, so the answer equals the heap's.
SET enable_seqscan = off;
SET enable_bitmapscan = off;
EXPLAIN (COSTS OFF)
SELECT id FROM pr WHERE body @@@ 'alpha'::wquery
ORDER BY body <=> 'beta'::wquery LIMIT 5000;
                     QUERY PLAN                     
----------------------------------------------------
 Limit
   ->  Index Scan using pr_w on pr
         Index Cond: (body @@@ '''alpha'''::wquery)
         Order By: (body <=> '''beta'''::wquery)
(4 rows)

CREATE TEMP TABLE pr_r AS
SELECT id FROM pr WHERE body @@@ 'alpha'::wquery
ORDER BY body <=> 'beta'::wquery LIMIT 5000;
CREATE TEMP TABLE pr_c AS
SELECT id FROM pr WHERE body @@@ 'alpha'::wquery
ORDER BY body <=> 'common'::wquery LIMIT 5000;
-- the flagship shape (the same query on both sides) keeps its answer
CREATE TEMP TABLE pr_s AS
SELECT id FROM pr WHERE body @@@ 'alpha'::wquery
ORDER BY body <=> 'alpha'::wquery LIMIT 5000;
RESET enable_seqscan;
RESET enable_bitmapscan;
SELECT (SELECT count(*) FROM pr_r) AS other_query_rows,
       (SELECT count(*) FROM pr_r WHERE id % 2 = 1) AS other_query_violating,
       (SELECT count(*) FROM pr_c) AS common_rows,
       (SELECT count(*) FROM pr_c WHERE id % 2 = 1) AS common_violating,
       (SELECT count(*) FROM pr_s) AS same_query_rows,
       (SELECT count(*) FROM pr_s WHERE id % 2 = 1) AS same_query_violating,
       (SELECT count(*) FROM pr WHERE id % 2 = 0) AS heap_rows;
 other_query_rows | other_query_violating | common_rows | common_violating | same_query_rows | same_query_violating | heap_rows 
------------------+-----------------------+-------------+------------------+-----------------+----------------------+-----------
             1000 |                     0 |        1000 |                0 |            1000 |                    0 |      1000
(1 row)

DROP TABLE pr_r, pr_c, pr_s;
-- G56b: two `@@@` keys on one scan -- plain Index Scan, then bitmap
SET enable_seqscan = off;
SET enable_bitmapscan = off;
EXPLAIN (COSTS OFF)
SELECT count(*) FROM pr WHERE body @@@ 'alpha'::wquery AND body @@@ 'w10'::wquery;
                                      QUERY PLAN                                       
---------------------------------------------------------------------------------------
 Aggregate
   ->  Index Scan using pr_w on pr
         Index Cond: ((body @@@ '''alpha'''::wquery) AND (body @@@ '''w10'''::wquery))
(3 rows)

SELECT count(*) AS two_keys_index
  FROM pr WHERE body @@@ 'alpha'::wquery AND body @@@ 'w10'::wquery;
 two_keys_index 
----------------
              1
(1 row)

SELECT count(*) AS two_keys_and_price_index
  FROM pr WHERE body @@@ 'alpha'::wquery AND body @@@ 'w10'::wquery AND price < 50;
 two_keys_and_price_index 
--------------------------
                        1
(1 row)

SET enable_indexscan = off;
RESET enable_bitmapscan;
SELECT count(*) AS two_keys_bitmap
  FROM pr WHERE body @@@ 'alpha'::wquery AND body @@@ 'w10'::wquery;
 two_keys_bitmap 
-----------------
               1
(1 row)

RESET enable_seqscan;
SET enable_bitmapscan = off;
SELECT count(*) AS two_keys_heap
  FROM pr WHERE body @@@ 'alpha'::wquery AND body @@@ 'w10'::wquery;
 two_keys_heap 
---------------
             1
(1 row)

RESET enable_indexscan;
RESET enable_bitmapscan;
-- G57: delete half, VACUUM (tombstones the docids, frees the heap slots), and
-- re-insert into the freed slots with a value no predicate below admits
DELETE FROM pr WHERE id <= 1000;
DO $$ BEGIN PERFORM pg_temp.wait_for_horizon(); END $$;   -- G60
VACUUM pr;
INSERT INTO pr
SELECT g,
       to_wdoc(CASE WHEN g % 2 = 0 THEN 'alpha' ELSE 'beta' END || ' common w' || g),
       999
FROM generate_series(2001, 3000) g;
SET enable_seqscan = off;
SET enable_bitmapscan = off;
EXPLAIN (COSTS OFF)
SELECT count(*) FROM pr WHERE price < 50::int8;
                 QUERY PLAN                 
--------------------------------------------
 Aggregate
   ->  Index Scan using pr_w on pr
         Index Cond: (price < '50'::bigint)
(3 rows)

SELECT count(*) AS after_reuse_index FROM pr WHERE price < 50::int8;
 after_reuse_index 
-------------------
               500
(1 row)

SELECT count(*) AS after_reuse_lex_index
  FROM pr WHERE body @@@ 'common'::wquery AND price < 50::int8;
 after_reuse_lex_index 
-----------------------
                   500
(1 row)

SET enable_indexscan = off;
RESET enable_bitmapscan;
SELECT count(*) AS after_reuse_bitmap FROM pr WHERE price < 50::int8;
 after_reuse_bitmap 
--------------------
                500
(1 row)

RESET enable_seqscan;
SET enable_bitmapscan = off;
SELECT count(*) AS after_reuse_heap FROM pr WHERE price < 50::int8;
 after_reuse_heap 
------------------
              500
(1 row)

SELECT count(*) AS after_reuse_lex_heap
  FROM pr WHERE body @@@ 'common'::wquery AND price < 50::int8;
 after_reuse_lex_heap 
----------------------
                  500
(1 row)

RESET enable_indexscan;
RESET enable_bitmapscan;
-- nested-loop rescans with a docvalues key, alone and ANDed with `@@@`: the
-- inner scan is rescanned once per k, and every k must agree with the heap
SET enable_seqscan = off;
SET enable_bitmapscan = off;
EXPLAIN (COSTS OFF)
SELECT k, c.n FROM generate_series(1, 20) k,
       LATERAL (SELECT count(*) AS n FROM pr WHERE price < k) c;
                QUERY PLAN                
------------------------------------------
 Nested Loop
   ->  Function Scan on generate_series k
   ->  Aggregate
         ->  Index Scan using pr_w on pr
               Index Cond: (price < k.k)
(5 rows)

CREATE TEMP TABLE pr_ni AS
SELECT k, c.n, c2.n AS n2 FROM generate_series(1, 20) k,
       LATERAL (SELECT count(*) AS n FROM pr WHERE price < k) c,
       LATERAL (SELECT count(*) AS n FROM pr
                 WHERE body @@@ 'alpha'::wquery AND price < k) c2;
SET enable_indexscan = off;
RESET enable_bitmapscan;
CREATE TEMP TABLE pr_nb AS
SELECT k, c.n, c2.n AS n2 FROM generate_series(1, 20) k,
       LATERAL (SELECT count(*) AS n FROM pr WHERE price < k) c,
       LATERAL (SELECT count(*) AS n FROM pr
                 WHERE body @@@ 'alpha'::wquery AND price < k) c2;
RESET enable_seqscan;
SET enable_bitmapscan = off;
CREATE TEMP TABLE pr_nh AS
SELECT k, c.n, c2.n AS n2 FROM generate_series(1, 20) k,
       LATERAL (SELECT count(*) AS n FROM pr WHERE price < k) c,
       LATERAL (SELECT count(*) AS n FROM pr
                 WHERE body @@@ 'alpha'::wquery AND price < k) c2;
RESET enable_indexscan;
RESET enable_bitmapscan;
SELECT (SELECT count(*) FROM pr_nh) AS outer_rows,
       (SELECT count(*) FROM (SELECT * FROM pr_ni EXCEPT SELECT * FROM pr_nh) d)
           AS index_disagreements,
       (SELECT count(*) FROM (SELECT * FROM pr_nb EXCEPT SELECT * FROM pr_nh) d)
           AS bitmap_disagreements,
       (SELECT sum(n) FROM pr_nh) AS heap_total;
 outer_rows | index_disagreements | bitmap_disagreements | heap_total 
------------+---------------------+----------------------+------------
         20 |                   0 |                    0 |       2100
(1 row)

DROP TABLE pr_ni, pr_nb, pr_nh;
DROP TABLE pr;
-- a cgram `@~` key beside an ordering `<=>`: no ranking pass consults the
-- pattern, so it is rechecked (G56).  sql/cgram.sql's index shape.
CREATE TABLE prg (id int, d wdoc, body text);
INSERT INTO prg
SELECT g, to_wdoc('simple', b), b
FROM (SELECT g, CASE WHEN g % 2 = 0 THEN 'alpha' ELSE 'beta' END
                || ' common w' || g AS b
        FROM generate_series(1, 2000) g) s;
CREATE INDEX prg_idx ON prg USING weave (d, body gram_ops);
ANALYZE prg;
SET enable_seqscan = off;
SET enable_bitmapscan = off;
EXPLAIN (COSTS OFF)
SELECT id FROM prg WHERE body @~ '%alpha%'
ORDER BY d <=> 'common'::wquery LIMIT 5000;
                   QUERY PLAN                   
------------------------------------------------
 Limit
   ->  Index Scan using prg_idx on prg
         Index Cond: (body @~ '%alpha%'::text)
         Order By: (d <=> '''common'''::wquery)
(4 rows)

CREATE TEMP TABLE prg_r AS
SELECT id FROM prg WHERE body @~ '%alpha%'
ORDER BY d <=> 'common'::wquery LIMIT 5000;
RESET enable_seqscan;
RESET enable_bitmapscan;
SELECT count(*) AS cgram_ordered_rows,
       count(*) FILTER (WHERE id % 2 = 1) AS cgram_ordered_violating,
       (SELECT count(*) FROM prg WHERE body LIKE '%alpha%') AS heap_rows
  FROM prg_r;
 cgram_ordered_rows | cgram_ordered_violating | heap_rows 
--------------------+-------------------------+-----------
               1000 |                       0 |      1000
(1 row)

DROP TABLE prg_r;
DROP TABLE prg;
-- ---------------------------------------------------------------------------
-- 14. the remaining routes a restriction key reaches (review of G55/G56):
-- a docvalues key beside a VECTOR `<#>` ordering and an EDIT-DISTANCE `<@>`
-- ordering (the recheck chain's final arm), a TEXT docvalues key on the bitmap
-- route, two `@@@` keys under a fused ORDER BY, and two `@~` keys.  Each is
-- compared with the heap: index rows outside the heap answer must be zero,
-- and where the ordering ranks every row the counts must match too.
-- ---------------------------------------------------------------------------
CREATE TABLE rk (id int, body wdoc, emb wvec(4), price int8, cat text, raw text);
INSERT INTO rk
SELECT g,
       to_wdoc('simple', CASE WHEN g % 2 = 0 THEN 'alpha' ELSE 'beta' END
                         || ' common w' || g),
       ('[' || (g % 13) || ',' || (g % 7) || ',' || (g % 5) || ',1]')::wvec,
       g % 100,
       'c' || lpad((g % 40)::text, 2, '0'),
       CASE WHEN g % 2 = 0 THEN 'alpha' ELSE 'beta' END || ' common w' || g
FROM generate_series(1, 2000) g;
-- one docvalues column per index in this version, and one weave index per
-- table keeps the plan unambiguous: the text key and the cgram keys get their
-- own copies of the same rows
CREATE TABLE rkt AS SELECT id, body, cat FROM rk;
CREATE TABLE rkg AS SELECT id, body, raw FROM rk;
CREATE INDEX rk_w ON rk USING weave (body wdoc_lex_ops, emb, price int8_docval_ops)
    WITH (metric = ip);
CREATE INDEX rkt_w ON rkt USING weave (body wdoc_lex_ops, cat text_docval_ops);
CREATE INDEX rkg_w ON rkg USING weave (body, raw gram_ops);
ANALYZE rk;
ANALYZE rkt;
ANALYZE rkg;
SET enable_seqscan = off;
SET enable_bitmapscan = off;
-- vector `<#>` ranks every row, so the answer is exactly the heap's
EXPLAIN (COSTS OFF)
SELECT id FROM rk WHERE price < 20 ORDER BY emb <#> '[1,1,1,1]'::wvec LIMIT 5000;
                  QUERY PLAN                   
-----------------------------------------------
 Limit
   ->  Index Scan using rk_w on rk
         Index Cond: (price < 20)
         Order By: (emb <#> '[1,1,1,1]'::wvec)
(4 rows)

CREATE TEMP TABLE rk_vec AS
SELECT id FROM rk WHERE price < 20 ORDER BY emb <#> '[1,1,1,1]'::wvec LIMIT 5000;
-- edit-distance `<@>` beside a docvalues key
EXPLAIN (COSTS OFF)
SELECT id FROM rk WHERE price < 20 ORDER BY body <@> 'commn' LIMIT 5000;
                 QUERY PLAN                 
--------------------------------------------
 Limit
   ->  Index Scan using rk_w on rk
         Index Cond: (price < 20)
         Order By: (body <@> 'commn'::text)
(4 rows)

CREATE TEMP TABLE rk_ed AS
SELECT id FROM rk WHERE price < 20 ORDER BY body <@> 'commn' LIMIT 5000;
-- two `@@@` keys under a fused ORDER BY (fusepath borrows the second)
EXPLAIN (COSTS OFF)
SELECT id FROM rk WHERE body @@@ 'alpha'::wquery AND body @@@ 'w10'::wquery
 ORDER BY fuse(body <=> 'common'::wquery, emb <#> '[1,1,1,1]'::wvec) LIMIT 5000;
                                                     QUERY PLAN                                                     
--------------------------------------------------------------------------------------------------------------------
 Limit
   ->  Index Scan using rk_w on rk
         Index Cond: ((body @@@ '''alpha'''::wquery) AND (body @@@ '''w10'''::wquery))
         Order By: ((body <=> '''common'''::wquery) AND (emb <#> '[1,1,1,1]'::wvec) AND (body <~> '{1,1}'::real[]))
(4 rows)

CREATE TEMP TABLE rk_fu AS
SELECT id FROM rk WHERE body @@@ 'alpha'::wquery AND body @@@ 'w10'::wquery
 ORDER BY fuse(body <=> 'common'::wquery, emb <#> '[1,1,1,1]'::wvec) LIMIT 5000;
-- two `@~` keys, plain Index Scan
EXPLAIN (COSTS OFF)
SELECT count(*) FROM rkg WHERE raw @~ '%alpha%' AND raw @~ '%w10%';
                                QUERY PLAN                                 
---------------------------------------------------------------------------
 Aggregate
   ->  Index Scan using rkg_w on rkg
         Index Cond: ((raw @~ '%alpha%'::text) AND (raw @~ '%w10%'::text))
(3 rows)

CREATE TEMP TABLE rk_cg AS
SELECT id FROM rkg WHERE raw @~ '%alpha%' AND raw @~ '%w10%';
-- TEXT docvalues key on the bitmap route, alone and beside `@@@`
SET enable_indexscan = off;
RESET enable_bitmapscan;
EXPLAIN (COSTS OFF)
SELECT count(*) FROM rkt WHERE body @@@ 'alpha'::wquery AND cat < 'c10';
                                     QUERY PLAN                                     
------------------------------------------------------------------------------------
 Aggregate
   ->  Bitmap Heap Scan on rkt
         Recheck Cond: ((body @@@ '''alpha'''::wquery) AND (cat < 'c10'::text))
         ->  Bitmap Index Scan on rkt_w
               Index Cond: ((body @@@ '''alpha'''::wquery) AND (cat < 'c10'::text))
(5 rows)

CREATE TEMP TABLE rk_bt AS
SELECT id FROM rkt WHERE body @@@ 'alpha'::wquery AND cat < 'c10';
CREATE TEMP TABLE rk_bt2 AS
SELECT id FROM rkt WHERE cat >= 'c10' AND cat <= 'c12';
RESET enable_indexscan;
RESET enable_seqscan;
SET enable_indexscan = off;
SET enable_bitmapscan = off;
CREATE TEMP TABLE rk_h AS
SELECT id,
       price < 20 AS p20,
       body @@@ 'alpha'::wquery AND body @@@ 'w10'::wquery AS two_lex,
       raw LIKE '%alpha%' AND raw LIKE '%w10%' AS two_gram,
       body @@@ 'alpha'::wquery AND cat < 'c10' AS lex_text,
       cat >= 'c10' AND cat <= 'c12' AS text_range
  FROM rk;
RESET enable_indexscan;
RESET enable_bitmapscan;
SELECT (SELECT count(*) FROM rk_vec) AS vec_rows,
       (SELECT count(*) FROM rk_vec JOIN rk_h USING (id) WHERE NOT p20) AS vec_violating,
       (SELECT count(*) FROM rk_ed JOIN rk_h USING (id) WHERE NOT p20) AS ed_violating,
       (SELECT count(*) FROM rk_ed) <= (SELECT count(*) FROM rk_h WHERE p20) AS ed_within,
       (SELECT count(*) FROM rk_fu) AS fu_rows,
       (SELECT count(*) FROM rk_fu JOIN rk_h USING (id) WHERE NOT two_lex) AS fu_violating,
       (SELECT count(*) FROM rk_cg) AS cg_rows,
       (SELECT count(*) FROM rk_cg JOIN rk_h USING (id) WHERE NOT two_gram) AS cg_violating,
       (SELECT count(*) FROM rk_bt) AS bt_rows,
       (SELECT count(*) FROM rk_bt JOIN rk_h USING (id) WHERE NOT lex_text) AS bt_violating,
       (SELECT count(*) FROM rk_bt2) AS bt2_rows,
       (SELECT count(*) FROM rk_bt2 JOIN rk_h USING (id) WHERE NOT text_range) AS bt2_violating;
 vec_rows | vec_violating | ed_violating | ed_within | fu_rows | fu_violating | cg_rows | cg_violating | bt_rows | bt_violating | bt2_rows | bt2_violating 
----------+---------------+--------------+-----------+---------+--------------+---------+--------------+---------+--------------+----------+---------------
      400 |             0 |            0 | t         |       1 |            0 |      56 |            0 |     250 |            0 |      150 |             0
(1 row)

SELECT count(*) FILTER (WHERE p20) AS heap_p20,
       count(*) FILTER (WHERE two_lex) AS heap_two_lex,
       count(*) FILTER (WHERE two_gram) AS heap_two_gram,
       count(*) FILTER (WHERE lex_text) AS heap_lex_text,
       count(*) FILTER (WHERE text_range) AS heap_text_range
  FROM rk_h;
 heap_p20 | heap_two_lex | heap_two_gram | heap_lex_text | heap_text_range 
----------+--------------+---------------+---------------+-----------------
      400 |            1 |            56 |           250 |             150
(1 row)

DROP TABLE rk_vec, rk_ed, rk_fu, rk_cg, rk_bt, rk_bt2, rk_h;
DROP TABLE rk, rkt, rkg;
-- ---------------------------------------------------------------------------
-- 15. text docvalues through the PENDING buffer, the FLUSH, and several bolts
-- (doc/plans/2026-09-28-docvals-text-slice.md task 4).  A post-build INSERT on
-- a text_docval_ops index carries its value in the pending item as
-- `0x01 || bytes` (plan decision 5: '' is dvlen 1, NULL is dvlen 0), the scan
-- compares it with the key under the column collation, and a VACUUM flushes it
-- into a new bolt with its own dictionary.  The inserted values are new to the
-- build's dictionary on purpose: one below every build value ('a'), one between
-- two of them ('m05x'), '' (the build has none), NULL, one equal to a build
-- value ('m10'), a 3000-byte value (still pending) and a 20000-byte value,
-- which cannot fit a pending page once its docval trailer is counted and so
-- takes the oversized path (a one-document bolt of its own).
--
-- Every agreement is the index answer against the heap answer as a SET, on
-- the plain Index Scan AND the bitmap route, for all five strategies and
-- constants below all (''/'A'), between ('m055'), equal to a pending value
-- ('m05x'), equal to a build value ('m10'), between the two long values
-- ('yz'), equal to the long pending value, and above all ('~').  It is checked
-- three times: pending (+ the oversized bolt), after the flush, and after a
-- second INSERT + flush, when four bolts hold four different dictionaries --
-- the same string ('m10', '') has a different ordinal in each, so a bound
-- computed once and reused across bolts disagrees with the heap.
-- ---------------------------------------------------------------------------
CREATE TABLE dvx (id int, body wdoc, cat text COLLATE "C")
    WITH (autovacuum_enabled = off);
INSERT INTO dvx
SELECT g, to_wdoc('common doc ' || (g % 5)),
       CASE WHEN g % 17 = 0 THEN NULL
            ELSE 'm' || lpad((g % 30)::text, 2, '0') END
FROM generate_series(1, 600) g;
CREATE INDEX dvx_w ON dvx USING weave (body wdoc_lex_ops, cat text_docval_ops);
ANALYZE dvx;
SELECT weave_index_nsegments('dvx_w') = 1 AS one_build_segment;
 one_build_segment 
-------------------
 t
(1 row)

-- post-build INSERTs: all but the 20000-byte one are pending
INSERT INTO dvx VALUES
  (10001, to_wdoc('zebra special report'), 'a'),
  (10002, to_wdoc('zebra special report'), 'm05x'),
  (10003, to_wdoc('zebra special report'), ''),
  (10004, to_wdoc('zebra special report'), NULL),
  (10005, to_wdoc('zebra special report'), 'm10'),
  (10006, to_wdoc('zebra special report'), repeat('z', 3000)),
  (10007, to_wdoc('zebra special report'), repeat('y', 20000));
-- POSITIVE CONTROL for the size routing: exactly one new bolt, the oversized
-- row's; the other six are pending
SELECT weave_index_nsegments('dvx_w') = 2 AS oversized_row_is_own_segment;
 oversized_row_is_own_segment 
------------------------------
 t
(1 row)

CREATE OR REPLACE FUNCTION dvx_bad(pred text) RETURNS bigint
LANGUAGE plpgsql AS $$
DECLARE
    n_bad bigint;
BEGIN
    EXECUTE 'SET LOCAL enable_seqscan = off';
    EXECUTE 'SET LOCAL enable_bitmapscan = off';
    EXECUTE 'SET LOCAL enable_indexscan = on';
    EXECUTE format('CREATE TEMP TABLE dvx_i AS SELECT id FROM dvx WHERE %s', pred);
    EXECUTE 'SET LOCAL enable_indexscan = off';
    EXECUTE 'SET LOCAL enable_bitmapscan = on';
    EXECUTE format('CREATE TEMP TABLE dvx_b AS SELECT id FROM dvx WHERE %s', pred);
    EXECUTE 'SET LOCAL enable_bitmapscan = off';
    EXECUTE 'SET LOCAL enable_seqscan = on';
    EXECUTE format('CREATE TEMP TABLE dvx_s AS SELECT id FROM dvx WHERE %s', pred);
    SELECT count(*) INTO n_bad FROM (
        SELECT id FROM dvx_i EXCEPT SELECT id FROM dvx_s
        UNION ALL
        SELECT id FROM dvx_s EXCEPT SELECT id FROM dvx_i
        UNION ALL
        SELECT id FROM dvx_b EXCEPT SELECT id FROM dvx_s
        UNION ALL
        SELECT id FROM dvx_s EXCEPT SELECT id FROM dvx_b
    ) d;
    DROP TABLE dvx_i;
    DROP TABLE dvx_b;
    DROP TABLE dvx_s;
    RETURN n_bad;
END;
$$;
CREATE TEMP TABLE dvx_cases (pred text);
INSERT INTO dvx_cases
SELECT format('cat %s %L', o.op, k.k)
  FROM (VALUES ('<'), ('<='), ('='), ('>='), ('>')) o(op),
       (VALUES (''), ('A'), ('m055'), ('m05x'), ('m10'), ('yz'),
               (repeat('z', 3000)), ('~')) k(k);
-- the conjunction with the lexical channel, which matches the pending rows
-- from the pending pages (the G52 shape)
INSERT INTO dvx_cases VALUES
  ($$body @@@ 'zebra'::wquery AND cat < 'm10'$$),
  ($$body @@@ 'zebra'::wquery AND cat >= ''$$),
  ($$body @@@ 'zebra'::wquery AND cat = 'm10'$$);
-- plan shape: the index arm really runs the gate, on both routes
SET enable_seqscan = off;
SET enable_bitmapscan = off;
EXPLAIN (COSTS OFF) SELECT id FROM dvx WHERE cat < 'm10';
            QUERY PLAN             
-----------------------------------
 Index Scan using dvx_w on dvx
   Index Cond: (cat < 'm10'::text)
(2 rows)

SET enable_indexscan = off;
RESET enable_bitmapscan;
EXPLAIN (COSTS OFF) SELECT id FROM dvx WHERE cat < 'm10';
               QUERY PLAN                
-----------------------------------------
 Bitmap Heap Scan on dvx
   Recheck Cond: (cat < 'm10'::text)
   ->  Bitmap Index Scan on dvx_w
         Index Cond: (cat < 'm10'::text)
(4 rows)

RESET enable_indexscan;
-- POSITIVE CONTROL: the pending rows ARE in the index answers (NULL in none of
-- them, '' a real value below 'a'), and the long values are found by value
SET enable_bitmapscan = off;
SELECT (SELECT array_agg(id ORDER BY id) FROM dvx
         WHERE cat <= 'm05x' AND id > 10000) AS pending_le_m05x,
       (SELECT array_agg(id ORDER BY id) FROM dvx
         WHERE cat = '' AND id > 10000) AS pending_eq_empty,
       (SELECT array_agg(id ORDER BY id) FROM dvx
         WHERE cat > 'x' AND id > 10000) AS inserted_gt_x,
       (SELECT array_agg(id ORDER BY id) FROM dvx
         WHERE cat = repeat('y', 20000)) AS oversized_eq,
       (SELECT count(*) FROM dvx WHERE cat = 'm10') AS eq_m10;
   pending_le_m05x   | pending_eq_empty | inserted_gt_x | oversized_eq | eq_m10 
---------------------+------------------+---------------+--------------+--------
 {10001,10002,10003} | {10003}          | {10006,10007} | {10007}      |     20
(1 row)

RESET enable_seqscan;
RESET enable_bitmapscan;
CREATE TEMP TABLE dvx_res AS
SELECT 'pending' AS phase, pred, dvx_bad(pred) AS bad FROM dvx_cases;
-- FLUSH: VACUUM drains the pending buffer into a new bolt whose dictionary is
-- built from the pending items' bytes
CREATE TEMP TABLE dvx_nseg AS SELECT weave_index_nsegments('dvx_w') AS n;
VACUUM dvx;
SELECT weave_index_nsegments('dvx_w') > (SELECT n FROM dvx_nseg)
       AS flush_made_segment;
 flush_made_segment 
--------------------
 t
(1 row)

INSERT INTO dvx_res
SELECT 'flushed', pred, dvx_bad(pred) FROM dvx_cases;
SELECT count(*) AS violations FROM weave_check('dvx_w', true) WHERE NOT ok;
 violations 
------------
          0
(1 row)

-- a SECOND flushed bolt with an overlapping but different value set, so 'm10'
-- and '' sit at different ordinals in each of the four bolts
INSERT INTO dvx
SELECT 20000 + g, to_wdoc('zebra second batch'),
       CASE WHEN g % 10 = 0 THEN NULL
            WHEN g % 10 = 1 THEN ''
            WHEN g % 10 = 2 THEN 'm10'
            ELSE 'b' || lpad(g::text, 2, '0') END
FROM generate_series(1, 40) g;
UPDATE dvx_nseg SET n = weave_index_nsegments('dvx_w');
VACUUM dvx;
-- POSITIVE CONTROL: several bolts really coexist (build, oversized, two
-- flushes), so the per-bolt bounds are exercised rather than one merged bolt
SELECT weave_index_nsegments('dvx_w') > (SELECT n FROM dvx_nseg)
       AS second_flush_made_segment,
       weave_index_nsegments('dvx_w') = 4 AS four_bolts;
 second_flush_made_segment | four_bolts 
---------------------------+------------
 t                         | t
(1 row)

INSERT INTO dvx_cases VALUES ('cat < ''b20'''), ('cat = ''b05''');
INSERT INTO dvx_res
SELECT 'multi', pred, dvx_bad(pred) FROM dvx_cases;
SELECT count(*) AS violations FROM weave_check('dvx_w', true) WHERE NOT ok;
 violations 
------------
          0
(1 row)

-- MERGE (task 5).  DELETE rows from every bolt -- the build, the oversized
-- bolt, both flushes -- then VACUUM (tombstones) and weave_merge(), which
-- collapses the four bolts into one whose dictionary is the UNION of four.
-- Every surviving string gets a NEW ordinal there, so a merge that carried an
-- input's ordinal instead of its bytes answers against the wrong strings.
-- POSITIVE CONTROL: the bolt count really drops to one, and the deep check's
-- dictionary-order row names the one merged store and its entry count.
DELETE FROM dvx WHERE id % 7 = 3 OR id IN (10002, 10007, 20012);
VACUUM dvx;
UPDATE dvx_nseg SET n = weave_index_nsegments('dvx_w');
SELECT weave_merge('dvx_w') AS merged;
 merged 
--------
 t
(1 row)

SELECT (SELECT n FROM dvx_nseg) > 1 AS several_bolts_before_merge,
       weave_index_nsegments('dvx_w') = 1 AS one_bolt_after_merge;
 several_bolts_before_merge | one_bolt_after_merge 
----------------------------+----------------------
 t                          | t
(1 row)

INSERT INTO dvx_res
SELECT 'merged', pred, dvx_bad(pred) FROM dvx_cases;
SELECT count(*) AS violations FROM weave_check('dvx_w', true) WHERE NOT ok;
 violations 
------------
          0
(1 row)

SELECT detail FROM weave_check('dvx_w', true)
 WHERE invariant = 'docvals_dictionary_ascending';
                 detail                 
----------------------------------------
 1 text store(s), 56 dictionary entries
(1 row)

SELECT phase, count(*) AS ncases, count(*) FILTER (WHERE bad <> 0) AS ndisagree
  FROM dvx_res GROUP BY phase ORDER BY phase;
  phase  | ncases | ndisagree 
---------+--------+-----------
 flushed |     43 |         0
 merged  |     45 |         0
 multi   |     45 |         0
 pending |     43 |         0
(4 rows)

SELECT phase, left(pred, 40) AS disagreeing_pred, bad
  FROM dvx_res WHERE bad <> 0 ORDER BY phase, pred;
 phase | disagreeing_pred | bad 
-------+------------------+-----
(0 rows)

DROP TABLE dvx;
-- ---------------------------------------------------------------------------
-- 16. the text merge under two SEGMENT SHAPES (AGENTS.md hard rule 16).  The
-- merged dictionary depends on which strings live in which bolt, so the merge
-- is exercised with the two extremes: every value in the inserted bolts NEW
-- (interleaved between the build's values, so every build string's ordinal
-- shifts in the union), and every value SHARED with the build (the same
-- strings, held by each bolt as a different subset, so they sit at different
-- ordinals in each input and at yet another in the union).  Both must agree
-- with the heap for every strategy, on both routes, after the merge.
-- ---------------------------------------------------------------------------
TRUNCATE dvx_res;
DELETE FROM dvx_cases;
INSERT INTO dvx_cases
SELECT format('cat %s %L', o.op, k.k)
  FROM (VALUES ('<'), ('<='), ('='), ('>='), ('>')) o(op),
       (VALUES (''), ('m00'), ('m03'), ('m03a'), ('m045'), ('m10'), ('m10b'),
               ('m27'), ('m29b'), ('n'), ('~')) k(k);
-- shape A: all-new values
CREATE TABLE dvx (id int, body wdoc, cat text COLLATE "C")
    WITH (autovacuum_enabled = off);
INSERT INTO dvx
SELECT g, to_wdoc('common doc ' || (g % 5)),
       CASE WHEN g % 13 = 0 THEN NULL
            ELSE 'm' || lpad((g % 30)::text, 2, '0') END
FROM generate_series(1, 300) g;
CREATE INDEX dvx_w ON dvx USING weave (body wdoc_lex_ops, cat text_docval_ops);
INSERT INTO dvx
SELECT 1000 + g, to_wdoc('zebra second'),
       'm' || lpad((g % 30)::text, 2, '0') || 'a'
FROM generate_series(1, 60) g;
VACUUM dvx;
INSERT INTO dvx
SELECT 2000 + g, to_wdoc('zebra third'),
       CASE WHEN g % 11 = 0 THEN NULL
            ELSE 'm' || lpad((g % 30)::text, 2, '0') || 'b' END
FROM generate_series(1, 60) g;
VACUUM dvx;
SELECT weave_index_nsegments('dvx_w') = 3 AS new_three_bolts;
 new_three_bolts 
-----------------
 t
(1 row)

DELETE FROM dvx WHERE id % 7 = 3;
VACUUM dvx;
SELECT weave_merge('dvx_w') AS new_merged;
 new_merged 
------------
 t
(1 row)

SELECT weave_index_nsegments('dvx_w') = 1 AS new_one_bolt;
 new_one_bolt 
--------------
 t
(1 row)

INSERT INTO dvx_res
SELECT 'shape_new', pred, dvx_bad(pred) FROM dvx_cases;
SELECT count(*) AS new_violations FROM weave_check('dvx_w', true) WHERE NOT ok;
 new_violations 
----------------
              0
(1 row)

DROP TABLE dvx;
-- shape B: all-shared values
CREATE TABLE dvx (id int, body wdoc, cat text COLLATE "C")
    WITH (autovacuum_enabled = off);
INSERT INTO dvx
SELECT g, to_wdoc('common doc ' || (g % 5)),
       CASE WHEN g % 13 = 0 THEN NULL
            ELSE 'm' || lpad((g % 30)::text, 2, '0') END
FROM generate_series(1, 300) g;
CREATE INDEX dvx_w ON dvx USING weave (body wdoc_lex_ops, cat text_docval_ops);
INSERT INTO dvx
SELECT 1000 + g, to_wdoc('zebra second'),
       'm' || lpad(((g % 10) * 3)::text, 2, '0')
FROM generate_series(1, 60) g;
VACUUM dvx;
INSERT INTO dvx
SELECT 2000 + g, to_wdoc('zebra third'),
       CASE WHEN g % 11 = 0 THEN NULL
            ELSE 'm' || lpad(((g % 15) * 2)::text, 2, '0') END
FROM generate_series(1, 60) g;
VACUUM dvx;
SELECT weave_index_nsegments('dvx_w') = 3 AS shared_three_bolts;
 shared_three_bolts 
--------------------
 t
(1 row)

DELETE FROM dvx WHERE id % 7 = 3;
VACUUM dvx;
SELECT weave_merge('dvx_w') AS shared_merged;
 shared_merged 
---------------
 t
(1 row)

SELECT weave_index_nsegments('dvx_w') = 1 AS shared_one_bolt;
 shared_one_bolt 
-----------------
 t
(1 row)

INSERT INTO dvx_res
SELECT 'shape_shared', pred, dvx_bad(pred) FROM dvx_cases;
SELECT count(*) AS shared_violations FROM weave_check('dvx_w', true) WHERE NOT ok;
 shared_violations 
-------------------
                 0
(1 row)

DROP TABLE dvx;
SELECT phase, count(*) AS ncases, count(*) FILTER (WHERE bad <> 0) AS ndisagree
  FROM dvx_res GROUP BY phase ORDER BY phase;
    phase     | ncases | ndisagree 
--------------+--------+-----------
 shape_new    |     55 |         0
 shape_shared |     55 |         0
(2 rows)

SELECT phase, left(pred, 40) AS disagreeing_pred, bad
  FROM dvx_res WHERE bad <> 0 ORDER BY phase, pred;
 phase | disagreeing_pred | bad 
-------+------------------+-----
(0 rows)

DROP FUNCTION dvx_bad(text);
DROP TABLE dvx_res, dvx_cases, dvx_nseg;
-- The other pending readers on a text docvalues index: the cgram (`@~`) and
-- edit-distance (`<@>`) walks decode the same pending items, and each must
-- be told the trailer is text -- told int8 instead, the 0x01 || bytes trailer
-- fails the 8-byte length check and the walk stops reading the page, which
-- would drop every pending row below.  All five inserted rows are pending.
CREATE TABLE dvg (id int, body wdoc, cat text COLLATE "C", raw text)
    WITH (autovacuum_enabled = off);
INSERT INTO dvg
SELECT g, to_wdoc('simple', 'common w' || g), 'm' || (g % 7), 'common w' || g
FROM generate_series(1, 200) g;
CREATE INDEX dvg_w ON dvg USING weave
    (body wdoc_lex_ops, cat text_docval_ops, raw gram_ops);
INSERT INTO dvg
SELECT g, to_wdoc('simple', 'zebra w' || g), 'z' || g, 'zebra w' || g
FROM generate_series(1001, 1005) g;
SELECT weave_index_nsegments('dvg_w') = 1 AS pending_only;
 pending_only 
--------------
 t
(1 row)

SET enable_seqscan = off;
SET enable_bitmapscan = off;
SELECT count(*) AS cgram_pending
  FROM dvg WHERE raw @~ '%zebra%';
 cgram_pending 
---------------
             5
(1 row)

SELECT count(*) AS cgram_pending_and_text
  FROM dvg WHERE raw @~ '%zebra%' AND cat < 'z1003';
 cgram_pending_and_text 
------------------------
                      2
(1 row)

SELECT count(*) FILTER (WHERE id > 1000) AS edist_pending
  FROM (SELECT id FROM dvg ORDER BY body <@> 'zebra' LIMIT 20) t;
 edist_pending 
---------------
             5
(1 row)

RESET enable_seqscan;
RESET enable_bitmapscan;
DROP TABLE dvg;
-- ---------------------------------------------------------------------------
-- 17. a row DELETEd while still PENDING must not survive VACUUM (doc/GAPS.md
-- G69).  bulkdelete tombstoned docids only in segments, so a dead pending row
-- was left alone and vacuumcleanup's flush then folded it into a new bolt: a
-- live index entry for a heap slot VACUUM had freed.  With the heap tail
-- truncated, the index scans below failed with "could not read blocks ...
-- read only 0 of 8192 bytes", the INSERT failed with "page N of relation ...
-- should be empty but is not", and the lexical count returned 2200 for 200.
-- POSITIVE CONTROL that the scenario is the one described: the heap really was
-- truncated (heap_truncated), so a surviving entry would point past EOF.
-- ---------------------------------------------------------------------------
CREATE TABLE dvq (id int, body wdoc, cat text COLLATE "C")
    WITH (autovacuum_enabled = off);
INSERT INTO dvq SELECT g, to_wdoc('common w' || g), 'b' || (g % 10)
  FROM generate_series(1, 200) g;
CREATE INDEX dvq_w ON dvq USING weave (body wdoc_lex_ops, cat text_docval_ops);
INSERT INTO dvq SELECT g, to_wdoc('common w' || g), 'a' || (g % 10)
  FROM generate_series(1001, 3000) g;
CREATE TEMP TABLE dvq_sz AS SELECT pg_relation_size('dvq') / 8192 AS heap_blocks;
DELETE FROM dvq WHERE id > 1000;
VACUUM dvq;
SELECT pg_relation_size('dvq') / 8192 < (SELECT heap_blocks FROM dvq_sz)
       AS heap_truncated;
 heap_truncated 
----------------
 t
(1 row)

SET enable_seqscan = off;
SET enable_bitmapscan = off;
SELECT count(*) AS dead_pending_docvals FROM dvq WHERE cat < 'b';
 dead_pending_docvals 
----------------------
                    0
(1 row)

SELECT count(*) AS lex_common FROM dvq WHERE body @@@ 'common'::wquery;
 lex_common 
------------
        200
(1 row)

SELECT weave_count('dvq_w', 'common') AS weave_count_common;
 weave_count_common 
--------------------
                200
(1 row)

INSERT INTO dvq SELECT g, to_wdoc('zebra w' || g), 'z' || (g % 10)
  FROM generate_series(5001, 5100) g;
SELECT count(*) AS docvals_after_reuse FROM dvq WHERE cat < 'b';
 docvals_after_reuse 
---------------------
                   0
(1 row)

SELECT count(*) AS zebra_after_reuse FROM dvq WHERE body @@@ 'zebra'::wquery;
 zebra_after_reuse 
-------------------
               100
(1 row)

RESET enable_seqscan;
RESET enable_bitmapscan;
SELECT count(*) AS violations FROM weave_check('dvq_w', true) WHERE NOT ok;
 violations 
------------
          0
(1 row)

DROP TABLE dvq, dvq_sz;
