-- F1's owed file, finally meaningful: the five degenerate shapes of
-- doc/specs/FUSED_TOPK.md sect. 4, each asserted against the single-channel path
-- that already exists.
--
-- WHY THIS FILE COULD NOT BE WRITTEN BEFORE F2.2.  sect. 4's table names
-- `sql/fuse_degenerate.sql` as the test for four of its five rows, but until the
-- pushdown existed there was no fused scan to degenerate: every fuse() query was a
-- Sort over the executable fallback (sql/fuse_fallback.sql), and comparing that
-- against the index would have been comparing two different rankings -- see the
-- next paragraph.  The fifth row ("theta never rises") is a property and lives in
-- test/hegel/test_fuse_props.c, which is where it stays.
--
-- WHAT IS ASSERTED, AND WHY IT IS NOT "BYTE-IDENTICAL".  sect. 4's first row says
-- a one-channel fused query is "byte-identical to today's ranked scan".  That
-- claim is retired here rather than tested, on two grounds recorded in sect. 7a (1)
-- and sect. 3a:
--
--   1. FLOAT ADDITION IS NOT ASSOCIATIVE, so a fused score is only well defined
--      once the summation order is.  The fused core sums required channels first
--      and then scored channels by DESCENDING WEIGHTED CEILING; the WAND sums one
--      term at a time in cursor order.  F5 measured 771 of 812,179 comparisons
--      differing in the last ULP the moment the score lattice was made fine.  Two
--      exact implementations, two definitions of one number.
--   2. Where a shape has no fused path at all, the comparison arm is the FALLBACK,
--      whose BM25 is approximate by necessity: weave_distance() outside an index
--      has no corpus, so it uses df = 1 and avgdl = |D|.
--
-- So what each section asserts is the TOP-K AS A SET, compared with
-- array_agg(id ORDER BY id).  That is the claim the degenerate cases actually
-- make -- the fused scan picks the same documents -- and it is falsifiable: a
-- dropped channel, a lost gate or an inverted sign all change the set.
--
-- AND ONE THING THE SET COMPARISON IS NOT PAPERING OVER: the ORDER within the k
-- is deliberately not pinned, because pinning it would need a `, id` tie-break and
-- a two-key ORDER BY has two pathkeys, which src/am/fusepath.c refuses (it
-- recognizes a query's SINGLE ORDER BY pathkey).  Adding the tie-break would
-- therefore test the Sort fallback while looking like it tested the pushdown.
CREATE EXTENSION IF NOT EXISTS pg_weave;
NOTICE:  extension "pg_weave" already exists, skipping
ALTER EXTENSION pg_weave UPDATE;
NOTICE:  version "0.25.0" of extension "pg_weave" is already installed
-- Plan text stability only; nothing here is about parallelism.
SET max_parallel_workers_per_gather = 0;
-- A corpus with distinct BM25 scores per document for 'alpha', and a rare term
-- 'zeta' in exactly two documents, so a two-channel fuse() can actually reorder
-- relative to either channel alone.
--
-- 'alpha's term frequency used to cycle `1 + (g % 5)`, repeating every five
-- rows; with 40 rows that is only 5 distinct tf values, so document length
-- (which BM25's saturation term also keys off) collapsed onto the same 5
-- buckets too and most rows tied exactly. tf is now `g` itself -- unique per
-- row -- so no two rows can land on the same point of the tf/length surface.
-- See the assertion just below, which checks that this in fact holds rather
-- than trusting the argument.
CREATE TABLE fd (id int, body wdoc);
INSERT INTO fd
SELECT g,
       to_wdoc(repeat('alpha ', g) || 'common' || (g % 3) ||
               (CASE WHEN g IN (7, 19) THEN ' zeta' ELSE '' END))
FROM generate_series(1, 40) g;
CREATE INDEX fd_weave ON fd USING weave (body);
ANALYZE fd;
-- TIE-FREENESS, ASSERTED BEFORE ANYTHING BELOW RELIES ON IT.  Sections (1) and
-- (4) compare the ID SET of a fused top-10 against the ID SET of the plain
-- `ORDER BY body <=> 'alpha'` top-10, and that comparison is only meaningful
-- if `ORDER BY score LIMIT 10` has no tie to break at the rank-10 boundary --
-- with a tie there, LIMIT 10 may correctly return either of two different
-- sets, and no change to the fused scorer makes that go away.
--
-- THIS IS NOT A HYPOTHETICAL RISK: the previous corpus (tf cycling mod 5) put
-- a SEVEN-WAY TIE across ranks 8-14 of the 'alpha' ranking, so both
-- one_channel_matches_plain_lexical and empty_channel_matches_plain_lexical
-- failed intermittently -- returning two different, both individually
-- correct, top-10 sets ({3,8,13,...} vs {8,13,28,...}). A test that can fail
-- with nothing broken is worse than no test, so: assert there is no tie among
-- all 40 'alpha' matches (a strict superset of anything a LIMIT 10 can draw
-- from) before trusting any set comparison built on it.
SELECT count(*) = count(DISTINCT score) AS alpha_scores_are_tie_free
  FROM weave_search('fd_weave', 'alpha'::wquery, 40);
 alpha_scores_are_tie_free 
---------------------------
 t
(1 row)

-- ---------------------------------------------------------------------------
-- (1) ONE SCORED CHANNEL, sect. 4 row 1: reduces to block-max WAND.
--
-- Spelled as TWO channels carrying the SAME query with equal weights, which is
-- also sect. 4 row 4 ("all weights equal"): the fused value is -2S, and -2S is
-- order-equivalent to the plain `<=>` distance 1/(1+S) ascending, so the two plans
-- must choose the same documents.  It has to be spelled with two arguments because
-- src/am/fusepath.c refuses a single-channel fuse() -- one channel is not a fusion,
-- and offering a path for it would be offering a slower way to do what `<=>`
-- already does.
-- ---------------------------------------------------------------------------
SET enable_seqscan = off;
EXPLAIN (COSTS OFF)
SELECT id FROM fd
 ORDER BY fuse(body <=> 'alpha'::wquery,
               body <=> 'alpha'::wquery, weights => '{1,1}') LIMIT 10;
                                                      QUERY PLAN                                                      
----------------------------------------------------------------------------------------------------------------------
 Limit
   ->  Index Scan using fd_weave on fd
         Order By: ((body <=> '''alpha'''::wquery) AND (body <=> '''alpha'''::wquery) AND (body <~> '{1,1}'::real[]))
(3 rows)

CREATE TEMP TABLE d_fused AS
SELECT id FROM fd
 ORDER BY fuse(body <=> 'alpha'::wquery,
               body <=> 'alpha'::wquery, weights => '{1,1}') LIMIT 10;
CREATE TEMP TABLE d_plain AS
SELECT id FROM fd ORDER BY body <=> 'alpha'::wquery LIMIT 10;
RESET enable_seqscan;
-- enable_seqscan is back ON for the aggregates below, and that is deliberate
-- rather than tidiness: with it off, a bare count(*) or a whole-table aggregate
-- over an indexed table fails on PostgreSQL 18 (doc/GAPS.md G39 -- the AM is asked
-- for a scan with neither a restriction key nor an ordering clause, which it
-- refuses).  Every aggregate in this file is therefore outside the off window.
SELECT (SELECT array_agg(id ORDER BY id) FROM d_fused)
       = (SELECT array_agg(id ORDER BY id) FROM d_plain)
       AS one_channel_matches_plain_lexical;
 one_channel_matches_plain_lexical 
-----------------------------------
 t
(1 row)

-- ---------------------------------------------------------------------------
-- (2) ALL CHANNELS BOOLEAN, sect. 4 row 2: reduces to a bitmap AND, no scoring.
--
-- There is no boolean ORDER BY operator and there never will be: a gate has no
-- score to order by (contract (C5)).  A boolean channel reaches the fused scan by
-- being a WHERE clause, so an "all channels boolean" query is a query with no
-- fuse() call, and what this section records is that such a query is answered by
-- the ordinary `@@@` machinery and NOT by anything F2.2 added.
-- ---------------------------------------------------------------------------
SELECT count(*) AS all_boolean_rows
  FROM fd WHERE body @@@ 'alpha & common0'::wquery;
 all_boolean_rows 
------------------
               13
(1 row)

SELECT count(*) AS all_boolean_disagreements
  FROM (SELECT id FROM fd WHERE body @@@ 'alpha & common0'::wquery) a
  FULL JOIN (SELECT id FROM fd
              WHERE body @@@ 'alpha'::wquery AND body @@@ 'common0'::wquery) b
    USING (id)
 WHERE a.id IS NULL OR b.id IS NULL;
 all_boolean_disagreements 
---------------------------
                         0
(1 row)

-- ---------------------------------------------------------------------------
-- (3) k = 1, sect. 4 row 3: best match with maximal pruning.
--
-- The interesting property is not the row, it is that a k of 1 is served by the
-- SAME ladder as any other k: the AM never learns the LIMIT, so it runs its first
-- rung at pg_weave.wand_initial_k regardless and the executor stops pulling.  The
-- assertion is that the single row agrees with the first row of the wider query,
-- which is what would break if the ladder's first rung were not an exact prefix.
-- ---------------------------------------------------------------------------
SET enable_seqscan = off;
CREATE TEMP TABLE d_k1 AS
SELECT id FROM fd
 ORDER BY fuse(body <=> 'alpha'::wquery,
               body <=> 'zeta'::wquery, weights => '{0.25,0.75}') LIMIT 1;
CREATE TEMP TABLE d_k8 AS
SELECT id FROM fd
 ORDER BY fuse(body <=> 'alpha'::wquery,
               body <=> 'zeta'::wquery, weights => '{0.25,0.75}') LIMIT 8;
RESET enable_seqscan;
SELECT (SELECT count(*) FROM d_k1) AS k1_rows,
       (SELECT id FROM d_k1) IN (SELECT id FROM d_k8) AS k1_is_in_k8;
 k1_rows | k1_is_in_k8 
---------+-------------
       1 | t
(1 row)

-- ---------------------------------------------------------------------------
-- (4) A CHANNEL THAT MATCHES NOTHING.
--
-- Not in sect. 4's table, and it belongs there: a term absent from every segment
-- contributes no shuttle at all, so the run has one scored channel where the
-- query named two.  The hazard is arithmetic rather than structural -- a channel
-- whose ceiling were counted but whose score never arrived would leave the
-- essential/non-essential partition believing in a contribution that cannot come,
-- which weakens the prune but must not change the answer.  So: fusing 'alpha'
-- with a nonexistent term must pick the same documents as 'alpha' alone.
--
-- The set comparison below draws on the same alpha_scores_are_tie_free check
-- made right after the corpus is built: the empty channel contributes zero
-- everywhere, so this fused score is 'alpha's score plus a constant, and it
-- inherits that channel's tie-freedom (or lack of it) unchanged.
-- ---------------------------------------------------------------------------
SET enable_seqscan = off;
CREATE TEMP TABLE d_empty AS
SELECT id FROM fd
 ORDER BY fuse(body <=> 'alpha'::wquery,
               body <=> 'nosuchtermanywhere'::wquery,
               weights => '{1,1}') LIMIT 10;
RESET enable_seqscan;
SELECT (SELECT array_agg(id ORDER BY id) FROM d_empty)
       = (SELECT array_agg(id ORDER BY id) FROM d_plain)
       AS empty_channel_matches_plain_lexical;
 empty_channel_matches_plain_lexical 
-------------------------------------
 t
(1 row)

-- ---------------------------------------------------------------------------
-- (5) EQUAL WEIGHTS ARE 1.0 EACH AND NOT 1/n, over a real two-channel fusion.
--
-- Omitting `weights` must be the same query as spelling '{1,1}'.  The value
-- differs from '{0.5,0.5}' by a factor of two, which no ORDER BY can see -- so
-- what this asserts is the SET equality that a rescaling cannot break, and what
-- would break it is a default of 1/n applied to one arm only.
-- ---------------------------------------------------------------------------
SET enable_seqscan = off;
CREATE TEMP TABLE d_default_w AS
SELECT id FROM fd
 ORDER BY fuse(body <=> 'alpha'::wquery, body <=> 'zeta'::wquery) LIMIT 8;
CREATE TEMP TABLE d_unit_w AS
SELECT id FROM fd
 ORDER BY fuse(body <=> 'alpha'::wquery, body <=> 'zeta'::wquery,
               weights => '{1,1}') LIMIT 8;
RESET enable_seqscan;
SELECT (SELECT array_agg(id ORDER BY id) FROM d_default_w)
       = (SELECT array_agg(id ORDER BY id) FROM d_unit_w)
       AS default_weights_are_unit;
 default_weights_are_unit 
--------------------------
 t
(1 row)

-- The weighting has to MATTER, or every assertion above would pass against a
-- scorer that ignored the weights entirely.  'zeta' is in two documents out of
-- forty, so its idf is large; at weight 0.99/0.01 those two documents lead, and at
-- 0.01/0.99 they do not.  Recorded as a boolean rather than as ids, because which
-- documents 'alpha' promotes is a BM25 question and not this file's subject.
SET enable_seqscan = off;
CREATE TEMP TABLE d_zeta_heavy AS
SELECT id FROM fd
 ORDER BY fuse(body <=> 'alpha'::wquery, body <=> 'zeta'::wquery,
               weights => '{0.01,0.99}') LIMIT 2;
CREATE TEMP TABLE d_alpha_heavy AS
SELECT id FROM fd
 ORDER BY fuse(body <=> 'alpha'::wquery, body <=> 'zeta'::wquery,
               weights => '{0.99,0.01}') LIMIT 2;
RESET enable_seqscan;
SELECT (SELECT array_agg(id ORDER BY id) FROM d_zeta_heavy) = ARRAY[7, 19]
       AS zeta_weight_promotes_the_two_zeta_docs,
       (SELECT array_agg(id ORDER BY id) FROM d_zeta_heavy)
       IS DISTINCT FROM
       (SELECT array_agg(id ORDER BY id) FROM d_alpha_heavy)
       AS weights_change_the_answer;
 zeta_weight_promotes_the_two_zeta_docs | weights_change_the_answer 
----------------------------------------+---------------------------
 t                                      | t
(1 row)

-- ---------------------------------------------------------------------------
-- (5a) THE SAME PAIR OF QUERIES WITH THE NORMALIZER OFF, and this section is
-- here because `weights_change_the_answer` was recorded as **f** from the day
-- this file was written until 2026-09-22.  The comment above says what the
-- author expected -- 0.99/0.01 and 0.01/0.99 must not return the same two
-- documents -- and the expected output recorded the opposite, without anyone
-- noticing that the file's own control had failed.
--
-- THE MECHANISM, measured: the raw sum adds 'zeta's BM25 contribution (two
-- documents out of forty, so a large idf) to 'alpha's, and zeta's term is large
-- enough that 0.01 x zeta still dominates 0.99 x alpha.  The weights were being
-- applied correctly and could not reach the ranking.  With the per-key
-- normalizer each key is divided by its own ceiling, so 0.99/0.01 now returns
-- {34, 38} -- the two highest-tf 'alpha' documents -- and the control passes.
-- doc/GAPS.md G44, doc/specs/FUSED_TOPK.md sect. 8d.
--
-- So this pair pins BOTH objectives: the assertion above is the normalized one,
-- and this one is the raw sum, which is the arm every figure in
-- bench/RESULTS_FUSE.md was measured on.
-- ---------------------------------------------------------------------------
SET pg_weave.fuse_normalize = off;
SET enable_seqscan = off;
CREATE TEMP TABLE d_zeta_raw AS
SELECT id FROM fd
 ORDER BY fuse(body <=> 'alpha'::wquery, body <=> 'zeta'::wquery,
               weights => '{0.01,0.99}') LIMIT 2;
CREATE TEMP TABLE d_alpha_raw AS
SELECT id FROM fd
 ORDER BY fuse(body <=> 'alpha'::wquery, body <=> 'zeta'::wquery,
               weights => '{0.99,0.01}') LIMIT 2;
RESET enable_seqscan;
RESET pg_weave.fuse_normalize;
SELECT (SELECT array_agg(id ORDER BY id) FROM d_zeta_raw)
       IS NOT DISTINCT FROM
       (SELECT array_agg(id ORDER BY id) FROM d_alpha_raw)
       AS raw_sum_cannot_see_these_weights;
 raw_sum_cannot_see_these_weights 
----------------------------------
 t
(1 row)

DROP TABLE d_fused, d_plain, d_k1, d_k8, d_empty,
           d_default_w, d_unit_w, d_zeta_heavy, d_alpha_heavy,
           d_zeta_raw, d_alpha_raw;
DROP TABLE fd;
-- ---------------------------------------------------------------------------
-- (6) THE NORMALIZER IS ONE CONSTANT PER QUERY, NOT ONE PER BOLT -- i.e. the
-- fused top-k does not depend on how many segments the index happens to have.
--
-- WHY THIS IS A CORRECTNESS TEST AND NOT A TIDINESS ONE.  weave_fuse_pass()
-- runs one bounded top-k PER BOLT and then merges the per-bolt lists BY SCORE.
-- That merge is only exact while every bolt scored against the SAME objective,
-- so a normalizer derived from the bolt's own ceilings -- the obvious
-- implementation, since WeaveShuttle.maxscore is per bolt -- silently makes the
-- answer a function of the segment layout: it would change after an INSERT,
-- after VACUUM and after a merge, with no error anywhere.  The maximum over
-- bolts is therefore taken BEFORE the first bolt is scanned (see
-- weave_vec_weft_maxscore in include/weave/vector.h and the max-over-segments
-- max tf in src/am/amscan.c).
--
-- HOW THE FIXTURE HAD TO BE BUILT, because the first three could not fail and
-- the fourth is the only one that can.  A per-bolt normalizer is invisible when
-- the bolts' ceilings are close, and BM25's tf saturation keeps them close: the
-- term bound at tf=1 and at tf=8 differs by ~25 %, not 8x.  What separates the
-- two implementations is a QUERY TERM PRESENT IN ONE BOLT AND ABSENT FROM
-- ANOTHER -- then the key's ceiling is a sum over a different number of terms in
-- each bolt, and the scale moves by a factor rather than a percent.  Here
-- 'beta' is in the first bolt only, and 'alpha' is in every document so its idf
-- is near zero, which makes the first key's ceiling essentially beta's.
--
-- POSITIVE CONTROL (2026-09-22, and the reason this section is trusted): a build
-- whose normalizer used each bolt's own ceilings returns {1,...,9,308} before
-- the merge and {1,...,9,11} after it, so `bolt_independent` reads f.  The three
-- earlier fixtures -- a two-key query over an 80-document index, a 4,000-row
-- index built under maintenance_work_mem = '1MB', and a three-bolt index whose
-- bolts differed in max tf -- all read t under that same mutant.  Two of them
-- turned out to have ONE bolt, which the nseg assertion below now makes
-- impossible to miss.
-- ---------------------------------------------------------------------------
CREATE TABLE fb (id serial, d wdoc);
-- The first bolt: 'alpha' at a tf unique per document, 'beta' in all of them.
INSERT INTO fb(d)
SELECT to_wdoc(repeat('alpha ', g) || repeat('beta ', 6) || 'gamma wa' || g)
FROM generate_series(1, 300) g;
CREATE INDEX fb_weave ON fb USING weave (d);
-- The second bolt: the same 'alpha' ladder, no 'beta' at all.  A VACUUM-flushed
-- batch is how weave.sql's parallel-merge fixture makes a second segment; a run
-- of two is below the tiered auto-merge threshold, so both persist.
INSERT INTO fb(d)
SELECT to_wdoc(repeat('alpha ', g) || 'gamma wb' || g)
FROM generate_series(1, 300) g;
VACUUM fb;
ANALYZE fb;
-- Asserted, not assumed: with one bolt this whole section is vacuous.
SELECT weave_index_nsegments('fb_weave') > 1 AS more_than_one_bolt;
 more_than_one_bolt 
--------------------
 t
(1 row)

SET enable_seqscan = off;
CREATE TEMP TABLE b_multi AS
SELECT id FROM fb
 ORDER BY fuse(d <=> 'alpha beta'::wquery, d <=> 'gamma'::wquery,
               weights => '{1,1}') LIMIT 10;
-- THE STATISTIC THE GATE'S ORACLE NEEDS (doc/GAPS.md G46), captured while the index
-- still has two bolts.  `weave_index_max_tf()` reports the maximum over EVERY segment,
-- which is the value the fused normalizer uses, so 'beta' -- present in the first bolt
-- only -- must already read 6 here rather than 0.
CREATE TEMP TABLE b_mtf_before AS
SELECT weave_index_max_tf('fb_weave', 'alpha beta gamma'::wquery) AS mtf;
SELECT weave_merge('fb_weave') IS NOT NULL AS merged;
 merged 
--------
 t
(1 row)

SELECT weave_index_nsegments('fb_weave') = 1 AS one_bolt_after_merge;
 one_bolt_after_merge 
----------------------
 t
(1 row)

CREATE TEMP TABLE b_one AS
SELECT id FROM fb
 ORDER BY fuse(d <=> 'alpha beta'::wquery, d <=> 'gamma'::wquery,
               weights => '{1,1}') LIMIT 10;
RESET enable_seqscan;
SELECT (SELECT array_agg(id ORDER BY id) FROM b_multi)
       = (SELECT array_agg(id ORDER BY id) FROM b_one)
       AS bolt_independent;
 bolt_independent 
------------------
 t
(1 row)

-- ---------------------------------------------------------------------------
-- (6a) weave_index_max_tf() -- and the invariance the normalizer rests on.
--
-- A merge rewrites every posting list and renumbers every docid, but the maximum tf
-- of a term over the WHOLE index cannot change, because the max over segments of a
-- per-segment maximum is the max over the merged segment.  That is precisely why the
-- normalizer can be computed before the first bolt is scanned and still be one
-- constant for the query (section (6) above), so it is asserted rather than assumed:
-- if this equality ever fails, the fused ranking depends on the segment layout again
-- and the merge stops being answer-preserving.
--
-- The absolute values are pinned too, because an equality alone would also hold if
-- both sides were zero -- the shape of a gate that cannot fail.
-- ---------------------------------------------------------------------------
SELECT (SELECT mtf FROM b_mtf_before)
       = weave_index_max_tf('fb_weave', 'alpha beta gamma'::wquery)
       AS max_tf_survives_the_merge,
       weave_index_max_tf('fb_weave', 'alpha beta gamma'::wquery) AS max_tf_values,
       weave_index_max_tf('fb_weave', 'nosuchtermanywhere'::wquery) AS max_tf_absent,
       array_length(weave_index_max_tf('fb_weave', 'alpha beta gamma'::wquery), 1)
       = array_length(weave_index_df('fb_weave', 'alpha beta gamma'::wquery), 1)
       AS zips_with_df;
 max_tf_survives_the_merge | max_tf_values | max_tf_absent | zips_with_df 
---------------------------+---------------+---------------+--------------
 t                         | {300,6,1}     | {0}           | t
(1 row)

DROP TABLE b_multi, b_one, b_mtf_before;
DROP TABLE fb;
RESET max_parallel_workers_per_gather;
