-- F2.2: the fused ORDER BY pushdown -- the planner half (src/am/fusepath.c) and
-- the AM-side fused scan (src/am/amscan.c).  doc/specs/FUSED_TOPK.md sect. 3, 4,
-- 7, 7a and 7b.
--
-- WHAT A GREEN RUN HAS TO PROVE, in the order the file argues it:
--
--   1. THE PATH IS OFFERED AND THE SORT IS GONE.  An Index Scan whose `Order By`
--      carries one key per channel PLUS the `<~>` transport key.  The transport key
--      being visible is not cosmetic: it is the only evidence that the weights
--      reached the access method at all, and a plan without it would be a
--      single-channel ordering wearing a fused query's clothes.
--   2. THE ANSWER IS THE SAME SET the fallback picks, on a corpus where both arms
--      are exact.
--   3. EVERY REFUSAL FALLS BACK TO A SORT *WITHOUT ERROR*.  This is the half of
--      the file that matters most, because the alternative is doc/GAPS.md G39: an
--      access method that offers a path and then refuses it at run time, which is a
--      query that fails rather than a query that is slow.  src/am/fusepath.c's hard
--      invariant is that it never offers a path weave_rescan() refuses, and these
--      arms are how that invariant is checked from outside.
--   4. A WHERE CLAUSE NARROWS THE FUSED ANSWER -- the conjunctive-gate path, where
--      the qual becomes a REQUIRED channel inside the scan rather than a filter
--      above it (include/weave/fuse.h note 2, sect. 3a (2)).
--   5. A RESCAN does not carry state from the previous scan.
--
-- WHAT IT DOES NOT ASSERT: that the pushdown and the fallback produce the same
-- ORDER, or the same float.  sect. 7a (1) records why that is impossible rather
-- than unimplemented -- weave_distance() outside an index has no corpus, so it
-- scores with df = 1 and avgdl = |D| -- and sect. 3a records the second reason,
-- that float addition is not associative and the two sum in different orders.
-- Section (2) below is therefore built on a corpus where the two agree on the
-- candidate SET, and it compares sets.
CREATE EXTENSION IF NOT EXISTS pg_weave;
NOTICE:  extension "pg_weave" already exists, skipping
ALTER EXTENSION pg_weave UPDATE;
NOTICE:  version "0.27.0" of extension "pg_weave" is already installed
-- Plan text stability only.
SET max_parallel_workers_per_gather = 0;
CREATE TABLE fp (id int, body wdoc, emb wvec(4));
INSERT INTO fp
SELECT g,
       to_wdoc(repeat('alpha ', g) || 'common' || (g % 3) ||
               (CASE WHEN g IN (7, 19) THEN ' zeta' ELSE '' END)),
       ('[' || g || ',' || (g % 4) || ',' || (g % 7) || ',1]')::wvec
FROM generate_series(1, 40) g;
CREATE INDEX fp_weave ON fp USING weave (body, emb);
ANALYZE fp;
-- ---------------------------------------------------------------------------
-- (1) THE PLAN.  An Index Scan, no Sort, and the transport key in `Order By`.
-- ---------------------------------------------------------------------------
SET enable_seqscan = off;
EXPLAIN (COSTS OFF)
SELECT id FROM fp
 ORDER BY fuse(body <=> 'alpha'::wquery,
               body <=> 'zeta'::wquery,
               weights => '{0.25,0.75}') LIMIT 5;
                                                        QUERY PLAN                                                         
---------------------------------------------------------------------------------------------------------------------------
 Limit
   ->  Index Scan using fp_weave on fp
         Order By: ((body <=> '''alpha'''::wquery) AND (body <=> '''zeta'''::wquery) AND (body <~> '{0.25,0.75}'::real[]))
(3 rows)

-- Omitted weights are materialized into a real array by the planner, because the
-- access method reads an array and has no way to be told "there wasn't one".  The
-- plan must therefore show '{1,1}' even though the query wrote nothing.
EXPLAIN (COSTS OFF)
SELECT id FROM fp
 ORDER BY fuse(body <=> 'alpha'::wquery, body <=> 'zeta'::wquery) LIMIT 5;
                                                     QUERY PLAN                                                      
---------------------------------------------------------------------------------------------------------------------
 Limit
   ->  Index Scan using fp_weave on fp
         Order By: ((body <=> '''alpha'''::wquery) AND (body <=> '''zeta'''::wquery) AND (body <~> '{1,1}'::real[]))
(3 rows)

-- The commutator spelling `q <=> col` is normalized into `col <=> q` before it
-- becomes an index ORDER BY key: an index key must have the column on the LEFT,
-- and nothing in the planner commutes an ordering operator outside of core's own
-- index matching, which this path bypasses.  So this plan reads identically to
-- the first one.
EXPLAIN (COSTS OFF)
SELECT id FROM fp
 ORDER BY fuse('alpha'::wquery <=> body,
               body <=> 'zeta'::wquery,
               weights => '{0.25,0.75}') LIMIT 5;
                                                        QUERY PLAN                                                         
---------------------------------------------------------------------------------------------------------------------------
 Limit
   ->  Index Scan using fp_weave on fp
         Order By: ((body <=> '''alpha'''::wquery) AND (body <=> '''zeta'''::wquery) AND (body <~> '{0.25,0.75}'::real[]))
(3 rows)

-- ---------------------------------------------------------------------------
-- (2) THE ANSWER, against the fallback, as a SET.
--
-- Both arms are exact about the candidate set here: every document contains
-- 'alpha', so no document is missing from either ranking for want of a posting,
-- and the weights are exactly representable in float4 and float8 alike.  What may
-- differ between them is the ORDER, for the two reasons in this file's header, so
-- the comparison is array_agg(id ORDER BY id) over a k wide enough that the set is
-- determined: 20 of 40 documents, cut at a point where the two rankings cannot
-- disagree about membership because 'zeta' separates exactly two documents.
-- ---------------------------------------------------------------------------
CREATE TEMP TABLE p_pushdown AS
SELECT id FROM fp
 ORDER BY fuse(body <=> 'alpha'::wquery,
               body <=> 'zeta'::wquery,
               weights => '{0.25,0.75}') LIMIT 20;
RESET enable_seqscan;
-- The fallback arm: no index path at all, so fuse() is evaluated per row over the
-- recovered scores and sorted.  The EXPLAIN is here because an arm that stopped
-- running the plan it claims to would make the comparison meaningless.
SET enable_indexscan = off;
SET enable_bitmapscan = off;
EXPLAIN (COSTS OFF)
SELECT id FROM fp
 ORDER BY fuse(body <=> 'alpha'::wquery,
               body <=> 'zeta'::wquery,
               weights => '{0.25,0.75}') LIMIT 20;
                                                                   QUERY PLAN                                                                   
------------------------------------------------------------------------------------------------------------------------------------------------
 Limit
   ->  Sort
         Sort Key: (fuse(weave_lexscore((body <=> '''alpha'''::wquery)), weave_lexscore((body <=> '''zeta'''::wquery)), '{0.25,0.75}'::real[]))
         ->  Seq Scan on fp
(4 rows)

CREATE TEMP TABLE p_fallback AS
SELECT id FROM fp
 ORDER BY fuse(body <=> 'alpha'::wquery,
               body <=> 'zeta'::wquery,
               weights => '{0.25,0.75}') LIMIT 20;
RESET enable_indexscan;
RESET enable_bitmapscan;
-- RECORDED, NOT ASSERTED, and the retraction is the point.  An earlier version of
-- this file asserted that the pushdown and the fallback pick the same SET, on the
-- argument that 'zeta' separates exactly two of the 40 documents so a k = 20 cut
-- could not disagree about membership.  **That premise is false and the assertion
-- returned f.**  `doc/specs/FUSED_TOPK.md` sect. 7a (1): the fallback's `<=>` runs
-- through `weave_distance()` (`src/query/rank.c:459`), which has no corpus and
-- therefore scores with df = 1 and avgdl = |D|, while the index computes exact
-- BM25 -- so the two already rank a SINGLE lexical channel differently, and a
-- weighted sum of two of them can disagree about which documents are in the top 20
-- at all, not merely about their order.  Same discipline as
-- `sql/fuse_fallback.sql` sect. (5) and `sql/vecorderby.sql` sect. (3): both arms
-- keep their EXPLAIN, and the difference is a number.
SELECT count(*) AS pushdown_and_fallback_set_overlap
  FROM p_pushdown JOIN p_fallback USING (id);
 pushdown_and_fallback_set_overlap 
-----------------------------------
                                19
(1 row)

-- THE ASSERTION THIS ARM ACTUALLY NEEDS, and it is stronger than agreement with an
-- approximate fallback: an EXACT ORACLE built from the index's own per-channel
-- scores.  `weave_search()` returns exact BM25 per (ctid, score) and enters the
-- scan machinery directly, so it carries none of `weave_distance()`'s df = 1 /
-- avgdl = |D| approximation.  One call per channel at k = 40 covers every match
-- (all 40 documents contain 'alpha', 2 contain 'zeta'); a document with no posting
-- in one channel contributes 0 to that side, hence the FULL JOIN and the coalesce.
-- What is left that could move the set is the fused scorer's own pruning and
-- ordering -- which is what F2.2 is under test for.
CREATE TEMP TABLE p_oracle_scores AS
SELECT COALESCE(a.ctid, z.ctid) AS rowtid,   -- not "ctid": a table may not have a column of that name
       0.25::float8 * COALESCE(a.score, 0::float8)
       + 0.75::float8 * COALESCE(z.score, 0::float8) AS score
  FROM weave_search('fp_weave', 'alpha'::wquery, 40) a
  FULL JOIN weave_search('fp_weave', 'zeta'::wquery, 40) z USING (ctid);
-- Tie-freeness first, because a tie straddling rank 20 makes "the" top-20 set
-- ambiguous no matter how the scorer behaves.  `sql/fuse_degenerate.sql` hit that
-- for real -- a seven-way tie there produced two different, both-correct answers.
SELECT count(*) = count(DISTINCT score) AS oracle_scores_are_tie_free
  FROM p_oracle_scores;
 oracle_scores_are_tie_free 
----------------------------
 t
(1 row)

CREATE TEMP TABLE p_oracle AS
SELECT fp.id FROM p_oracle_scores s JOIN fp ON fp.ctid = s.rowtid
 ORDER BY s.score DESC LIMIT 20;
SELECT (SELECT array_agg(id ORDER BY id) FROM p_pushdown)
       = (SELECT array_agg(id ORDER BY id) FROM p_oracle)
       AS pushdown_matches_the_exact_oracle;
 pushdown_matches_the_exact_oracle 
-----------------------------------
 t
(1 row)

-- ---------------------------------------------------------------------------
-- (2b) THE FLAGSHIP SHAPE: one LEXICAL channel and one VECTOR channel, task F8.
--
-- This is the query doc/specs/FUSED_TOPK.md sect. 7 has advertised since the spec
-- was written and which nothing could answer from an index until F8:
--
--     ORDER BY fuse(body <=> 'alpha', emb <-> '[...]')
--
-- WHAT MADE IT POSSIBLE, in one sentence each, because two separate things were
-- missing and only one of them was the plumbing everyone expected:
--
--   * The vector shuttle publishes SEGMENT-LOCAL LANE INDICES and the fused core
--     drives docids, so the channel had to be relabelled -- include/weave/vecdocmap.h
--     does it through the bolt's docid-ascending warp map, and
--     test/hegel/test_vecdocmap.c is the (C1)/(C2) property test for it.
--   * fuse() sums SCORES, and `<->` is a DISTANCE.  0.16.0 had no recovery function
--     for it, so the raw distance went into the sum as if it were a score and the
--     final negation ranked the FARTHEST vector first -- silently, in this exact
--     query shape (doc/GAPS.md G41).  weave_l2score() and weave_ipscore() close it.
--
-- The second one is why this section asserts against an oracle rather than against
-- the fallback: both arms were wrong in the same direction before 0.17.0, so no
-- comparison between them could have found it.
-- ---------------------------------------------------------------------------
-- ROW <-> DOCID, so the vector SRF's output can be joined to rows.  Derived by
-- row_number() rather than from WEAVE_OFFSET_FACTOR, which keeps it independent of
-- BLCKSZ: docids ascend with ctid (include/weave/am.h -- weave_tid_to_docid() is
-- monotone in (block, offset)) and every row of `fp` has a non-NULL vector, so the
-- n-th row in ctid order owns the n-th docid in ascending order.  Borrowed verbatim
-- from sql/vecorderby.sql, including the count assertion that says the derivation
-- held.  The column is `rowtid` and not `ctid`, because a table may not have a
-- column of that name.
SET enable_seqscan = on;
CREATE TEMP TABLE fpmap AS
  SELECT t.id, t.rowtid, l.docid
    FROM (SELECT id, ctid AS rowtid, row_number() OVER (ORDER BY ctid) AS rn
            FROM fp) t
    JOIN (SELECT docid, row_number() OVER (ORDER BY docid) AS rn
            FROM weave_vec_lanes('fp_weave')) l USING (rn);
SELECT count(*) = (SELECT count(*) FROM fp) AS map_covers_every_row FROM fpmap;
 map_covers_every_row 
----------------------
 t
(1 row)

SET enable_seqscan = off;
-- THE PLAN.  Three `Order By` keys: the lexical channel, the vector channel, and the
-- `<~>` transport key carrying the weights.  The transport key hangs off the LEXICAL
-- column even though the second channel is on another one, which is deliberate --
-- src/am/fusepath.c explains why it must, and this arm is what would notice if the
-- per-key `indexorderbycols` and that choice ever disagreed.
EXPLAIN (COSTS OFF)
SELECT id FROM fp
 ORDER BY fuse(body <=> 'alpha'::wquery,
               emb <-> '[1,0,0,1]'::wvec,
               weights => '{0.5,0.5}') LIMIT 10;
                                                      QUERY PLAN                                                       
-----------------------------------------------------------------------------------------------------------------------
 Limit
   ->  Index Scan using fp_weave on fp
         Order By: ((body <=> '''alpha'''::wquery) AND (emb <-> '[1,0,0,1]'::wvec) AND (body <~> '{0.5,0.5}'::real[]))
(3 rows)

-- RUN WITH THE NORMALIZER OFF, because the oracle below computes the RAW sum
-- 0.5 * lex + 0.5 * vec.  Until 2026-10-04 this ran with fuse_normalize at its
-- default (on) and therefore compared a normalized scan against a raw oracle; it
-- passed only because this L2 fixture's vector term dominates under both objectives
-- (doc/GAPS.md G46).  The raw objective is what this arm checks; the NORMALIZED
-- objective is pinned by section (2c), on a fixture where the two disagree.
SET pg_weave.fuse_normalize = off;
CREATE TEMP TABLE pv_pushdown AS
SELECT id FROM fp
 ORDER BY fuse(body <=> 'alpha'::wquery,
               emb <-> '[1,0,0,1]'::wvec,
               weights => '{0.5,0.5}') LIMIT 10;
RESET pg_weave.fuse_normalize;
RESET enable_seqscan;
-- THE EXACT ORACLE, one call per channel at k = 40 (every document).  Each SRF
-- enters the scan machinery directly and reports the INDEX's own per-channel score:
-- exact BM25 from weave_search(), and the QUANTIZED metric-domain score from
-- weave_vec_scan() -- which is the number the fused scan sums, not the exact
-- -||q-v||^2 the heap operator would give.  Using the exact one here would be
-- measuring the quantizer, not the scorer.
CREATE TEMP TABLE pv_oracle_scores AS
SELECT m.id,
       0.5::float8 * COALESCE(a.score, 0::float8)
       + 0.5::float8 * COALESCE(v.score::float8, 0::float8) AS score
  FROM fpmap m
  LEFT JOIN weave_search('fp_weave', 'alpha'::wquery, 40) a ON a.ctid = m.rowtid
  LEFT JOIN weave_vec_scan('fp_weave', '[1,0,0,1]'::wvec, 40) v
         ON v.docid = m.docid;
-- Tie-freeness first, for the reason section (2) gives: a tie straddling rank 10
-- makes "the" top-10 ambiguous however the scorer behaves.  It is a sharper question
-- here than there, because the vector term is QUANTIZED and two documents can be
-- assigned the same code-domain score even when their exact distances differ.
SELECT count(*) = count(DISTINCT score) AS oracle_scores_are_tie_free
  FROM pv_oracle_scores;
 oracle_scores_are_tie_free 
----------------------------
 t
(1 row)

CREATE TEMP TABLE pv_oracle AS
SELECT id FROM pv_oracle_scores ORDER BY score DESC LIMIT 10;
SELECT (SELECT array_agg(id ORDER BY id) FROM pv_pushdown)
       = (SELECT array_agg(id ORDER BY id) FROM pv_oracle)
       AS fused_vector_pushdown_matches_the_exact_oracle;
 fused_vector_pushdown_matches_the_exact_oracle 
------------------------------------------------
 t
(1 row)

-- AND THE DIRECTION, ON ITS OWN, because it is the half of G41 that an oracle
-- agreement could still hide: if the vector channel were summed as a distance
-- instead of a score, the top-10 would be the FARTHEST documents.  `emb` is
-- [g, g%4, g%7, 1] for g = 1..40 and the query is [1,0,0,1], so the near documents
-- are the small g -- and the lexical channel pulls the same way (tf of 'alpha' is g,
-- so LARGE g scores higher), which is what makes this arm informative: the two
-- channels disagree, and an inverted vector channel would move the answer.
SELECT min(id) AS nearest_id, max(id) AS farthest_id,
       (SELECT count(*) FROM pv_pushdown WHERE id <= 10) AS ids_in_the_near_third
  FROM pv_pushdown;
 nearest_id | farthest_id | ids_in_the_near_third 
------------+-------------+-----------------------
          1 |          10 |                    10
(1 row)

-- ip, on an index built for it, to show the second recovery function and the second
-- metric are wired the same way.  fp_ip is also section (3d)'s mismatch subject.
CREATE TABLE fp_ip (id int, body wdoc, emb wvec(4));
INSERT INTO fp_ip SELECT id, body, emb FROM fp;
CREATE INDEX fp_ip_weave ON fp_ip USING weave (body, emb) WITH (metric = 'ip');
ANALYZE fp_ip;
SET enable_seqscan = off;
EXPLAIN (COSTS OFF)
SELECT id FROM fp_ip
 ORDER BY fuse(body <=> 'alpha'::wquery,
               emb <#> '[1,0,0,1]'::wvec,
               weights => '{0.5,0.5}') LIMIT 5;
                                                      QUERY PLAN                                                       
-----------------------------------------------------------------------------------------------------------------------
 Limit
   ->  Index Scan using fp_ip_weave on fp_ip
         Order By: ((body <=> '''alpha'''::wquery) AND (emb <#> '[1,0,0,1]'::wvec) AND (body <~> '{0.5,0.5}'::real[]))
(3 rows)

RESET enable_seqscan;
-- ---------------------------------------------------------------------------
-- (2c) THE NORMALIZED OBJECTIVE, on a fixture where it and the raw one DISAGREE.
-- doc/GAPS.md G46.
--
-- pg_weave.fuse_normalize (default on) divides each fuse() key's weight by that
-- key's pre-scan ceiling N_key (src/am/amscan.c, "w_key / N_key").  Section (2b)
-- checks the raw sum, so until this section nothing in installcheck checked the
-- objective that ships.  The oracle recomputes both ceilings HERE, in SQL, from
-- statistics the index publishes, rather than asking the scan for them:
--
--   lexical  N_L = sum over terms of idf(df, ndocs) * mtf * (k1+1) / (mtf + k1*(1-b)),
--            k1 = 1.2, b = 0.75 -- weave_bm25_term_bound() at the max tf;
--   vector   N_V = max over blocks of maxrecnorm * ||q||  (ip; bound (B2)).
--
-- N_V is also cross-checked against weave_vec_scan_stats().maxscore, which is the
-- shuttle's own fold (weave_vec_scan_maxscore()).  The SQL recompute is the
-- independent half: a defect in that shared fold moves both the scan and the stats
-- function, and only the recompute notices.
--
-- THE FIXTURE.  ip, q = [1.5,0,0,0], every document four tokens, every vector on the
-- first axis (an axis vector's 4-bit code reconstructs it up to a common scale, so
-- the quantized inner product is ordered as the true one).  With equal weights the
-- ranking depends only on the RATIO of the two ceilings, and the four groups are
-- placed so that each plausible wrong ratio picks a different top 5:
--
--   ids  1-5   'alpha alpha alpha one'   x = 0.2      lexically best
--   ids  6-10  'alpha two three four'    x = 0.6      the balanced group
--   ids 11-15  'beta two three four'     x = 1.0      vector best, no 'alpha'
--   ids 16-40  'gamma two three four'    x = 0.01     filler, so 'alpha' has a real idf
--
--   normalized          -> 6-10
--   raw (normalize off) -> 1-5    (BM25 near 2.7 swamps an inner product near 1.5)
--   N_L doubled         -> 11-15
--   N_V x 1.5 or x 2    -> 1-5
--
-- The last three are computed below from the same oracle as a property of the
-- FIXTURE: if a future change to the corpus or the codec collapsed them onto the
-- correct answer, this section would stop being able to see a wrong ceiling, and it
-- says so rather than passing.
-- ---------------------------------------------------------------------------
CREATE TABLE fpc (id int, body wdoc, emb wvec(4));
INSERT INTO fpc
SELECT g,
       to_wdoc('simple', CASE WHEN g <= 5  THEN 'alpha alpha alpha one'
                              WHEN g <= 10 THEN 'alpha two three four'
                              WHEN g <= 15 THEN 'beta two three four'
                              ELSE 'gamma two three four' END),
       ('[' || CASE WHEN g <= 5  THEN 0.2 + 0.002 * g
                    WHEN g <= 10 THEN 0.6 + 0.002 * (g - 5)
                    WHEN g <= 15 THEN 1.0 + 0.002 * (g - 10)
                    ELSE 0.01 + 0.0001 * (g - 15) END || ',0,0,0]')::wvec
FROM generate_series(1, 40) g;
CREATE INDEX fpc_weave ON fpc USING weave (body, emb) WITH (metric = 'ip');
ANALYZE fpc;
-- The row <-> docid map, as in (2b).
CREATE TEMP TABLE fpcmap AS
  SELECT t.id, t.rowtid, l.docid
    FROM (SELECT id, ctid AS rowtid, row_number() OVER (ORDER BY ctid) AS rn
            FROM fpc) t
    JOIN (SELECT docid, row_number() OVER (ORDER BY docid) AS rn
            FROM weave_vec_lanes('fpc_weave')) l USING (rn);
SELECT count(*) = (SELECT count(*) FROM fpc) AS fpc_map_covers_every_row FROM fpcmap;
 fpc_map_covers_every_row 
--------------------------
 t
(1 row)

-- The two ceilings, recomputed.
CREATE TEMP TABLE fpc_n AS
SELECT (SELECT sum(CASE WHEN u.mtf = 0 THEN 0::float8
                        ELSE ln(1.0 + (st.ndocs - u.df + 0.5) / (u.df + 0.5))
                             * u.mtf * 2.2 / (u.mtf + 1.2 * (1.0 - 0.75)) END)
          FROM unnest(weave_index_df('fpc_weave', 'alpha'::wquery),
                      weave_index_max_tf('fpc_weave', 'alpha'::wquery)) AS u(df, mtf),
               weave_index_stats('fpc_weave') st) AS nl,
       (SELECT max(maxrecnorm)::float8 FROM weave_vec_blocks('fpc_weave'))
       * (SELECT sqrt(sum(x::float8 * x::float8))
            FROM unnest('[1.5,0,0,0]'::wvec::real[]) x) AS nv;
SELECT nl > 0 AND nv > 0 AS fpc_ceilings_positive,
       abs(nv - (SELECT max(maxscore)::float8
                   FROM weave_vec_scan_stats('fpc_weave', '[1.5,0,0,0]'::wvec, 1)))
       <= 1e-5 * nv AS vector_ceiling_matches_the_shuttle_fold
  FROM fpc_n;
 fpc_ceilings_positive | vector_ceiling_matches_the_shuttle_fold 
-----------------------+-----------------------------------------
 t                     | t
(1 row)

-- Per-document channel scores, from the index's own SRFs (exact BM25; quantized ip).
CREATE TEMP TABLE fpc_s AS
SELECT m.id, COALESCE(a.score, 0::float8) AS l, COALESCE(v.score::float8, 0::float8) AS v
  FROM fpcmap m
  LEFT JOIN weave_search('fpc_weave', 'alpha'::wquery, 40) a ON a.ctid = m.rowtid
  LEFT JOIN weave_vec_scan('fpc_weave', '[1.5,0,0,0]'::wvec, 40) v ON v.docid = m.docid;
-- The oracle's top 5 under a given pair of divisors, and whether its cut is CLEAN:
-- the gap between ranks 5 and 6 must exceed a tolerance of 1e-4 of the top score,
-- which covers the scan's float4 summation.  A cut inside the tolerance is a TIE, and
-- a tie is reported as such -- it is neither a pass nor a fail.
CREATE FUNCTION pg_temp.fpc_top5(dl float8, dv float8, OUT ids int[], OUT clean bool)
LANGUAGE sql AS $$
  WITH r AS (SELECT id, 0.5 * l / dl + 0.5 * v / dv AS s,
                    row_number() OVER (ORDER BY 0.5 * l / dl + 0.5 * v / dv DESC, id) AS rn
               FROM fpc_s)
  SELECT (SELECT array_agg(id ORDER BY id) FROM r WHERE rn <= 5),
         (SELECT x.s - y.s > 1e-4 * (SELECT max(abs(s)) FROM r)
            FROM r x, r y WHERE x.rn = 5 AND y.rn = 6)
$$;
SET enable_seqscan = off;
EXPLAIN (COSTS OFF)
SELECT id FROM fpc
 ORDER BY fuse(body <=> 'alpha'::wquery, emb <#> '[1.5,0,0,0]'::wvec,
               weights => '{0.5,0.5}') LIMIT 5;
                                                       QUERY PLAN                                                        
-------------------------------------------------------------------------------------------------------------------------
 Limit
   ->  Index Scan using fpc_weave on fpc
         Order By: ((body <=> '''alpha'''::wquery) AND (emb <#> '[1.5,0,0,0]'::wvec) AND (body <~> '{0.5,0.5}'::real[]))
(3 rows)

CREATE TEMP TABLE fpc_pn AS
SELECT array_agg(id ORDER BY id) AS ids FROM (
  SELECT id FROM fpc
   ORDER BY fuse(body <=> 'alpha'::wquery, emb <#> '[1.5,0,0,0]'::wvec,
                 weights => '{0.5,0.5}') LIMIT 5) s;
SET pg_weave.fuse_normalize = off;
CREATE TEMP TABLE fpc_pr AS
SELECT array_agg(id ORDER BY id) AS ids FROM (
  SELECT id FROM fpc
   ORDER BY fuse(body <=> 'alpha'::wquery, emb <#> '[1.5,0,0,0]'::wvec,
                 weights => '{0.5,0.5}') LIMIT 5) s;
RESET pg_weave.fuse_normalize;
RESET enable_seqscan;
SELECT pn.ids AS normalized_pushdown, (o).ids AS normalized_oracle,
       (o).clean AS normalized_cut_clean, pn.ids = (o).ids AS normalized_pushdown_matches_oracle
  FROM fpc_pn pn, fpc_n n, LATERAL pg_temp.fpc_top5(n.nl, n.nv) o;
 normalized_pushdown | normalized_oracle | normalized_cut_clean | normalized_pushdown_matches_oracle 
---------------------+-------------------+----------------------+------------------------------------
 {6,7,8,9,10}        | {6,7,8,9,10}      | t                    | t
(1 row)

SELECT pr.ids AS raw_pushdown, (o).ids AS raw_oracle,
       (o).clean AS raw_cut_clean, pr.ids = (o).ids AS raw_pushdown_matches_oracle
  FROM fpc_pr pr, LATERAL pg_temp.fpc_top5(1, 1) o;
 raw_pushdown | raw_oracle  | raw_cut_clean | raw_pushdown_matches_oracle 
--------------+-------------+---------------+-----------------------------
 {1,2,3,4,5}  | {1,2,3,4,5} | t             | t
(1 row)

-- THE FIXTURE CAN SEE A WRONG CEILING: each wrong divisor picks a different top 5
-- from the correct one, with a clean cut.  These are the mutants M1-M3 of
-- doc/GAPS.md G46, evaluated on the oracle rather than on a build.
SELECT (r).ids <> (c).ids AND (r).clean AS raw_differs,
       (m1).ids <> (c).ids AND (m1).clean AS lexical_ceiling_x2_differs,
       (m2).ids <> (c).ids AND (m2).clean AS vector_ceiling_x1_5_differs,
       (m3).ids <> (c).ids AND (m3).clean AS vector_ceiling_x2_differs
  FROM fpc_n n,
       LATERAL pg_temp.fpc_top5(n.nl, n.nv) c,
       LATERAL pg_temp.fpc_top5(1, 1) r,
       LATERAL pg_temp.fpc_top5(2 * n.nl, n.nv) m1,
       LATERAL pg_temp.fpc_top5(n.nl, 1.5 * n.nv) m2,
       LATERAL pg_temp.fpc_top5(n.nl, 2 * n.nv) m3;
 raw_differs | lexical_ceiling_x2_differs | vector_ceiling_x1_5_differs | vector_ceiling_x2_differs 
-------------+----------------------------+-----------------------------+---------------------------
 t           | t                          | t                           | t
(1 row)

DROP FUNCTION pg_temp.fpc_top5(float8, float8);
DROP TABLE fpcmap, fpc_n, fpc_s, fpc_pn, fpc_pr;
DROP TABLE fpc;
-- ---------------------------------------------------------------------------
-- (3) THE REFUSALS.  Each must be a Sort, and none may raise.
--
-- enable_seqscan stays ON through all of them, and the first version of this file
-- had it off with the argument that only a disabled seq scan forces the planner to
-- reach for an index path.  **PostgreSQL 18 prints `Disabled: true` on a disabled
-- node and PostgreSQL 17 does not**, so that choice made every refusal arm's
-- expected output major-dependent for no gain.  What these arms have to show is
-- that nothing was offered and nothing raised, and a Sort over a Seq Scan shows
-- both; section (1) is where the file proves a fused path IS offered and chosen,
-- and it is the arm that needs the seq scan out of the way.
-- ---------------------------------------------------------------------------
SET enable_seqscan = on;
-- (3a) DESC.  fuse() returns the NEGATED weighted sum, so ASCENDING is best-first
-- and a DESC pathkey asks for the WORST documents first -- which a top-k scan
-- cannot produce without enumerating the whole match set.  Refused, not served
-- backwards.
EXPLAIN (COSTS OFF)
SELECT id FROM fp
 ORDER BY fuse(body <=> 'alpha'::wquery,
               body <=> 'zeta'::wquery, weights => '{1,1}') DESC LIMIT 5;
                                                                  QUERY PLAN                                                                   
-----------------------------------------------------------------------------------------------------------------------------------------------
 Limit
   ->  Sort
         Sort Key: (fuse(weave_lexscore((body <=> '''alpha'''::wquery)), weave_lexscore((body <=> '''zeta'''::wquery)), '{1,1}'::real[])) DESC
         ->  Seq Scan on fp
(4 rows)

-- (3b) An argument that names no channel.  `id::float8` is taken as a SCORE, which
-- is what fuse()'s own declaration says it is, and there is no index column behind
-- it -- so the shape has one attributable channel and a fusion needs two.  The
-- planner never guesses a distance map from a float (sect. 7a (2)).
EXPLAIN (COSTS OFF)
SELECT id FROM fp
 ORDER BY fuse(id::float8,
               body <=> 'alpha'::wquery, weights => '{1,1}') LIMIT 5;
                                                    QUERY PLAN                                                     
-------------------------------------------------------------------------------------------------------------------
 Limit
   ->  Sort
         Sort Key: (fuse((id)::double precision, weave_lexscore((body <=> '''alpha'''::wquery)), '{1,1}'::real[]))
         ->  Seq Scan on fp
(4 rows)

-- (3c) A column the index does not carry, ISOLATED from every other refusal: both
-- channels are the servable lexical one, both are spelled exactly as the offered
-- shape is, and the only thing wrong is that `title` is not in the index.  Using a
-- vector column here instead would have proved nothing, because the vector channel
-- is refused for its own reason (3d) and the arm would pass either way.
CREATE TABLE fp_nb (id int, body wdoc, title wdoc);
INSERT INTO fp_nb SELECT id, body, to_wdoc('beta gamma') FROM fp;
CREATE INDEX fp_nb_weave ON fp_nb USING weave (body);
ANALYZE fp_nb;
EXPLAIN (COSTS OFF)
SELECT id FROM fp_nb
 ORDER BY fuse(body <=> 'alpha'::wquery,
               title <=> 'beta'::wquery, weights => '{1,1}') LIMIT 5;
                                                                QUERY PLAN                                                                 
-------------------------------------------------------------------------------------------------------------------------------------------
 Limit
   ->  Sort
         Sort Key: (fuse(weave_lexscore((body <=> '''alpha'''::wquery)), weave_lexscore((title <=> '''beta'''::wquery)), '{1,1}'::real[]))
         ->  Seq Scan on fp_nb
(4 rows)

-- (3d) A METRIC THE INDEX WAS NOT BUILT WITH -- and since F8 this is a REAL
-- refusal rather than a refusal by subsumption.  `fp_weave` is l2 (the reloption
-- default) and `fp_ip_weave` is ip; section (2b) has already shown that each serves
-- ITS OWN operator.  The crossed pairs below must be a Sort.
--
-- WHY THE PLANNER CAN REFUSE THIS AND THE SINGLE-CHANNEL ORDER BY PATH CANNOT.  A
-- weave vector weft is scored in one metric, so answering `<->` out of an ip weft
-- returns every row in an ordering the query did not ask for -- a wrong answer, not
-- an approximation.  Core matches a pathkey against an operator FAMILY and the
-- metric is a reloption, invisible to path generation, so `ORDER BY emb <-> q` can
-- only be refused at RUN time (weave_rescan(), and VECTOR_CHANNEL.md sect. 8b for
-- the per-metric opclass split that would fix it properly).  The fused path is our
-- own code: src/am/fusepath.c opens the index, reads the metric with the
-- NON-THROWING accessor, and declines -- so the Sort below is chosen at plan time
-- and no query fails.  That is the difference between this and doc/GAPS.md G39.
CREATE TABLE fp_l2b (id int, body wdoc, emb wvec(4));
INSERT INTO fp_l2b SELECT id, body, emb FROM fp;
CREATE INDEX fp_l2b_weave ON fp_l2b USING weave (body, emb);
ANALYZE fp_l2b;
-- `<->` against the ip index: refused.
EXPLAIN (COSTS OFF)
SELECT id FROM fp_ip
 ORDER BY fuse(body <=> 'alpha'::wquery,
               emb <-> '[1,0,0,1]'::wvec, weights => '{1,1}') LIMIT 5;
                                                              QUERY PLAN                                                               
---------------------------------------------------------------------------------------------------------------------------------------
 Limit
   ->  Sort
         Sort Key: (fuse(weave_lexscore((body <=> '''alpha'''::wquery)), weave_l2score((emb <-> '[1,0,0,1]'::wvec)), '{1,1}'::real[]))
         ->  Seq Scan on fp_ip
(4 rows)

-- `<#>` against the l2 index: refused, the same test in the other direction.
EXPLAIN (COSTS OFF)
SELECT id FROM fp_l2b
 ORDER BY fuse(body <=> 'alpha'::wquery,
               emb <#> '[1,0,0,1]'::wvec, weights => '{1,1}') LIMIT 5;
                                                              QUERY PLAN                                                               
---------------------------------------------------------------------------------------------------------------------------------------
 Limit
   ->  Sort
         Sort Key: (fuse(weave_lexscore((body <=> '''alpha'''::wquery)), weave_ipscore((emb <#> '[1,0,0,1]'::wvec)), '{1,1}'::real[]))
         ->  Seq Scan on fp_l2b
(4 rows)

-- And `<=>` on a wvec -- COSINE -- which no weave index can carry at all
-- (weave_index_vec_metric() refuses the reloption at CREATE INDEX, because a cosine
-- bound must divide by a maximum true norm that is not stored).  It has a recovery
-- function, so fuse() computes it correctly row by row; what it does not have is an
-- opclass member, so there is no channel to attribute it to and no path to offer.
EXPLAIN (COSTS OFF)
SELECT id FROM fp
 ORDER BY fuse(body <=> 'alpha'::wquery,
               emb <=> '[1,0,0,1]'::wvec, weights => '{1,1}') LIMIT 5;
                                                               QUERY PLAN                                                               
----------------------------------------------------------------------------------------------------------------------------------------
 Limit
   ->  Sort
         Sort Key: (fuse(weave_lexscore((body <=> '''alpha'''::wquery)), weave_cosscore((emb <=> '[1,0,0,1]'::wvec)), '{1,1}'::real[]))
         ->  Seq Scan on fp
(4 rows)

-- And the `<@>` channel, refused for the third warp space: its shuttle walks the
-- DICTIONARY, not any document space (src/query/edist.c).
EXPLAIN (COSTS OFF)
SELECT id FROM fp
 ORDER BY fuse(body <=> 'alpha'::wquery,
               body <@> 'alpha', weights => '{1,1}') LIMIT 5;
                                                              QUERY PLAN                                                               
---------------------------------------------------------------------------------------------------------------------------------------
 Limit
   ->  Sort
         Sort Key: (fuse(weave_lexscore((body <=> '''alpha'''::wquery)), weave_edistscore((body <@> 'alpha'::text)), '{1,1}'::real[]))
         ->  Seq Scan on fp
(4 rows)

-- enable_seqscan goes back ON for the three checks below, and the reason is at the
-- call site because it is not obvious: with it off, a bare count(*) or a
-- key-less aggregate over an indexed table fails on PostgreSQL 18 (doc/GAPS.md
-- G39 -- the access method is handed a scan with neither a restriction key nor an
-- ordering clause, and refuses it).  The aggregates below are over subqueries, not
-- over the table, but the cost of being wrong about that is a red test for a
-- reason unrelated to F2.2, so they run outside the off window.
RESET enable_seqscan;
-- Every refused shape must still RUN and return rows.  A refusal that produced a
-- correct plan and a failed query would be no better than G39.
SELECT count(*) > 0 AS desc_arm_runs FROM (
  SELECT id FROM fp
   ORDER BY fuse(body <=> 'alpha'::wquery,
                 body <=> 'zeta'::wquery, weights => '{1,1}') DESC LIMIT 5) s;
 desc_arm_runs 
---------------
 t
(1 row)

-- The refused metric-mismatch arm, and its SERVED counterpart beside it: since F8
-- the vector channel is not refused as a class, so this pair is what says the
-- refusal is about the metric and not about the channel.
SELECT count(*) > 0 AS mismatched_vector_arm_runs FROM (
  SELECT id FROM fp_ip
   ORDER BY fuse(body <=> 'alpha'::wquery,
                 emb <-> '[1,0,0,1]'::wvec, weights => '{1,1}') LIMIT 5) s;
 mismatched_vector_arm_runs 
----------------------------
 t
(1 row)

SELECT count(*) > 0 AS matched_vector_arm_runs FROM (
  SELECT id FROM fp_ip
   ORDER BY fuse(body <=> 'alpha'::wquery,
                 emb <#> '[1,0,0,1]'::wvec, weights => '{1,1}') LIMIT 5) s;
 matched_vector_arm_runs 
-------------------------
 t
(1 row)

SELECT count(*) > 0 AS edist_arm_runs FROM (
  SELECT id FROM fp
   ORDER BY fuse(body <=> 'alpha'::wquery,
                 body <@> 'alpha', weights => '{1,1}') LIMIT 5) s;
 edist_arm_runs 
----------------
 t
(1 row)

-- ---------------------------------------------------------------------------
-- (4) A WHERE CLAUSE NARROWS THE FUSED ANSWER: the conjunctive-gate path.
--
-- The qual becomes a REQUIRED channel INSIDE the fused run, so it steers pivot
-- selection rather than discarding rows that have already been scored -- which is
-- claim 3 of doc/ARCHITECTURE.md sect. 9 and the payoff include/weave/fuse.h note 2
-- describes.  What is assertable from SQL is the answer, in two halves: every row
-- returned satisfies the qual, and the narrowed answer is a SUBSET of the
-- unnarrowed one over a k wide enough to contain it.
--
-- bitmapscan is off so that core generates a plain IndexPath for the `@@@` clause,
-- which is the path whose indexclauses the fused path borrows.  Without it add_path
-- may discard the plain IndexPath in favour of a bitmap one, the borrow finds
-- nothing, and the qual becomes an executor filter -- the SAME ANSWER by a slower
-- route, which is why this is a GUC and not an assertion.
-- ---------------------------------------------------------------------------
SET enable_seqscan = off;
SET enable_bitmapscan = off;
EXPLAIN (COSTS OFF)
SELECT id FROM fp
 WHERE body @@@ 'common0'::wquery
 ORDER BY fuse(body <=> 'alpha'::wquery,
               body <=> 'zeta'::wquery, weights => '{1,1}') LIMIT 5;
                                                     QUERY PLAN                                                      
---------------------------------------------------------------------------------------------------------------------
 Limit
   ->  Index Scan using fp_weave on fp
         Index Cond: (body @@@ '''common0'''::wquery)
         Order By: ((body <=> '''alpha'''::wquery) AND (body <=> '''zeta'''::wquery) AND (body <~> '{1,1}'::real[]))
(4 rows)

CREATE TEMP TABLE p_gated AS
SELECT id FROM fp
 WHERE body @@@ 'common0'::wquery
 ORDER BY fuse(body <=> 'alpha'::wquery,
               body <=> 'zeta'::wquery, weights => '{1,1}') LIMIT 5;
CREATE TEMP TABLE p_ungated AS
SELECT id FROM fp
 ORDER BY fuse(body <=> 'alpha'::wquery,
               body <=> 'zeta'::wquery, weights => '{1,1}') LIMIT 40;
RESET enable_bitmapscan;
RESET enable_seqscan;
SELECT count(*) AS gated_rows_failing_the_qual
  FROM fp JOIN p_gated USING (id)
 WHERE NOT (fp.body @@@ 'common0'::wquery);
 gated_rows_failing_the_qual 
-----------------------------
                           0
(1 row)

SELECT NOT EXISTS (SELECT 1 FROM p_gated
                    WHERE id NOT IN (SELECT id FROM p_ungated))
       AS gated_is_a_subset_of_ungated;
 gated_is_a_subset_of_ungated 
------------------------------
 t
(1 row)

-- ---------------------------------------------------------------------------
-- (5) RESCAN.  The fused scan on the inner side of a nested loop, re-executed once
-- per outer row with a different pull depth.
--
-- `LIMIT o.n` is a lateral reference, so the subquery is rescanned rather than
-- materialized, and each arm drives the widening ladder to a different depth.  What
-- this watches for is a per-rescan field left over from the previous arm --
-- weave_rescan() resets fuseScan/fuseQ/fuseW/nfuse/fusek/fuseDone in the same place
-- it resets everything else, and a leaked `fuseDone` in particular would truncate
-- the deeper arms while every row returned still looked plausible.  That is the
-- failure sql/vecorderby.sql's correlated subquery was added for on the vector
-- side; the same hazard, the same shape of test.
-- ---------------------------------------------------------------------------
SET enable_seqscan = off;
SELECT o.n, count(*) AS rows_pulled
  FROM (VALUES (1), (3), (7)) o(n),
       LATERAL (SELECT id FROM fp
                 ORDER BY fuse(body <=> 'alpha'::wquery,
                               body <=> 'zeta'::wquery,
                               weights => '{0.5,0.5}') LIMIT o.n) l
 GROUP BY o.n ORDER BY o.n;
 n | rows_pulled 
---+-------------
 1 |           1
 3 |           3
 7 |           7
(3 rows)

-- The deepest arm must agree, as a set, with the same query run on its own: a
-- rescan that returned a different top-7 than a fresh scan would be a leak.
CREATE TEMP TABLE p_lat AS
SELECT l.id
  FROM (VALUES (7)) o(n),
       LATERAL (SELECT id FROM fp
                 ORDER BY fuse(body <=> 'alpha'::wquery,
                               body <=> 'zeta'::wquery,
                               weights => '{0.5,0.5}') LIMIT o.n) l;
CREATE TEMP TABLE p_solo AS
SELECT id FROM fp
 ORDER BY fuse(body <=> 'alpha'::wquery,
               body <=> 'zeta'::wquery, weights => '{0.5,0.5}') LIMIT 7;
RESET enable_seqscan;
SELECT (SELECT array_agg(id ORDER BY id) FROM p_lat)
       = (SELECT array_agg(id ORDER BY id) FROM p_solo)
       AS rescan_matches_a_fresh_scan;
 rescan_matches_a_fresh_scan 
-----------------------------
 t
(1 row)

-- ---------------------------------------------------------------------------
-- (6) THE TRANSPORT OPERATOR IS NOT EVALUABLE, and that is the design rather than
-- defensiveness: sect. 7a rejected carrying the weights on a QUAL because
-- indexqualorig is re-evaluated during an EPQ recheck, so a marker in a qual is
-- eventually executed for real.  An ORDER BY key is not, so this can raise -- which
-- turns any future path that WOULD evaluate it from a silent wrong ordering into a
-- failure with a name.
-- ---------------------------------------------------------------------------
SELECT body <~> '{1,1}'::float4[] FROM fp LIMIT 1;
ERROR:  operator <~> cannot be evaluated outside a weave index scan
DETAIL:  It exists only to carry fuse() weights into the index access method as an ORDER BY scan key.
HINT:  Write "ORDER BY fuse(col <=> query, ..., weights => '{...}')" instead.
-- ---------------------------------------------------------------------------
-- (7) THE COUNTERS THE SECT. 8 GATE IS MEASURED WITH, asserted as RELATIONS.
--
-- weave_fuse_stats() carries the core's per-channel and per-state counters out of
-- the scan; FUSED_TOPK.md sect. 8 makes the score() call ratio the row that decides
-- whether the bounds are tight enough for the design to mean anything.  Nothing
-- here pins a NUMBER -- every count depends on the corpus, the segment layout and
-- the ladder, and a pinned count would be rewritten by anyone who changed the
-- corpus, which is how a gate becomes a formality.  What is pinned is every
-- relation that must hold whatever the numbers are.
--
-- THE ONE WITH TEETH IS `scores <= nchan * pivots`.  Each pivot scores each channel
-- at most once, so a query with two scored channels cannot exceed 2 x pivots.  The
-- way to break it is to count a channel twice, and there is a specific place that
-- almost happens: for a vector slot the accumulation in src/am/amscan.c must sum
-- cp[] (the F8 adapter, which is what the core asked) and NOT also chans[] (the
-- shuttle channel the adapter drives, which sees one call per forwarded call).  The
-- vector arm below is that discriminator: double-counting would push a two-channel
-- query to 3 x pivots and fail here.
-- ---------------------------------------------------------------------------
SET enable_seqscan = off;
SELECT weave_fuse_stats_reset();
 weave_fuse_stats_reset 
------------------------
 
(1 row)

SELECT count(*) AS lexical_rows
  FROM (SELECT id FROM fp
         ORDER BY fuse(body <=> 'alpha'::wquery,
                       body <=> 'zeta'::wquery,
                       weights => '{1,1}') LIMIT 5) t;
 lexical_rows 
--------------
            5
(1 row)

SELECT passes > 0 AS ran_a_pass,
       runs >= passes AS a_bolt_per_pass,
       chans >= runs AS a_channel_per_run,
       scores > 0 AS scored_something,
       bounds > 0 AS bounded_something,
       pivots > 0 AS considered_candidates,
       seeks > 0 AS sought_something,
       scores <= 2 * pivots AS scores_within_two_channels_per_pivot
  FROM weave_fuse_stats();
 ran_a_pass | a_bolt_per_pass | a_channel_per_run | scored_something | bounded_something | considered_candidates | sought_something | scores_within_two_channels_per_pivot 
------------+-----------------+-------------------+------------------+-------------------+-----------------------+------------------+--------------------------------------
 t          | t               | t                 | t                | t                 | t                     | t                | t
(1 row)

-- The reset is part of the instrument: a benchmark brackets one query with it, so a
-- reset that missed a column would attribute the previous query's work to the next.
SELECT weave_fuse_stats_reset();
 weave_fuse_stats_reset 
------------------------
 
(1 row)

SELECT passes + runs + chans + seeks + scores + bounds + pivots + blkskip
       + rqskip + livedrop + veto + abandon = 0 AS reset_zeroed_every_column
  FROM weave_fuse_stats();
 reset_zeroed_every_column 
---------------------------
 t
(1 row)

-- THE VECTOR ARM.  Two scored channels, one of them reaching the core through the
-- F8 adapter; see the note above on why 2 x pivots is the interesting bound.
SELECT count(*) AS vector_rows
  FROM (SELECT id FROM fp
         ORDER BY fuse(body <=> 'alpha'::wquery,
                       emb <-> '[1,0,0,1]'::wvec,
                       weights => '{0.5,0.5}') LIMIT 10) t;
 vector_rows 
-------------
          10
(1 row)

SELECT scores > 0 AS vector_arm_scored,
       scores <= 2 * pivots AS vector_arm_not_double_counted
  FROM weave_fuse_stats();
 vector_arm_scored | vector_arm_not_double_counted 
-------------------+-------------------------------
 t                 | t
(1 row)

-- CLAIM 3's MECHANISM, on `pivots` and deliberately not on `scores`.
--
-- ARCHITECTURE.md sect. 9 claim 3 is that a query gets FASTER as its predicates get
-- more selective, and the mechanism is that a required channel's intersection jumps
-- the scorer over ranges nothing can match -- which is counted as `rqskip` and shows
-- up as fewer `pivots`.  It does NOT show up as fewer `scores`, because a required
-- channel is itself scored once per pivot to obtain its veto (src/am/fuse.c, the
-- required loop), so adding a gate adds a score() call per surviving candidate.
-- Asserting the claim on `scores` would therefore be asserting something false, and
-- the reason to write that down here is that `scores` is the number sect. 8 quotes:
-- it is TOTAL work, which is the right quantity against RRF and the wrong one for
-- claim 3.
SET enable_bitmapscan = off;
SELECT weave_fuse_stats_reset();
 weave_fuse_stats_reset 
------------------------
 
(1 row)

SELECT count(*) AS ungated_rows
  FROM (SELECT id FROM fp
         ORDER BY fuse(body <=> 'alpha'::wquery,
                       body <=> 'zeta'::wquery,
                       weights => '{1,1}') LIMIT 5) t;
 ungated_rows 
--------------
            5
(1 row)

CREATE TEMP TABLE p_stats_ungated AS SELECT * FROM weave_fuse_stats();
SELECT weave_fuse_stats_reset();
 weave_fuse_stats_reset 
------------------------
 
(1 row)

SELECT count(*) AS gated_rows
  FROM (SELECT id FROM fp
         WHERE body @@@ 'zeta'::wquery
         ORDER BY fuse(body <=> 'alpha'::wquery,
                       body <=> 'zeta'::wquery,
                       weights => '{1,1}') LIMIT 5) t;
 gated_rows 
------------
          2
(1 row)

CREATE TEMP TABLE p_stats_gated AS SELECT * FROM weave_fuse_stats();
RESET enable_bitmapscan;
RESET enable_seqscan;
SELECT g.pivots <= u.pivots AS a_gate_does_not_widen_the_candidate_set,
       g.pivots < u.pivots AS a_gate_narrowed_it_here,
       g.rqskip > 0 AS the_intersection_did_the_skipping
  FROM p_stats_gated g, p_stats_ungated u;
 a_gate_does_not_widen_the_candidate_set | a_gate_narrowed_it_here | the_intersection_did_the_skipping 
-----------------------------------------+-------------------------+-----------------------------------
 t                                       | t                       | t
(1 row)

DROP TABLE p_stats_ungated, p_stats_gated;
-- ---------------------------------------------------------------------------
-- (7b) THE CONTROL ARM'S COUNTERS (0.19.0), which are what make section 8's ratio a
-- ratio rather than one measured number over one assumed one.
--
-- weave_work_stats() counts what a CHANNEL did on whatever path asked it, so the
-- fused arm and a single-channel arm are counted by one piece of code in one unit.
-- Two relations are worth pinning and neither is a number:
--
--   * `lex_contribs` moves for a SINGLE-CHANNEL lexical query and does NOT move for a
--     fused one.  That asymmetry is deliberate and is the whole correctness content
--     of the counter: the fused lexical channel calls the same wand_contrib_cur(), so
--     an increment inside that function would count the fused arm twice -- once here
--     and once in weave_fuse_stats().scores -- and a quantity double-counted in one
--     arm of a ratio is a made-up ratio.
--   * `vec_lanes` moves on BOTH paths, because it is harvested at vec_shuttle_end(),
--     the one site every vector shuttle passes through.  A zero on either path would
--     mean the harvest site is not on that path after all.
-- ---------------------------------------------------------------------------
SET enable_seqscan = off;
SELECT weave_work_stats_reset();
 weave_work_stats_reset 
------------------------
 
(1 row)

SELECT count(*) AS lexical_only_rows
  FROM (SELECT id FROM fp ORDER BY body <=> 'alpha'::wquery LIMIT 5) t;
 lexical_only_rows 
-------------------
                 5
(1 row)

SELECT lex_contribs > 0 AS the_wand_path_counted_contributions,
       vec_lanes = 0 AS a_lexical_query_scored_no_lanes
  FROM weave_work_stats();
 the_wand_path_counted_contributions | a_lexical_query_scored_no_lanes 
-------------------------------------+---------------------------------
 t                                   | t
(1 row)

SELECT weave_work_stats_reset();
 weave_work_stats_reset 
------------------------
 
(1 row)

SELECT count(*) AS vector_only_rows
  FROM (SELECT id FROM fp ORDER BY emb <-> '[1,0,0,1]'::wvec LIMIT 5) t;
 vector_only_rows 
------------------
                5
(1 row)

SELECT vec_lanes > 0 AS the_orderby_path_harvested_lanes,
       vec_shuttles > 0 AS a_shuttle_was_ended,
       lex_contribs = 0 AS a_vector_query_scored_no_terms
  FROM weave_work_stats();
 the_orderby_path_harvested_lanes | a_shuttle_was_ended | a_vector_query_scored_no_terms 
----------------------------------+---------------------+--------------------------------
 t                                | t                   | t
(1 row)

SELECT weave_work_stats_reset();
 weave_work_stats_reset 
------------------------
 
(1 row)

SELECT count(*) AS fused_rows
  FROM (SELECT id FROM fp
         ORDER BY fuse(body <=> 'alpha'::wquery,
                       emb <-> '[1,0,0,1]'::wvec,
                       weights => '{0.5,0.5}') LIMIT 5) t;
 fused_rows 
------------
          5
(1 row)

SELECT vec_lanes > 0 AS the_fused_path_harvested_lanes_too,
       lex_contribs = 0 AS the_fused_lexical_channel_is_not_counted_here
  FROM weave_work_stats();
 the_fused_path_harvested_lanes_too | the_fused_lexical_channel_is_not_counted_here 
------------------------------------+-----------------------------------------------
 t                                  | t
(1 row)

RESET enable_seqscan;
DROP TABLE p_pushdown, p_fallback, p_oracle_scores, p_oracle, p_gated, p_ungated, p_lat, p_solo;
DROP TABLE fpmap, pv_pushdown, pv_oracle_scores, pv_oracle;
-- ---------------------------------------------------------------------------
-- (G71) A ROW WITH A NULL VECTOR IS NOT A RANKED CANDIDATE.  doc/GAPS.md G71.
--
-- fuse() is NULL when an argument is NULL, and ascending ORDER BY puts it LAST.
-- The fused core scores a scored channel that does not reach a document as 0,
-- which for l2 (scores <= 0) is the best vector score there is -- so before the fix
-- the three NULL-vector rows came FIRST from the index and last from a Sort.  The
-- fix gates the vector key on "has a live lane" and pads the rest at NULL.
--
-- The assertion is the set of rows in the NULL-fused TAIL, plus every row once:
-- the ORDER of rows inside the ranked head is not compared against the fallback,
-- for sect. 7a (1)'s reason (the fallback's `<=>` approximates BM25).  Rows 101-103
-- have a NULL vector, 301 a NULL document, 401/402 are pending (one with a vector).
-- ---------------------------------------------------------------------------
CREATE TABLE fnv (id int, body wdoc, emb wvec(4));
INSERT INTO fnv SELECT g, to_wdoc('simple', 'alpha w' || g), ('[' || g || ',0,0,0]')::wvec
  FROM generate_series(1, 30) g;
INSERT INTO fnv SELECT g, to_wdoc('simple', 'alpha w' || g), NULL FROM generate_series(101, 103) g;
INSERT INTO fnv SELECT g, to_wdoc('simple', 'beta w' || g), ('[' || (g - 200) || ',0,0,0]')::wvec
  FROM generate_series(201, 203) g;
INSERT INTO fnv VALUES (301, NULL, '[0.5,0,0,0]');
CREATE INDEX fnv_weave ON fnv USING weave (body, emb);
INSERT INTO fnv VALUES (401, to_wdoc('simple', 'alpha pendingrow'), '[0.1,0,0,0]'),
                       (402, to_wdoc('simple', 'alpha pendnull'), NULL);
ANALYZE fnv;
SET enable_seqscan = off;
EXPLAIN (COSTS OFF)
SELECT id FROM fnv ORDER BY fuse(body <=> 'alpha'::wquery, emb <-> '[0,0,0,0]'::wvec);
                                                 QUERY PLAN                                                  
-------------------------------------------------------------------------------------------------------------
 Index Scan using fnv_weave on fnv
   Order By: ((body <=> '''alpha'''::wquery) AND (emb <-> '[0,0,0,0]'::wvec) AND (body <~> '{1,1}'::real[]))
(2 rows)

CREATE TEMP TABLE fnv_p AS
  SELECT row_number() OVER () AS rn, id
    FROM (SELECT id FROM fnv
           ORDER BY fuse(body <=> 'alpha'::wquery, emb <-> '[0,0,0,0]'::wvec)) s;
SELECT array_agg(id ORDER BY rn) FILTER (WHERE rn <= 3) AS fused_first3
  FROM fnv_p;
 fused_first3 
--------------
 {401,1,201}
(1 row)

RESET enable_seqscan;
SET enable_indexscan = off;
SET enable_bitmapscan = off;
CREATE TEMP TABLE fnv_f AS
  SELECT id, fuse(body <=> 'alpha'::wquery, emb <-> '[0,0,0,0]'::wvec) AS v FROM fnv;
RESET enable_indexscan;
RESET enable_bitmapscan;
SELECT (SELECT count(*) FROM fnv_p) = (SELECT count(*) FROM fnv) AS fused_every_row,
       (SELECT count(DISTINCT id) FROM fnv_p) = (SELECT count(*) FROM fnv) AS fused_no_row_twice,
       (SELECT array_agg(id ORDER BY id) FROM fnv_p
         WHERE rn > (SELECT count(*) FROM fnv_f WHERE v IS NOT NULL)) AS fused_tail,
       (SELECT array_agg(id ORDER BY id) FROM fnv_f WHERE v IS NULL) AS heap_null_fuse;
 fused_every_row | fused_no_row_twice |      fused_tail       |    heap_null_fuse     
-----------------+--------------------+-----------------------+-----------------------
 t               | t                  | {101,102,103,301,402} | {101,102,103,301,402}
(1 row)

-- Row 401 is PENDING and has a vector.  Since doc/GAPS.md G66's fused half was
-- closed, the fused pass reads the pending list and RANKS it -- vector 0.1 from the
-- query, so it is first (fused_first3 above) -- and it still comes before every
-- NULL-fused row, which is what G71 asserts here.
SELECT (SELECT rn FROM fnv_p WHERE id = 401)
       < (SELECT min(rn) FROM fnv_p WHERE id IN (101, 102, 103, 301, 402))
       AS pending_vector_row_before_null_tail;
 pending_vector_row_before_null_tail 
-------------------------------------
 t
(1 row)

-- (G66) THE RANKED HEAD AGAINST AN EXACT ORACLE, pending row included.  With
-- fuse_normalize off the fused score is the raw sum: the index's own BM25 for the
-- lexical key -- weave_search(), which scores pending documents on the segment
-- scale (G66) -- plus -||q - v||^2 for the vector one.  With q = 0 the lanes'
-- quantized score is exact (-qnorm^2 + 2<q,v> - ||v||^2 with the stored norm), so
-- the heap's exact distance is the index's number for flushed and pending rows
-- alike.  The oracle covers the rows whose fuse() is not NULL.
SET pg_weave.fuse_normalize = off;
SET enable_seqscan = off;
CREATE TEMP TABLE fnv_p2 AS
  SELECT row_number() OVER () AS rn, id
    FROM (SELECT id FROM fnv
           ORDER BY fuse(body <=> 'alpha'::wquery, emb <-> '[0,0,0,0]'::wvec)) s;
RESET enable_seqscan;
CREATE TEMP TABLE fnv_o AS
  SELECT f.id, COALESCE(s.score, 0::float8) - (f.emb <-> '[0,0,0,0]'::wvec)::float8 ^ 2 AS score
    FROM fnv f LEFT JOIN weave_search('fnv_weave', 'alpha'::wquery, 1000) s ON s.ctid = f.ctid
   WHERE f.body IS NOT NULL AND f.emb IS NOT NULL;
SELECT count(*) = count(DISTINCT score) AS fnv_oracle_tie_free FROM fnv_o;
 fnv_oracle_tie_free 
---------------------
 t
(1 row)

SELECT (SELECT array_agg(id ORDER BY rn) FROM fnv_p2 WHERE rn <= (SELECT count(*) FROM fnv_o))
       = (SELECT array_agg(id ORDER BY score DESC) FROM fnv_o) AS fused_head_matches_exact_oracle,
       (SELECT rn FROM fnv_p2 WHERE id = 401) AS pending_row_rank,
       (SELECT count(*) FROM fnv_p2) = (SELECT count(*) FROM fnv) AS fnv2_every_row,
       (SELECT count(DISTINCT id) FROM fnv_p2) = (SELECT count(*) FROM fnv) AS fnv2_no_row_twice;
 fused_head_matches_exact_oracle | pending_row_rank | fnv2_every_row | fnv2_no_row_twice 
---------------------------------+------------------+----------------+-------------------
 t                               |                1 | t              | t
(1 row)

RESET pg_weave.fuse_normalize;
DROP TABLE fnv_p2;
DROP TABLE fnv_o;
DROP TABLE fnv_p;
DROP TABLE fnv_f;
DROP TABLE fnv;
-- ---------------------------------------------------------------------------
-- (G66) A PENDING ROW ACROSS THE WIDENING LADDER.  doc/GAPS.md G66.
--
-- 200 flushed rows `alpha wN` at [N,0,0,0], so with q = 0 the fused score is
-- B - N^2 (one BM25 B for every row: same tf, same length) and the order is N.
-- Four pending rows: 501 at 0.5 (best of the alpha rows), 502 at 100.5 (between
-- 100 and 101), 503 at 300 (worst), and 504 `beta` at 0.2, which no lexical term
-- reaches but the vector channel does (best of all, ungated).  wand_initial_k = 1
-- makes the first rung 64 wide, so that pass PRUNES: 501 and 504 score above its
-- 64th row and are emitted by it; 502 and 503 are below that frontier and must
-- wait for the wider pass, or they would be handed out ahead of rows 65..100 that
-- only the wider pass finds.  The assertion is the whole order against the exact
-- oracle, plus every row once.
-- ---------------------------------------------------------------------------
CREATE TABLE fpf (id int, body wdoc, emb wvec(4));
INSERT INTO fpf SELECT g, to_wdoc('simple', 'alpha w' || g), ('[' || g || ',0,0,0]')::wvec
  FROM generate_series(1, 200) g;
CREATE INDEX fpf_weave ON fpf USING weave (body, emb);
INSERT INTO fpf VALUES (501, to_wdoc('simple', 'alpha best'), '[0.5,0,0,0]'),
                       (502, to_wdoc('simple', 'alpha mid'), '[100.5,0,0,0]'),
                       (503, to_wdoc('simple', 'alpha worst'), '[300,0,0,0]'),
                       (504, to_wdoc('simple', 'beta near'), '[0.2,0,0,0]');
ANALYZE fpf;
SET pg_weave.fuse_normalize = off;
SET pg_weave.wand_initial_k = 1;
SET enable_seqscan = off;
EXPLAIN (COSTS OFF)
SELECT id FROM fpf ORDER BY fuse(body <=> 'alpha'::wquery, emb <-> '[0,0,0,0]'::wvec);
                                                 QUERY PLAN                                                  
-------------------------------------------------------------------------------------------------------------
 Index Scan using fpf_weave on fpf
   Order By: ((body <=> '''alpha'''::wquery) AND (emb <-> '[0,0,0,0]'::wvec) AND (body <~> '{1,1}'::real[]))
(2 rows)

CREATE TEMP TABLE fpf_p AS
  SELECT row_number() OVER () AS rn, id
    FROM (SELECT id FROM fpf
           ORDER BY fuse(body <=> 'alpha'::wquery, emb <-> '[0,0,0,0]'::wvec)) s;
-- the first page, gated: the pending row is the best alpha candidate
EXPLAIN (COSTS OFF)
SELECT id FROM fpf WHERE body @@@ 'alpha'::wquery
 ORDER BY fuse(body <=> 'alpha'::wquery, emb <-> '[0,0,0,0]'::wvec) LIMIT 3;
                                                    QUERY PLAN                                                     
-------------------------------------------------------------------------------------------------------------------
 Limit
   ->  Index Scan using fpf_weave on fpf
         Index Cond: (body @@@ '''alpha'''::wquery)
         Order By: ((body <=> '''alpha'''::wquery) AND (emb <-> '[0,0,0,0]'::wvec) AND (body <~> '{1,1}'::real[]))
(4 rows)

SELECT array_agg(id) AS gated_first3
  FROM (SELECT id FROM fpf WHERE body @@@ 'alpha'::wquery
         ORDER BY fuse(body <=> 'alpha'::wquery, emb <-> '[0,0,0,0]'::wvec) LIMIT 3) s;
 gated_first3 
--------------
 {501,1,2}
(1 row)

RESET enable_seqscan;
CREATE TEMP TABLE fpf_o AS
  SELECT f.id, COALESCE(s.score, 0::float8) - (f.emb <-> '[0,0,0,0]'::wvec)::float8 ^ 2 AS score
    FROM fpf f LEFT JOIN weave_search('fpf_weave', 'alpha'::wquery, 1000) s ON s.ctid = f.ctid;
SELECT count(*) = count(DISTINCT score) AS fpf_oracle_tie_free FROM fpf_o;
 fpf_oracle_tie_free 
---------------------
 t
(1 row)

SELECT (SELECT array_agg(id ORDER BY rn) FROM fpf_p)
       = (SELECT array_agg(id ORDER BY score DESC) FROM fpf_o) AS fpf_order_matches_exact_oracle,
       (SELECT array_agg(id ORDER BY rn) FILTER (WHERE rn <= 3) FROM fpf_p) AS fpf_first3,
       (SELECT rn FROM fpf_p WHERE id = 502) AS mid_pending_rank,
       (SELECT rn FROM fpf_p WHERE id = 503) AS worst_pending_rank,
       (SELECT count(*) FROM fpf_p) = (SELECT count(*) FROM fpf) AS fpf_every_row,
       (SELECT count(DISTINCT id) FROM fpf_p) = (SELECT count(*) FROM fpf) AS fpf_no_row_twice;
 fpf_order_matches_exact_oracle | fpf_first3  | mid_pending_rank | worst_pending_rank | fpf_every_row | fpf_no_row_twice 
--------------------------------+-------------+------------------+--------------------+---------------+------------------
 t                              | {504,501,1} |              103 |                204 | t             | t
(1 row)

RESET pg_weave.wand_initial_k;
RESET pg_weave.fuse_normalize;
DROP TABLE fpf_p;
DROP TABLE fpf_o;
DROP TABLE fpf;
-- EVERYTHING PENDING: an index built on an empty table, then filled.  No segment
-- holds any query term, so the lexical key's idf must come from the pending list
-- (weave_pending_ranked()'s pass 0); without it the lexical channel contributes
-- nothing and the order is the vector's alone (B, A, C instead of A, B, C).
CREATE TABLE fpe (id text, body wdoc, emb wvec(4));
CREATE INDEX fpe_weave ON fpe USING weave (body, emb);
INSERT INTO fpe VALUES ('A', to_wdoc('simple', 'alpha alpha alpha alpha wa'), '[1.2,0,0,0]'),
                       ('B', to_wdoc('simple', 'beta wb'), '[1,0,0,0]'),
                       ('C', to_wdoc('simple', 'gamma wc'), '[3,0,0,0]');
ANALYZE fpe;
SET pg_weave.fuse_normalize = off;
SET enable_seqscan = off;
EXPLAIN (COSTS OFF)
SELECT id FROM fpe ORDER BY fuse(body <=> 'alpha'::wquery, emb <-> '[0,0,0,0]'::wvec);
                                                 QUERY PLAN                                                  
-------------------------------------------------------------------------------------------------------------
 Index Scan using fpe_weave on fpe
   Order By: ((body <=> '''alpha'''::wquery) AND (emb <-> '[0,0,0,0]'::wvec) AND (body <~> '{1,1}'::real[]))
(2 rows)

CREATE TEMP TABLE fpe_p AS
  SELECT array_agg(id) AS o
    FROM (SELECT id FROM fpe
           ORDER BY fuse(body <=> 'alpha'::wquery, emb <-> '[0,0,0,0]'::wvec)) s;
RESET enable_seqscan;
SELECT p.o AS all_pending_order,
       p.o = (SELECT array_agg(id ORDER BY score DESC)
                FROM (SELECT f.id, COALESCE(s.score, 0::float8)
                             - (f.emb <-> '[0,0,0,0]'::wvec)::float8 ^ 2 AS score
                        FROM fpe f
                        LEFT JOIN weave_search('fpe_weave', 'alpha'::wquery, 1000) s
                               ON s.ctid = f.ctid) o) AS all_pending_matches_exact_oracle
  FROM fpe_p p;
 all_pending_order | all_pending_matches_exact_oracle 
-------------------+----------------------------------
 {A,B,C}           | t
(1 row)

RESET pg_weave.fuse_normalize;
DROP TABLE fpe_p;
DROP TABLE fpe;
-- ---------------------------------------------------------------------------
-- (G66) THE NORMALIZER COUNTS PENDING DOCUMENTS.  doc/GAPS.md G66.
--
-- pg_weave.fuse_normalize divides each key by its ceiling.  If the ceiling is
-- taken over the bolts only, a pending document can exceed it, and the ranking
-- then CHANGES WHEN A FLUSH RUNS -- the same rows, the same query, a different
-- order.  So the assertion is flush-invariance: the order before weave_merge()
-- equals the order after.  Each key here has one term, so its idf cancels in the
-- normalization and the only thing a flush moves is the ceiling.
--
-- Lexical: X `alpha wx` and Y `beta wy` are flushed, P (alpha x 8) is pending, and
-- the alpha key's ceiling is set by P's tf of 8.  Counted: P, Y, X.  Bolts-only
-- (ceiling at tf 1): P, X, Y.
-- ---------------------------------------------------------------------------
CREATE TABLE fpn (id text, body wdoc);
INSERT INTO fpn VALUES ('X', to_wdoc('simple', 'alpha wx')), ('Y', to_wdoc('simple', 'beta wy'));
CREATE INDEX fpn_weave ON fpn USING weave (body);
INSERT INTO fpn VALUES ('P', to_wdoc('simple', 'alpha alpha alpha alpha alpha alpha alpha alpha'));
ANALYZE fpn;
SET enable_seqscan = off;
EXPLAIN (COSTS OFF)
SELECT id FROM fpn ORDER BY fuse(body <=> 'alpha'::wquery, body <=> 'beta'::wquery, weights => '{1.1,1}');
                                                   QUERY PLAN                                                    
-----------------------------------------------------------------------------------------------------------------
 Index Scan using fpn_weave on fpn
   Order By: ((body <=> '''alpha'''::wquery) AND (body <=> '''beta'''::wquery) AND (body <~> '{1.1,1}'::real[]))
(2 rows)

CREATE TEMP TABLE fpn_before AS
  SELECT array_agg(id) AS o
    FROM (SELECT id FROM fpn
           ORDER BY fuse(body <=> 'alpha'::wquery, body <=> 'beta'::wquery, weights => '{1.1,1}')) s;
SELECT weave_merge('fpn_weave') IS NOT NULL AS fpn_flushed;
 fpn_flushed 
-------------
 t
(1 row)

CREATE TEMP TABLE fpn_after AS
  SELECT array_agg(id) AS o
    FROM (SELECT id FROM fpn
           ORDER BY fuse(body <=> 'alpha'::wquery, body <=> 'beta'::wquery, weights => '{1.1,1}')) s;
RESET enable_seqscan;
SELECT b.o AS lexical_before_flush, a.o AS lexical_after_flush, a.o = b.o AS lexical_flush_invariant
  FROM fpn_before b, fpn_after a;
 lexical_before_flush | lexical_after_flush | lexical_flush_invariant 
----------------------+---------------------+-------------------------
 {P,Y,X}              | {P,Y,X}             | t
(1 row)

DROP TABLE fpn_before;
DROP TABLE fpn_after;
DROP TABLE fpn;
-- Vector, on an ip index: X `alpha` at 0.1 and Y `beta` at 5 are flushed, P `gamma`
-- at 100 is pending, q = [1,0,0,0].  The vector key's ceiling is P's 100 once P is
-- counted, and X's lexical half (0.59 of its ceiling) then outweighs Y's 0.05:
-- P, X, Y.  Bolts-only the ceiling is about 5, Y's vector half is then about 1,
-- and Y beats X: P, Y, X.  The margin survives a ceiling up to 8.3, so a loose
-- (B2) bound cannot hide the difference.
CREATE TABLE fpi (id text, body wdoc, emb wvec(4));
INSERT INTO fpi VALUES ('X', to_wdoc('simple', 'alpha wx'), '[0.1,0,0,0]'),
                       ('Y', to_wdoc('simple', 'beta wy'), '[5,0,0,0]');
CREATE INDEX fpi_weave ON fpi USING weave (body, emb) WITH (metric = 'ip');
INSERT INTO fpi VALUES ('P', to_wdoc('simple', 'gamma wp'), '[100,0,0,0]');
ANALYZE fpi;
SET enable_seqscan = off;
EXPLAIN (COSTS OFF)
SELECT id FROM fpi ORDER BY fuse(body <=> 'alpha'::wquery, emb <#> '[1,0,0,0]'::wvec);
                                                 QUERY PLAN                                                  
-------------------------------------------------------------------------------------------------------------
 Index Scan using fpi_weave on fpi
   Order By: ((body <=> '''alpha'''::wquery) AND (emb <#> '[1,0,0,0]'::wvec) AND (body <~> '{1,1}'::real[]))
(2 rows)

CREATE TEMP TABLE fpi_before AS
  SELECT array_agg(id) AS o
    FROM (SELECT id FROM fpi
           ORDER BY fuse(body <=> 'alpha'::wquery, emb <#> '[1,0,0,0]'::wvec)) s;
SELECT weave_merge('fpi_weave') IS NOT NULL AS fpi_flushed;
 fpi_flushed 
-------------
 t
(1 row)

CREATE TEMP TABLE fpi_after AS
  SELECT array_agg(id) AS o
    FROM (SELECT id FROM fpi
           ORDER BY fuse(body <=> 'alpha'::wquery, emb <#> '[1,0,0,0]'::wvec)) s;
RESET enable_seqscan;
SELECT b.o AS vector_before_flush, a.o AS vector_after_flush, a.o = b.o AS vector_flush_invariant
  FROM fpi_before b, fpi_after a;
 vector_before_flush | vector_after_flush | vector_flush_invariant 
---------------------+--------------------+------------------------
 {P,X,Y}             | {P,X,Y}            | t
(1 row)

DROP TABLE fpi_before;
DROP TABLE fpi_after;
DROP TABLE fpi;
DROP TABLE fp_nb;
DROP TABLE fp_l2b;
DROP TABLE fp_ip;
DROP TABLE fp;
RESET max_parallel_workers_per_gather;
