--
-- G93: the tsquery -> wquery cast must answer exactly what core's @@ answers,
-- or refuse.  For every query below, `tsv @@ q` (core) and
-- `to_wdoc(tsv) @@@ q::wquery` must return the SAME row set over one table; a
-- tsquery shape wquery cannot express exactly is refused with
-- feature_not_supported, never converted into something that answers
-- differently.
--
CREATE EXTENSION IF NOT EXISTS pg_weave;
NOTICE:  extension "pg_weave" already exists, skipping
SELECT setseed(0.93);
 setseed 
---------
 
(1 row)

-- every document fully positioned; zones A/B/C/D from setweight() segments, so
-- a lexeme can occur in several zones and at several distances from another
CREATE FUNCTION pg_temp.words(n int) RETURNS text LANGUAGE sql VOLATILE AS $$
	SELECT coalesce(string_agg((ARRAY['quick','brown','fox','dog','lazy',
									  'jump','over','fog'])[1 + floor(random() * 8)::int],
							   ' '), '')
	  FROM generate_series(1, n)
$$;
CREATE TEMP TABLE tc (id int PRIMARY KEY, tsv tsvector);
DO $$
BEGIN
	FOR g IN 1..200 LOOP
		INSERT INTO tc VALUES (g,
			setweight(to_tsvector('simple', pg_temp.words(floor(random() * 4)::int)), 'A') ||
			setweight(to_tsvector('simple', pg_temp.words(floor(random() * 4)::int)), 'B') ||
			setweight(to_tsvector('simple', pg_temp.words(floor(random() * 4)::int)), 'C') ||
			to_tsvector('simple', pg_temp.words(floor(random() * 5)::int)));
	END LOOP;
END $$;
SELECT count(*) AS docs, count(*) FILTER (WHERE tsv = strip(tsv) AND length(tsv) > 0) AS stripped
  FROM tc;
 docs | stripped 
------+----------
  200 |        0
(1 row)

-- the index arms: weave_count() enters the scan machinery directly, so it
-- reaches the scan-side recheck rather than an executor recheck (AGENTS.md)
CREATE INDEX tc_tsv ON tc USING weave (tsv tsvector_lex_ops);
CREATE INDEX tc_expr ON tc USING weave (to_wdoc(tsv));
-- core's row set, the cast's row set (heap evaluation), the two index counts
-- (ix_ok), the ranked index scan's relation to core (ranked), or the refusal
CREATE FUNCTION pg_temp.cmp(q text, OUT core int[], OUT weave int[],
							OUT ix_ok bool, OUT ranked text, OUT refused text)
LANGUAGE plpgsql AS $$
DECLARE
	wq wquery;
	r int[];
BEGIN
	SELECT coalesce(array_agg(id ORDER BY id), '{}') INTO core
	  FROM tc WHERE tsv @@ q::tsquery;
	BEGIN
		wq := q::tsquery::wquery;
	EXCEPTION WHEN feature_not_supported THEN
		refused := SQLERRM;
		RETURN;
	END;
	SELECT coalesce(array_agg(id ORDER BY id), '{}') INTO weave
	  FROM tc WHERE to_wdoc(tsv) @@@ wq;
	ix_ok := weave_count('tc_tsv', wq) = cardinality(core)
		 AND weave_count('tc_expr', wq) = cardinality(core);
	-- the ranked scan (WHERE @@@ q ORDER BY <=> q) has no heap recheck.  Its
	-- candidates come from q's positive literal terms, so a prefix expansion
	-- or a row matching only through NOT is not generated: a SUBSET is the
	-- documented limitation; any row core does not match is a wrong answer.
	SET LOCAL enable_seqscan = off;
	SET LOCAL enable_bitmapscan = off;
	SELECT coalesce(array_agg(id ORDER BY id), '{}') INTO r FROM
		(SELECT id FROM tc WHERE tsv @@@ wq ORDER BY tsv <=> wq LIMIT 1000) x;
	SET LOCAL enable_seqscan = on;
	SET LOCAL enable_bitmapscan = on;
	ranked := CASE WHEN r = core THEN 'same'
				   WHEN r <@ core THEN 'subset'
				   ELSE 'SUPERSET' END;
END $$;
-- ---- hand-written ---------------------------------------------------------
SELECT q, cardinality(c.core) AS ncore,
	   CASE WHEN c.refused IS NOT NULL THEN 'refused'
			WHEN c.core = c.weave AND c.ix_ok THEN 'same' ELSE 'DIFFERENT' END AS verdict,
	   c.ranked, c.refused
  FROM (VALUES
		-- weights, single and combined
		('fox:A'), ('fox:B'), ('fox:C'), ('fox:D'), ('fox:AB'), ('fox:CD'),
		('fox:AD'), ('fox:BCD'), ('fox:ABCD'), ('fox:A & dog:B'), ('fox:A | dog:D'),
		-- prefixes
		('fo:*'), ('qu:*'), ('f:*'), ('fo:* & !fox'), ('fo:* | la:*'),
		-- prefix with a weight: wquery's prefix match has no zones
		('fo:*A'), ('fo:*AB'),
		-- phrases
		('quick <-> brown'), ('quick:A <-> brown'), ('quick <-> brown:B'),
		('(quick <-> brown) <-> fox'), ('(quick <-> brown) & fox'),
		('!(quick <-> brown)'), ('fox <-> fox'),
		-- phrase shapes wquery cannot express exactly
		('quick <2> brown'), ('quick <0> brown'), ('quick <3> brown'),
		('quick <-> (brown <-> fox)'), ('quick <-> (brown | fox)'),
		('quick <-> (brown & fox)'), ('quick <-> !brown'), ('fo:* <-> dog'),
		('quick <-> fo:*'),
		-- negation
		('!fox'), ('!fox & !dog'), ('!(fox | dog)'), ('!!fox'), ('fox & !dog:A'),
		-- a term no document has; the empty query
		('zzz'), ('!zzz'), ('')) v(q),
	   LATERAL pg_temp.cmp(q) c;
NOTICE:  text-search query doesn't contain lexemes: ""
NOTICE:  text-search query doesn't contain lexemes: ""
NOTICE:  text-search query doesn't contain lexemes: ""
NOTICE:  text-search query doesn't contain lexemes: ""
NOTICE:  text-search query doesn't contain lexemes: ""
NOTICE:  text-search query doesn't contain lexemes: ""
NOTICE:  text-search query doesn't contain lexemes: ""
NOTICE:  text-search query doesn't contain lexemes: ""
NOTICE:  text-search query doesn't contain lexemes: ""
NOTICE:  text-search query doesn't contain lexemes: ""
NOTICE:  text-search query doesn't contain lexemes: ""
NOTICE:  text-search query doesn't contain lexemes: ""
NOTICE:  text-search query doesn't contain lexemes: ""
NOTICE:  text-search query doesn't contain lexemes: ""
NOTICE:  text-search query doesn't contain lexemes: ""
NOTICE:  text-search query doesn't contain lexemes: ""
NOTICE:  text-search query doesn't contain lexemes: ""
NOTICE:  text-search query doesn't contain lexemes: ""
NOTICE:  text-search query doesn't contain lexemes: ""
NOTICE:  text-search query doesn't contain lexemes: ""
NOTICE:  text-search query doesn't contain lexemes: ""
NOTICE:  text-search query doesn't contain lexemes: ""
NOTICE:  text-search query doesn't contain lexemes: ""
NOTICE:  text-search query doesn't contain lexemes: ""
NOTICE:  text-search query doesn't contain lexemes: ""
NOTICE:  text-search query doesn't contain lexemes: ""
NOTICE:  text-search query doesn't contain lexemes: ""
NOTICE:  text-search query doesn't contain lexemes: ""
NOTICE:  text-search query doesn't contain lexemes: ""
NOTICE:  text-search query doesn't contain lexemes: ""
NOTICE:  text-search query doesn't contain lexemes: ""
NOTICE:  text-search query doesn't contain lexemes: ""
NOTICE:  text-search query doesn't contain lexemes: ""
NOTICE:  text-search query doesn't contain lexemes: ""
NOTICE:  text-search query doesn't contain lexemes: ""
NOTICE:  text-search query doesn't contain lexemes: ""
NOTICE:  text-search query doesn't contain lexemes: ""
NOTICE:  text-search query doesn't contain lexemes: ""
NOTICE:  text-search query doesn't contain lexemes: ""
NOTICE:  text-search query doesn't contain lexemes: ""
NOTICE:  text-search query doesn't contain lexemes: ""
NOTICE:  text-search query doesn't contain lexemes: ""
NOTICE:  text-search query doesn't contain lexemes: ""
NOTICE:  text-search query doesn't contain lexemes: ""
NOTICE:  text-search query doesn't contain lexemes: ""
NOTICE:  text-search query doesn't contain lexemes: ""
NOTICE:  text-search query doesn't contain lexemes: ""
NOTICE:  text-search query doesn't contain lexemes: ""
NOTICE:  text-search query doesn't contain lexemes: ""
NOTICE:  text-search query doesn't contain lexemes: ""
NOTICE:  text-search query doesn't contain lexemes: ""
NOTICE:  text-search query doesn't contain lexemes: ""
NOTICE:  text-search query doesn't contain lexemes: ""
NOTICE:  text-search query doesn't contain lexemes: ""
NOTICE:  text-search query doesn't contain lexemes: ""
NOTICE:  text-search query doesn't contain lexemes: ""
NOTICE:  text-search query doesn't contain lexemes: ""
NOTICE:  text-search query doesn't contain lexemes: ""
NOTICE:  text-search query doesn't contain lexemes: ""
NOTICE:  text-search query doesn't contain lexemes: ""
NOTICE:  text-search query doesn't contain lexemes: ""
NOTICE:  text-search query doesn't contain lexemes: ""
NOTICE:  text-search query doesn't contain lexemes: ""
NOTICE:  text-search query doesn't contain lexemes: ""
NOTICE:  text-search query doesn't contain lexemes: ""
NOTICE:  text-search query doesn't contain lexemes: ""
NOTICE:  text-search query doesn't contain lexemes: ""
NOTICE:  text-search query doesn't contain lexemes: ""
NOTICE:  text-search query doesn't contain lexemes: ""
NOTICE:  text-search query doesn't contain lexemes: ""
NOTICE:  text-search query doesn't contain lexemes: ""
NOTICE:  text-search query doesn't contain lexemes: ""
NOTICE:  text-search query doesn't contain lexemes: ""
NOTICE:  text-search query doesn't contain lexemes: ""
NOTICE:  text-search query doesn't contain lexemes: ""
NOTICE:  text-search query doesn't contain lexemes: ""
NOTICE:  text-search query doesn't contain lexemes: ""
NOTICE:  text-search query doesn't contain lexemes: ""
NOTICE:  text-search query doesn't contain lexemes: ""
NOTICE:  text-search query doesn't contain lexemes: ""
NOTICE:  text-search query doesn't contain lexemes: ""
NOTICE:  text-search query doesn't contain lexemes: ""
NOTICE:  text-search query doesn't contain lexemes: ""
NOTICE:  text-search query doesn't contain lexemes: ""
NOTICE:  text-search query doesn't contain lexemes: ""
NOTICE:  text-search query doesn't contain lexemes: ""
NOTICE:  text-search query doesn't contain lexemes: ""
NOTICE:  text-search query doesn't contain lexemes: ""
NOTICE:  text-search query doesn't contain lexemes: ""
NOTICE:  text-search query doesn't contain lexemes: ""
NOTICE:  text-search query doesn't contain lexemes: ""
NOTICE:  text-search query doesn't contain lexemes: ""
NOTICE:  text-search query doesn't contain lexemes: ""
NOTICE:  text-search query doesn't contain lexemes: ""
NOTICE:  text-search query doesn't contain lexemes: ""
NOTICE:  text-search query doesn't contain lexemes: ""
NOTICE:  text-search query doesn't contain lexemes: ""
NOTICE:  text-search query doesn't contain lexemes: ""
NOTICE:  text-search query doesn't contain lexemes: ""
NOTICE:  text-search query doesn't contain lexemes: ""
NOTICE:  text-search query doesn't contain lexemes: ""
NOTICE:  text-search query doesn't contain lexemes: ""
NOTICE:  text-search query doesn't contain lexemes: ""
NOTICE:  text-search query doesn't contain lexemes: ""
NOTICE:  text-search query doesn't contain lexemes: ""
NOTICE:  text-search query doesn't contain lexemes: ""
NOTICE:  text-search query doesn't contain lexemes: ""
NOTICE:  text-search query doesn't contain lexemes: ""
NOTICE:  text-search query doesn't contain lexemes: ""
NOTICE:  text-search query doesn't contain lexemes: ""
NOTICE:  text-search query doesn't contain lexemes: ""
NOTICE:  text-search query doesn't contain lexemes: ""
NOTICE:  text-search query doesn't contain lexemes: ""
NOTICE:  text-search query doesn't contain lexemes: ""
NOTICE:  text-search query doesn't contain lexemes: ""
NOTICE:  text-search query doesn't contain lexemes: ""
NOTICE:  text-search query doesn't contain lexemes: ""
NOTICE:  text-search query doesn't contain lexemes: ""
NOTICE:  text-search query doesn't contain lexemes: ""
NOTICE:  text-search query doesn't contain lexemes: ""
NOTICE:  text-search query doesn't contain lexemes: ""
NOTICE:  text-search query doesn't contain lexemes: ""
NOTICE:  text-search query doesn't contain lexemes: ""
NOTICE:  text-search query doesn't contain lexemes: ""
NOTICE:  text-search query doesn't contain lexemes: ""
NOTICE:  text-search query doesn't contain lexemes: ""
NOTICE:  text-search query doesn't contain lexemes: ""
NOTICE:  text-search query doesn't contain lexemes: ""
NOTICE:  text-search query doesn't contain lexemes: ""
NOTICE:  text-search query doesn't contain lexemes: ""
NOTICE:  text-search query doesn't contain lexemes: ""
NOTICE:  text-search query doesn't contain lexemes: ""
NOTICE:  text-search query doesn't contain lexemes: ""
NOTICE:  text-search query doesn't contain lexemes: ""
NOTICE:  text-search query doesn't contain lexemes: ""
NOTICE:  text-search query doesn't contain lexemes: ""
NOTICE:  text-search query doesn't contain lexemes: ""
NOTICE:  text-search query doesn't contain lexemes: ""
NOTICE:  text-search query doesn't contain lexemes: ""
NOTICE:  text-search query doesn't contain lexemes: ""
NOTICE:  text-search query doesn't contain lexemes: ""
NOTICE:  text-search query doesn't contain lexemes: ""
NOTICE:  text-search query doesn't contain lexemes: ""
NOTICE:  text-search query doesn't contain lexemes: ""
NOTICE:  text-search query doesn't contain lexemes: ""
NOTICE:  text-search query doesn't contain lexemes: ""
NOTICE:  text-search query doesn't contain lexemes: ""
NOTICE:  text-search query doesn't contain lexemes: ""
NOTICE:  text-search query doesn't contain lexemes: ""
NOTICE:  text-search query doesn't contain lexemes: ""
NOTICE:  text-search query doesn't contain lexemes: ""
NOTICE:  text-search query doesn't contain lexemes: ""
NOTICE:  text-search query doesn't contain lexemes: ""
NOTICE:  text-search query doesn't contain lexemes: ""
NOTICE:  text-search query doesn't contain lexemes: ""
NOTICE:  text-search query doesn't contain lexemes: ""
NOTICE:  text-search query doesn't contain lexemes: ""
NOTICE:  text-search query doesn't contain lexemes: ""
NOTICE:  text-search query doesn't contain lexemes: ""
NOTICE:  text-search query doesn't contain lexemes: ""
NOTICE:  text-search query doesn't contain lexemes: ""
NOTICE:  text-search query doesn't contain lexemes: ""
NOTICE:  text-search query doesn't contain lexemes: ""
NOTICE:  text-search query doesn't contain lexemes: ""
NOTICE:  text-search query doesn't contain lexemes: ""
NOTICE:  text-search query doesn't contain lexemes: ""
NOTICE:  text-search query doesn't contain lexemes: ""
NOTICE:  text-search query doesn't contain lexemes: ""
NOTICE:  text-search query doesn't contain lexemes: ""
NOTICE:  text-search query doesn't contain lexemes: ""
NOTICE:  text-search query doesn't contain lexemes: ""
NOTICE:  text-search query doesn't contain lexemes: ""
NOTICE:  text-search query doesn't contain lexemes: ""
NOTICE:  text-search query doesn't contain lexemes: ""
NOTICE:  text-search query doesn't contain lexemes: ""
NOTICE:  text-search query doesn't contain lexemes: ""
NOTICE:  text-search query doesn't contain lexemes: ""
NOTICE:  text-search query doesn't contain lexemes: ""
NOTICE:  text-search query doesn't contain lexemes: ""
NOTICE:  text-search query doesn't contain lexemes: ""
NOTICE:  text-search query doesn't contain lexemes: ""
NOTICE:  text-search query doesn't contain lexemes: ""
NOTICE:  text-search query doesn't contain lexemes: ""
NOTICE:  text-search query doesn't contain lexemes: ""
NOTICE:  text-search query doesn't contain lexemes: ""
NOTICE:  text-search query doesn't contain lexemes: ""
NOTICE:  text-search query doesn't contain lexemes: ""
NOTICE:  text-search query doesn't contain lexemes: ""
NOTICE:  text-search query doesn't contain lexemes: ""
NOTICE:  text-search query doesn't contain lexemes: ""
NOTICE:  text-search query doesn't contain lexemes: ""
NOTICE:  text-search query doesn't contain lexemes: ""
NOTICE:  text-search query doesn't contain lexemes: ""
NOTICE:  text-search query doesn't contain lexemes: ""
NOTICE:  text-search query doesn't contain lexemes: ""
NOTICE:  text-search query doesn't contain lexemes: ""
NOTICE:  text-search query doesn't contain lexemes: ""
NOTICE:  text-search query doesn't contain lexemes: ""
NOTICE:  text-search query doesn't contain lexemes: ""
NOTICE:  text-search query doesn't contain lexemes: ""
NOTICE:  text-search query doesn't contain lexemes: ""
             q             | ncore | verdict | ranked |                                      refused                                      
---------------------------+-------+---------+--------+-----------------------------------------------------------------------------------
 fox:A                     |    30 | same    | same   | 
 fox:B                     |    30 | same    | same   | 
 fox:C                     |    42 | same    | same   | 
 fox:D                     |    51 | same    | same   | 
 fox:AB                    |    56 | same    | same   | 
 fox:CD                    |    83 | same    | same   | 
 fox:AD                    |    74 | same    | same   | 
 fox:BCD                   |   100 | same    | same   | 
 fox:ABCD                  |   113 | same    | same   | 
 fox:A & dog:B             |     5 | same    | same   | 
 fox:A | dog:D             |    72 | same    | same   | 
 fo:*                      |   158 | same    | subset | 
 qu:*                      |   110 | same    | subset | 
 f:*                       |   158 | same    | subset | 
 fo:* & !fox               |    45 | same    | subset | 
 fo:* | la:*               |   180 | same    | subset | 
 fo:*A                     |    57 | refused |        | cannot convert tsquery to wquery: a prefix lexeme with a weight restriction
 fo:*AB                    |   100 | refused |        | cannot convert tsquery to wquery: a prefix lexeme with a weight restriction
 quick <-> brown           |    14 | same    | same   | 
 quick:A <-> brown         |     6 | same    | same   | 
 quick <-> brown:B         |     4 | same    | same   | 
 (quick <-> brown) <-> fox |     0 | same    | same   | 
 (quick <-> brown) & fox   |     7 | same    | same   | 
 !(quick <-> brown)        |   186 | same    | subset | 
 fox <-> fox               |    12 | same    | same   | 
 quick <2> brown           |    13 | refused |        | cannot convert tsquery to wquery: a phrase that is not a left-nested chain of <->
 quick <0> brown           |     0 | refused |        | cannot convert tsquery to wquery: a phrase that is not a left-nested chain of <->
 quick <3> brown           |     8 | refused |        | cannot convert tsquery to wquery: a phrase that is not a left-nested chain of <->
 quick <-> (brown <-> fox) |     0 | refused |        | cannot convert tsquery to wquery: a phrase that is not a left-nested chain of <->
 quick <-> (brown | fox)   |    29 | refused |        | cannot convert tsquery to wquery: &, | or ! inside a phrase
 quick <-> (brown & fox)   |     0 | refused |        | cannot convert tsquery to wquery: &, | or ! inside a phrase
 quick <-> !brown          |   105 | refused |        | cannot convert tsquery to wquery: &, | or ! inside a phrase
 fo:* <-> dog              |    35 | refused |        | cannot convert tsquery to wquery: a prefix lexeme inside a phrase
 quick <-> fo:*            |    29 | refused |        | cannot convert tsquery to wquery: a prefix lexeme inside a phrase
 !fox                      |    87 | same    | subset | 
 !fox & !dog               |    33 | same    | subset | 
 !(fox | dog)              |    33 | same    | subset | 
 !!fox                     |   113 | same    | same   | 
 fox & !dog:A              |    92 | same    | same   | 
 zzz                       |     0 | same    | same   | 
 !zzz                      |   200 | same    | subset | 
                           |     0 | same    | same   | 
(42 rows)

-- ---- randomized -----------------------------------------------------------
CREATE FUNCTION pg_temp.rq(depth int) RETURNS text LANGUAGE plpgsql VOLATILE AS $$
DECLARE
	r float8 := random();
	w text := (ARRAY['quick','brown','fox','dog','lazy','jump','over','fog'])[1 + floor(random() * 8)::int];
	lbl text := (ARRAY['A','B','C','D','AB','CD','AD','BC','BCD','ABCD'])[1 + floor(random() * 10)::int];
	op text := (ARRAY['&','|','<->','<->','<->','<2>','<0>'])[1 + floor(random() * 7)::int];
	d float8 := random();
	lhs text;
BEGIN
	IF depth <= 0 OR r < 0.3 THEN
		IF d < 0.15 THEN
			RETURN left(w, 2) || ':*';
		ELSIF d < 0.45 THEN
			RETURN w || ':' || lbl;
		ELSIF d < 0.5 THEN
			RETURN left(w, 2) || ':*' || lbl;
		END IF;
		RETURN w;
	ELSIF r < 0.42 THEN
		RETURN '!(' || pg_temp.rq(depth - 1) || ')';
	END IF;
	lhs := pg_temp.rq(depth - 1);
	RETURN '(' || lhs || ' ' || op || ' ' || pg_temp.rq(depth - 1) || ')';
END $$;
CREATE TEMP TABLE rqs AS
SELECT i, pg_temp.rq(3) AS q FROM generate_series(1, 400) i;
CREATE TEMP TABLE rres AS
SELECT i, q, c.* FROM rqs, LATERAL pg_temp.cmp(q) c;
-- every converted query agrees with core; the rest were refused, by reason
SELECT count(*) AS queries,
	   count(*) FILTER (WHERE refused IS NULL AND core = weave AND ix_ok) AS same,
	   count(*) FILTER (WHERE refused IS NULL AND (core IS DISTINCT FROM weave
												  OR ix_ok IS NOT TRUE)) AS different,
	   count(*) FILTER (WHERE refused IS NOT NULL) AS refused,
	   count(*) FILTER (WHERE refused IS NULL AND cardinality(core) > 0) AS same_nonempty
  FROM rres;
 queries | same | different | refused | same_nonempty 
---------+------+-----------+---------+---------------
     400 |  160 |         0 |     240 |           159
(1 row)

SELECT refused, count(*) FROM rres WHERE refused IS NOT NULL GROUP BY 1 ORDER BY 1;
                                      refused                                      | count 
-----------------------------------------------------------------------------------+-------
 cannot convert tsquery to wquery: &, | or ! inside a phrase                       |   113
 cannot convert tsquery to wquery: a phrase that is not a left-nested chain of <-> |    46
 cannot convert tsquery to wquery: a prefix lexeme inside a phrase                 |    46
 cannot convert tsquery to wquery: a prefix lexeme with a weight restriction       |    35
(4 rows)

-- the disagreements, if any (none)
SELECT i, q, core, weave, ix_ok FROM rres
 WHERE refused IS NULL AND (core IS DISTINCT FROM weave OR ix_ok IS NOT TRUE)
 ORDER BY i LIMIT 20;
 i | q | core | weave | ix_ok 
---+---+------+-------+-------
(0 rows)

-- the ranked scan: never a SUPERSET; a subset only with a prefix or a NOT
SELECT ranked, count(*),
	   count(*) FILTER (WHERE q !~ ':\*' AND q !~ '!') AS without_prefix_or_not
  FROM rres WHERE refused IS NULL GROUP BY 1 ORDER BY 1;
 ranked | count | without_prefix_or_not 
--------+-------+-----------------------
 same   |   125 |                   119
 subset |    35 |                     0
(2 rows)

-- coverage: the converted set exercises each feature at least once
SELECT count(*) FILTER (WHERE q ~ ':[A-D]+') AS weighted,
	   count(*) FILTER (WHERE q ~ ':\*') AS prefixed,
	   count(*) FILTER (WHERE q ~ '<->') AS phrased,
	   count(*) FILTER (WHERE q ~ '!') AS negated
  FROM rres WHERE refused IS NULL;
 weighted | prefixed | phrased | negated 
----------+----------+---------+---------
       55 |       23 |      11 |      20
(1 row)

-- the text form of each mapped shape
SELECT q, q::tsquery::wquery::text AS wquery
  FROM (VALUES ('fox:A'), ('fox:BD'), ('fox:ABCD'), ('fo:*'), ('!fox:C'),
			   ('quick <-> brown <-> fox'), ('fox:A & (dog | la:*)')) v(q);
            q            |              wquery               
-------------------------+-----------------------------------
 fox:A                   | 'fox':A
 fox:BD                  | 'fox':BD
 fox:ABCD                | 'fox'
 fo:*                    | 'fo'*
 !fox:C                  | !'fox':C
 quick <-> brown <-> fox | (('quick' <-> 'brown') <-> 'fox')
 fox:A & (dog | la:*)    | ('fox':A & ('dog' | 'la'*))
(7 rows)

-- the ranked arm really is an index scan with the ranking pass
SET enable_seqscan = off;
SET enable_bitmapscan = off;
EXPLAIN (COSTS OFF)
SELECT id FROM tc WHERE tsv @@@ 'fox:A'::wquery ORDER BY tsv <=> 'fox:A'::wquery LIMIT 1000;
                    QUERY PLAN                     
---------------------------------------------------
 Limit
   ->  Index Scan using tc_tsv on tc
         Index Cond: (tsv @@@ '''fox'':A'::wquery)
         Order By: (tsv <=> '''fox'':A'::wquery)
(4 rows)

RESET enable_seqscan;
RESET enable_bitmapscan;
-- ---- the index's other inexact leaves (native wquery, no cast) ------------
-- With any fuzzy or regex leaf the collector's candidate set was the union of
-- those leaves' matches, whatever the rest of the query said, so an OR with a
-- plain term or any NOT returned only the leaves' rows.  Seqscan vs both indexes.
SET enable_indexscan = off;
SET enable_bitmapscan = off;
SELECT q, (SELECT count(*) FROM tc WHERE to_wdoc(tsv) @@@ q::wquery) AS heap,
	   weave_count('tc_expr', q::wquery) AS expr_ix,
	   weave_count('tc_tsv', q::wquery) AS tsv_ix
  FROM (VALUES ('brwn~1'), ('quick | brwn~1'), ('!brwn~1'), ('quick & !brwn~1'),
			   ('!(quick & brwn~1)'), ('/fo.*/'), ('dog | /fo.*/'), ('!/fo.*/'),
			   ('dog & !/fo.*/'), ('brwn~1 & /fo.*/'), ('brwn~1 | /fo.*/'),
			   ('!(brwn~1 | /fo.*/)'), ('"quick brwn~1"'), ('quick & (dog | brwn~1)'),
			   ('quick | (dog & brwn~1)')) v(q);
           q            | heap | expr_ix | tsv_ix 
------------------------+------+---------+--------
 brwn~1                 |  112 |     112 |    112
 quick | brwn~1         |  161 |     161 |    161
 !brwn~1                |   88 |      88 |     88
 quick & !brwn~1        |   49 |      49 |     49
 !(quick & brwn~1)      |  139 |     139 |    139
 /fo.*/                 |  158 |     158 |    158
 dog | /fo.*/           |  181 |     181 |    181
 !/fo.*/                |   42 |      42 |     42
 dog & !/fo.*/          |   23 |      23 |     23
 brwn~1 & /fo.*/        |   89 |      89 |     89
 brwn~1 | /fo.*/        |  181 |     181 |    181
 !(brwn~1 | /fo.*/)     |   19 |      19 |     19
 "quick brwn~1"         |    0 |       0 |      0
 quick & (dog | brwn~1) |   92 |      92 |     92
 quick | (dog & brwn~1) |  139 |     139 |    139
(15 rows)

RESET enable_indexscan;
RESET enable_bitmapscan;
