-- doc/PHASES.md M7 step 2: a tsvector column as a weave index input
-- (tsvector_lex_ops), and the one doclen convention on every input path.
--
-- Maintainer decisions 2026-10-07: a stripped or mixed tsvector is ACCEPTED,
-- with one WARNING at CREATE INDEX / REINDEX carrying the count; a mixed
-- tsvector keeps the positions it has; doclen = the number of tokens that
-- produced at least one lexeme (stopwords do not count, a token yielding two
-- lexemes counts once) on every input path.
CREATE EXTENSION IF NOT EXISTS pg_weave;
NOTICE:  extension "pg_weave" already exists, skipping
-- ---- doclen: one convention on every input path ---------------------------
-- 'the cat sat on the mat': six tokens, two of them stopwords under english.
-- Every english path must say 4; simple has no stopwords and says 6.
SELECT wdoc_length(to_wdoc('english', 'the cat sat on the mat')) AS regconfig,
	   wdoc_length(to_wdoc(to_tsvector('english', 'the cat sat on the mat'))) AS tsvector,
	   wdoc_length(to_wdoc('english', 'the cat sat on the mat', 'B')) AS weighted,
	   wdoc_length(to_wdoc('english', 'the cat sat on the mat')::text::wdoc) AS text_io,
	   wdoc_length(to_wdoc('english', 'the cat') || to_wdoc('english', 'sat on the mat')) AS concat,
	   wdoc_length(to_wdoc('simple', 'the cat sat on the mat')) AS simple_regconfig,
	   wdoc_length(to_wdoc(to_tsvector('simple', 'the cat sat on the mat'))) AS simple_tsvector,
	   wdoc_length(to_wdoc('the cat sat on the mat')) AS builtin;
 regconfig | tsvector | weighted | text_io | concat | simple_regconfig | simple_tsvector | builtin 
-----------+----------+----------+---------+--------+------------------+-----------------+---------
         3 |        3 |        3 |       3 |      3 |                6 |               6 |       6
(1 row)

-- the text form of a convention-length document carries no |len suffix, and a
-- canonical literal without one gets the convention (distinct positions)
SELECT to_wdoc('english', 'the cat sat on the mat')::text AS txt;
              txt              
-------------------------------
 'cat':1@2 'mat':1@6 'sat':1@3
(1 row)

SELECT wdoc_length($$'a':2@1,3 'b':1@3$$::wdoc) AS shared_position,
	   wdoc_length($$'a':2 'b':1$$::wdoc) AS no_positions;
 shared_position | no_positions 
-----------------+--------------
               2 |            3
(1 row)

-- an explicit length that differs from the convention still round-trips (G90)
SELECT $$'a':1@1 'b':1@5 |9$$::wdoc::text AS explicit_len;
    explicit_len    
--------------------
 'a':1@1 'b':1@5 |9
(1 row)

-- ispell: 'booking' yields {booking, book} for one token, so it counts once,
-- and 'footballklubber' yields six lexemes (two equal) for one token
CREATE TEXT SEARCH DICTIONARY tsi_ispell (
	Template = ispell, DictFile = ispell_sample, AffFile = ispell_sample);
CREATE TEXT SEARCH CONFIGURATION tsi_cfg (COPY = english);
ALTER TEXT SEARCH CONFIGURATION tsi_cfg
	ALTER MAPPING FOR asciiword WITH tsi_ispell, english_stem;
SELECT txt,
	   wdoc_length(to_wdoc('tsi_cfg', txt)) AS regconfig,
	   wdoc_length(to_wdoc(to_tsvector('tsi_cfg', txt))) AS tsvector,
	   to_tsvector('tsi_cfg', txt)::text AS tsv
  FROM (VALUES ('booking'), ('the booking of footballklubber'),
			   ('booking booking the end')) v(txt);
              txt               | regconfig | tsvector |                                         tsv                                         
--------------------------------+-----------+----------+-------------------------------------------------------------------------------------
 booking                        |         1 |        1 | 'book':1 'booking':1
 the booking of footballklubber |         2 |        2 | 'ball':4 'book':2 'booking':2 'foot':4 'football':4 'footballklubber':4 'klubber':4
 booking booking the end        |         3 |        3 | 'book':1,2 'booking':1,2 'end':4
(3 rows)

-- ---- a mixed tsvector keeps its positions ---------------------------------
-- tsv || 'tag'::tsvector: 'tag' has no position, the rest do.  Phrase answers
-- must be core's @@ answers on the same tsvector and tsquery: a phrase over
-- the positioned lexemes matches, a phrase through the positionless one does
-- not (core: TS_MAYBE at the phrase, false at the top), plain AND does.
CREATE TEMP TABLE mix AS
SELECT to_tsvector('simple', 'quick brown fox') || 'tag'::tsvector AS tsv;
SELECT tsv::text, to_wdoc(tsv)::text AS wdoc, wdoc_length(to_wdoc(tsv)) AS len FROM mix;
                tsv                |                    wdoc                     | len 
-----------------------------------+---------------------------------------------+-----
 'brown':2 'fox':3 'quick':1 'tag' | 'brown':1@2 'fox':1@3 'quick':1@1 'tag':1@0 |   4
(1 row)

SELECT q,
	   tsv @@ q::tsquery AS core,
	   to_wdoc(tsv) @@@ q::tsquery::wquery AS wdoc_expr,
	   tsv @@@ q::tsquery::wquery AS tsv_op
  FROM mix, (VALUES ('quick <-> brown'), ('brown <-> fox'), ('quick <-> fox'),
					('quick <-> brown <-> fox'), ('tag <-> quick'), ('fox <-> tag'),
					('tag & fox'), ('tag'), ('!tag'), ('tag <-> tag')) v(q);
            q            | core | wdoc_expr | tsv_op 
-------------------------+------+-----------+--------
 quick <-> brown         | t    | t         | t
 brown <-> fox           | t    | t         | t
 quick <-> fox           | f    | f         | f
 quick <-> brown <-> fox | t    | t         | t
 tag <-> quick           | f    | f         | f
 fox <-> tag             | f    | f         | f
 tag & fox               | t    | t         | t
 tag                     | t    | t         | t
 !tag                    | f    | f         | f
 tag <-> tag             | f    | f         | f
(10 rows)

-- the positionless entry survives || on either side without being rebased,
-- and is still adjacent to nothing
SELECT (to_wdoc(tsv) || to_wdoc(tsv))::text AS twice FROM mix;
                        twice                        
-----------------------------------------------------
 'brown':2@2,6 'fox':2@3,7 'quick':2@1,5 'tag':2@0,0
(1 row)

SELECT to_wdoc(tsv) || to_wdoc(tsv) @@@ 'tag <-> quick'::tsquery::wquery AS tag_quick,
	   to_wdoc(tsv) || to_wdoc(tsv) @@@ 'fox <-> quick'::tsquery::wquery AS fox_quick
  FROM mix;
 tag_quick | fox_quick 
-----------+-----------
 f         | f
(1 row)

-- both round-trip through the text form (the unknown position prints as @0)
SELECT wdoc_send(to_wdoc(tsv)::text::wdoc) = wdoc_send(to_wdoc(tsv)) AS mixed_rt,
	   wdoc_send((to_wdoc(tsv) || to_wdoc(tsv))::text::wdoc)
		 = wdoc_send(to_wdoc(tsv) || to_wdoc(tsv)) AS twice_rt
  FROM mix;
 mixed_rt | twice_rt 
----------+----------
 t        | t
(1 row)

-- a weight zone never contains an unknown position (a positionless document
-- matches no zone either; core matches any weight there -- a recorded
-- divergence).  wquery's own term:A syntax, and the tsquery cast, which maps the
-- weight since G93 (it used to drop it, so 'tag:A' answered core's t by accident)
SELECT q, tsv_a @@ q::tsquery AS core, to_wdoc(tsv_a) @@@ q::wquery AS wdoc_expr,
	   to_wdoc(tsv_a) @@@ q::tsquery::wquery AS cast
  FROM (SELECT setweight(tsv, 'A') AS tsv_a FROM mix) m,
	   (VALUES ('tag:A'), ('fox:A'), ('fox:B')) v(q);
   q   | core | wdoc_expr | cast 
-------+------+-----------+------
 tag:A | t    | f         | f
 fox:A | t    | t         | t
 fox:B | f    | f         | f
(3 rows)

-- a wholly stripped tsvector has no positions at all, as before
SELECT to_wdoc(strip(tsv))::text AS stripped FROM mix;
              stripped               
-------------------------------------
 'brown':1 'fox':1 'quick':1 'tag':1
(1 row)

-- ---- the operator class ---------------------------------------------------
CREATE TABLE tsi (id int PRIMARY KEY, body text, tsv tsvector);
INSERT INTO tsi
SELECT g, b, to_tsvector('english', b)
  FROM (SELECT g, 'doc ' || g || ' the quick brown fox ' ||
				  (ARRAY['jumps', 'sleeps', 'runs', 'hides'])[1 + g % 4] ||
				  ' over the lazy dog number ' || (g % 7) AS b
		  FROM generate_series(1, 200) g) s;
-- one stripped, one mixed, one capped (a lexeme repeated 300 times: 255 kept)
UPDATE tsi SET tsv = strip(tsv) WHERE id = 3;
UPDATE tsi SET tsv = tsv || 'tag'::tsvector WHERE id = 4;
UPDATE tsi SET tsv = to_tsvector('english', repeat('spam ', 300) || 'quick fox') WHERE id = 5;
SELECT id, length(tsv) AS nlex, (SELECT max(array_length(positions, 1))
								   FROM unnest(tsv)) AS maxpos
  FROM tsi WHERE id IN (3, 4, 5) ORDER BY id;
 id | nlex | maxpos 
----+------+--------
  3 |    9 |       
  4 |   10 |      2
  5 |    3 |    255
(3 rows)

-- the WARNING names the count of documents with a positionless lexeme: 2
CREATE INDEX tsi_ix ON tsi USING weave (tsv tsvector_lex_ops);
WARNING:  2 documents indexed by "tsi_ix" have lexemes without positions
DETAIL:  Such a lexeme is indexed with term frequency 1 and matches no phrase, so BM25 ranking of these documents is approximate.
HINT:  A tsvector loses its positions through strip() or by concatenating a positionless value; weave_index_tsvector_stats() counts the affected documents.
-- the reference: the same documents through an expression index on to_wdoc()
CREATE INDEX tsi_ex ON tsi USING weave (to_wdoc(tsv));
SELECT * FROM weave_index_tsvector_stats('tsi_ix');
 ndocs | ncapped | npositionless 
-------+---------+---------------
   200 |       1 |             2
(1 row)

-- not a tsvector index
SELECT * FROM weave_index_tsvector_stats('tsi_ex');
ERROR:  index "tsi_ex" does not index a tsvector column
HINT:  weave_index_tsvector_stats() applies to an index whose lexical column uses tsvector_lex_ops.
-- REINDEX warns again, with the same count
REINDEX INDEX tsi_ix;
WARNING:  2 documents indexed by "tsi_ix" have lexemes without positions
DETAIL:  Such a lexeme is indexed with term frequency 1 and matches no phrase, so BM25 ranking of these documents is approximate.
HINT:  A tsvector loses its positions through strip() or by concatenating a positionless value; weave_index_tsvector_stats() counts the affected documents.
-- same rows, same order as to_wdoc(tsv) through the expression index.  Each
-- arm is forced onto its index and the plan is shown, so the comparison is
-- index against index, not two sequential scans.
SET enable_seqscan = off;
SET enable_bitmapscan = off;
CREATE FUNCTION pg_temp.arm_ids(qq text, expr bool) RETURNS int[] LANGUAGE plpgsql AS $$
DECLARE r int[];
BEGIN
	IF expr THEN
		SELECT array_agg(id ORDER BY d, id) INTO r FROM (
			SELECT id, to_wdoc(tsv) <=> qq::wquery AS d FROM tsi
			 WHERE to_wdoc(tsv) @@@ qq::wquery
			 ORDER BY to_wdoc(tsv) <=> qq::wquery LIMIT 1000) s;
	ELSE
		SELECT array_agg(id ORDER BY d, id) INTO r FROM (
			SELECT id, tsv <=> qq::wquery AS d FROM tsi
			 WHERE tsv @@@ qq::wquery
			 ORDER BY tsv <=> qq::wquery LIMIT 1000) s;
	END IF;
	RETURN r;
END $$;
EXPLAIN (COSTS OFF) SELECT id FROM tsi WHERE tsv @@@ 'jump'::wquery
	ORDER BY tsv <=> 'jump'::wquery LIMIT 10;
                    QUERY PLAN                    
--------------------------------------------------
 Limit
   ->  Index Scan using tsi_ix on tsi
         Index Cond: (tsv @@@ '''jump'''::wquery)
         Order By: (tsv <=> '''jump'''::wquery)
(4 rows)

EXPLAIN (COSTS OFF) SELECT id FROM tsi WHERE to_wdoc(tsv) @@@ 'jump'::wquery
	ORDER BY to_wdoc(tsv) <=> 'jump'::wquery LIMIT 10;
                        QUERY PLAN                         
-----------------------------------------------------------
 Limit
   ->  Index Scan using tsi_ex on tsi
         Index Cond: (to_wdoc(tsv) @@@ '''jump'''::wquery)
         Order By: (to_wdoc(tsv) <=> '''jump'''::wquery)
(4 rows)

SELECT q, cardinality(pg_temp.arm_ids(q, false)) AS n,
	   pg_temp.arm_ids(q, false) IS NOT DISTINCT FROM pg_temp.arm_ids(q, true) AS same
  FROM (VALUES ('jump'), ('quick'), ('fox | sleep'), ('quick & !hide'),
			   ('"quick brown"'), ('"brown quick"'), ('spam'), ('tag'),
			   ('number & doc')) v(q);
       q       |  n  | same 
---------------+-----+------
 jump          |  50 | t
 quick         | 200 | t
 fox | sleep   | 200 | t
 quick & !hide | 150 | t
 "quick brown" | 198 | t
 "brown quick" |     | t
 spam          |   1 | t
 tag           |   1 | t
 number & doc  | 199 | t
(9 rows)

-- the plain restriction and the phrase on the mixed row, through the index:
-- id 4 ('tag' positionless) keeps its phrase answers
SELECT id FROM tsi WHERE tsv @@@ '"quick brown"'::wquery AND id < 6 ORDER BY id;
 id 
----
  1
  2
  4
(3 rows)

SELECT id FROM tsi WHERE tsv @@@ 'tag'::wquery ORDER BY id;
 id 
----
  4
(1 row)

-- count path and the bitmap path (heap recheck on a tsvector heap value)
SELECT weave_count('tsi_ix', '"quick brown" & fox'::wquery) AS cnt_ix,
	   weave_count('tsi_ex', '"quick brown" & fox'::wquery) AS cnt_ex;
 cnt_ix | cnt_ex 
--------+--------
    198 |    198
(1 row)

RESET enable_bitmapscan;
SET enable_indexscan = off;
EXPLAIN (COSTS OFF) SELECT count(*) FROM tsi WHERE tsv @@@ '"quick brown"'::wquery;
                               QUERY PLAN                                
-------------------------------------------------------------------------
 Aggregate
   ->  Bitmap Heap Scan on tsi
         Recheck Cond: (tsv @@@ '(''quick'' <-> ''brown'')'::wquery)
         ->  Bitmap Index Scan on tsi_ix
               Index Cond: (tsv @@@ '(''quick'' <-> ''brown'')'::wquery)
(5 rows)

SELECT count(*) FROM tsi WHERE tsv @@@ '"quick brown"'::wquery;
 count 
-------
   198
(1 row)

RESET enable_indexscan;
RESET enable_seqscan;
-- inserts go through the pending list; still the same rows as the expression
-- index, and the statistic sees the new stripped row at once
INSERT INTO tsi VALUES (201, 'late', strip(to_tsvector('english', 'quick late fox'))),
					   (202, 'late', to_tsvector('english', 'quick brown late fox'));
SELECT * FROM weave_index_tsvector_stats('tsi_ix');
 ndocs | ncapped | npositionless 
-------+---------+---------------
   202 |       1 |             3
(1 row)

SET enable_seqscan = off;
SET enable_bitmapscan = off;
SELECT q, pg_temp.arm_ids(q, false) IS NOT DISTINCT FROM pg_temp.arm_ids(q, true) AS same
  FROM (VALUES ('quick'), ('late'), ('"quick brown"')) v(q);
       q       | same 
---------------+------
 quick         | t
 late          | t
 "quick brown" | t
(3 rows)

RESET enable_bitmapscan;
RESET enable_seqscan;
-- the statistic before and after DELETE + VACUUM: the stripped row 3, the
-- capped row 5 and the late stripped row 201 leave it
DELETE FROM tsi WHERE id IN (3, 5, 201);
-- exact under MVCC: they leave it at commit, before any VACUUM
SELECT * FROM weave_index_tsvector_stats('tsi_ix');
 ndocs | ncapped | npositionless 
-------+---------+---------------
   199 |       0 |             1
(1 row)

VACUUM tsi;
SELECT * FROM weave_index_tsvector_stats('tsi_ix');
 ndocs | ncapped | npositionless 
-------+---------+---------------
   199 |       0 |             1
(1 row)

SELECT ndocs FROM weave_index_stats('tsi_ix');
 ndocs 
-------
   199
(1 row)

SELECT weave_merge('tsi_ix') IS NOT NULL AS merged;
 merged 
--------
 t
(1 row)

SELECT * FROM weave_index_tsvector_stats('tsi_ix');
 ndocs | ncapped | npositionless 
-------+---------+---------------
   199 |       0 |             1
(1 row)

-- a partial index counts only the rows its predicate admits
CREATE INDEX tsi_part ON tsi USING weave (tsv tsvector_lex_ops) WHERE id > 100;
SELECT * FROM weave_index_tsvector_stats('tsi_part');
 ndocs | ncapped | npositionless 
-------+---------+---------------
   101 |       0 |             0
(1 row)

-- WITH (positions = on): the phrase is answered from the postings' positions,
-- where the unknown position 0 is stored too; same answers as the heap
CREATE INDEX tsi_pos ON tsi USING weave (tsv tsvector_lex_ops) WITH (positions = on);
WARNING:  1 document indexed by "tsi_pos" has lexemes without positions
DETAIL:  Such a lexeme is indexed with term frequency 1 and matches no phrase, so BM25 ranking of these documents is approximate.
HINT:  A tsvector loses its positions through strip() or by concatenating a positionless value; weave_index_tsvector_stats() counts the affected documents.
SELECT q, weave_count('tsi_pos', q::wquery) AS ix_pos,
	   (SELECT count(*) FROM tsi WHERE weave_tsv_match(tsv, q::wquery)) AS heap
  FROM (VALUES ('"quick brown"'), ('"brown fox"'), ('"fox tag"'), ('"tag quick"'),
			   ('tag')) v(q);
       q       | ix_pos | heap 
---------------+--------+------
 "quick brown" |    199 |  199
 "brown fox"   |    198 |  198
 "fox tag"     |      0 |    0
 "tag quick"   |      0 |    0
 tag           |      1 |    1
(5 rows)

DROP INDEX tsi_pos;
-- a parallel build sums the participants' counts.  Every 1000th pad row is
-- stripped, so the positionless rows are spread over the whole heap and land
-- in workers' slices as well as the leader's: the WARNING must say 31 (30 + row
-- 4) however the blocks were divided.
INSERT INTO tsi SELECT g, 'pad', CASE WHEN g % 1000 = 0
		THEN strip(to_tsvector('simple', 'pad row ' || g))
		ELSE to_tsvector('simple', 'pad row ' || g) END
  FROM generate_series(1000, 30999) g;
ALTER TABLE tsi SET (parallel_workers = 4);
SET max_parallel_maintenance_workers = 4;
SET min_parallel_table_scan_size = 0;
SET maintenance_work_mem = '64MB';
CREATE INDEX tsi_par ON tsi USING weave (tsv tsvector_lex_ops);
WARNING:  31 documents indexed by "tsi_par" have lexemes without positions
DETAIL:  Such a lexeme is indexed with term frequency 1 and matches no phrase, so BM25 ranking of these documents is approximate.
HINT:  A tsvector loses its positions through strip() or by concatenating a positionless value; weave_index_tsvector_stats() counts the affected documents.
RESET maintenance_work_mem;
RESET min_parallel_table_scan_size;
RESET max_parallel_maintenance_workers;
ALTER TABLE tsi RESET (parallel_workers);
SELECT * FROM weave_index_tsvector_stats('tsi_par');
 ndocs | ncapped | npositionless 
-------+---------+---------------
 30199 |       0 |            31
(1 row)

DROP INDEX tsi_par;
DELETE FROM tsi WHERE id >= 1000;
-- a tsvector column with no positionless document builds with no WARNING
CREATE TABLE tsi_clean AS SELECT id, tsv FROM tsi WHERE id NOT IN (4);
CREATE INDEX tsi_clean_ix ON tsi_clean USING weave (tsv tsvector_lex_ops);
SELECT * FROM weave_index_tsvector_stats('tsi_clean_ix');
 ndocs | ncapped | npositionless 
-------+---------+---------------
   198 |       0 |             0
(1 row)

-- an untyped literal is ambiguous against core's deprecated @@@(tsvector, tsquery);
-- a typed one is not
SELECT count(*) FROM tsi WHERE tsv @@@ 'quick';
ERROR:  operator is not unique: tsvector @@@ unknown
LINE 1: SELECT count(*) FROM tsi WHERE tsv @@@ 'quick';
                                           ^
HINT:  Could not choose a best candidate operator. You might need to add explicit type casts.
SELECT count(*) FROM tsi WHERE tsv @@@ 'quick'::wquery;
 count 
-------
   199
(1 row)

DROP TABLE tsi_clean;
DROP TABLE tsi;
DROP TEXT SEARCH CONFIGURATION tsi_cfg;
DROP TEXT SEARCH DICTIONARY tsi_ispell;
