-- wvec: the vector type for the weave vector channel.
--
-- Semantics are pgvector's on purpose (see doc/MIGRATION.md), so these tests
-- double as a compatibility contract: if a case here changes behaviour, an
-- application migrating from pgvector breaks.
CREATE EXTENSION IF NOT EXISTS pg_weave;
NOTICE:  extension "pg_weave" already exists, skipping
-- sql/weave.sql creates the extension pinned at 0.1.0 on purpose, so running the
-- upgrade here is not a workaround -- it is the only coverage the 0.1.0 -> 0.2.0
-- upgrade script has, and an unexercised upgrade script is a blocking gate in
-- doc/PRODUCTION_READINESS.md.
ALTER EXTENSION pg_weave UPDATE;   -- to the current default_version
-- ---- I/O ----------------------------------------------------------------
SELECT '[1,2,3]'::wvec;
  wvec   
---------
 [1,2,3]
(1 row)

SELECT '[1.5,-2.25,0]'::wvec;
     wvec      
---------------
 [1.5,-2.25,0]
(1 row)

SELECT ' [ 1 , 2 , 3 ] '::wvec;                 -- whitespace tolerated
  wvec   
---------
 [1,2,3]
(1 row)

SELECT '[1]'::wvec;
 wvec 
------
 [1]
(1 row)

SELECT wvec_dims('[1,2,3,4]'::wvec);
 wvec_dims 
-----------
         4
(1 row)

-- out(in(x)) must round-trip exactly: float4out is shortest-round-trip
SELECT '[0.1,0.2,0.3]'::wvec::text = '[0.1,0.2,0.3]' AS text_roundtrip;
 text_roundtrip 
----------------
 t
(1 row)

-- ---- rejected input -----------------------------------------------------
SELECT '1,2,3'::wvec;                           -- no brackets
ERROR:  invalid input syntax for type wvec: "1,2,3"
LINE 1: SELECT '1,2,3'::wvec;
               ^
DETAIL:  A wvec must start with "[".
SELECT '[1,2,3'::wvec;                          -- unterminated
ERROR:  invalid input syntax for type wvec: "[1,2,3"
LINE 1: SELECT '[1,2,3'::wvec;
               ^
DETAIL:  Expected "," or "]" at "".
SELECT '[1,2,]'::wvec;                          -- trailing comma
ERROR:  invalid input syntax for type wvec: "[1,2,]"
LINE 1: SELECT '[1,2,]'::wvec;
               ^
DETAIL:  Expected a number after ",".
SELECT '[1,,2]'::wvec;                          -- empty element
ERROR:  invalid input syntax for type wvec: "[1,,2]"
LINE 1: SELECT '[1,,2]'::wvec;
               ^
DETAIL:  Could not parse a number at ",2]".
SELECT '[]'::wvec;                              -- zero dimensions
ERROR:  wvec must have at least 1 dimension
LINE 1: SELECT '[]'::wvec;
               ^
SELECT '[1,2,3]x'::wvec;                        -- junk after
ERROR:  invalid input syntax for type wvec: "[1,2,3]x"
LINE 1: SELECT '[1,2,3]x'::wvec;
               ^
DETAIL:  Junk after closing "]".
SELECT '[1,NaN,3]'::wvec;                       -- NaN corrupts every distance
ERROR:  NaN not allowed in wvec
LINE 1: SELECT '[1,NaN,3]'::wvec;
               ^
DETAIL:  Element 2 is NaN.
SELECT '[1,Infinity,3]'::wvec;
ERROR:  infinite value not allowed in wvec
LINE 1: SELECT '[1,Infinity,3]'::wvec;
               ^
DETAIL:  Element 2 is infinite.
-- ---- typmod -------------------------------------------------------------
CREATE TABLE wv (id int, v wvec(3));
INSERT INTO wv VALUES (1, '[1,0,0]'), (2, '[0,1,0]'), (3, '[1,1,0]');
INSERT INTO wv VALUES (4, '[1,0]');             -- wrong dimension, must fail
ERROR:  expected 3 dimensions, not 2
SELECT id, v FROM wv ORDER BY id;
 id |    v    
----+---------
  1 | [1,0,0]
  2 | [0,1,0]
  3 | [1,1,0]
(3 rows)

SELECT '[1,2,3,4]'::wvec(3);                    -- explicit cast enforces too
ERROR:  expected 3 dimensions, not 4
CREATE TABLE wv_bad (v wvec(0));
ERROR:  wvec dimensions must be between 1 and 16384
LINE 1: CREATE TABLE wv_bad (v wvec(0));
                               ^
CREATE TABLE wv_bad (v wvec(99999));
ERROR:  wvec dimensions must be between 1 and 16384
LINE 1: CREATE TABLE wv_bad (v wvec(99999));
                               ^
-- ---- casts --------------------------------------------------------------
SELECT ARRAY[1,2,3]::real[]::wvec;
  array  
---------
 [1,2,3]
(1 row)

SELECT '[1,2,3]'::wvec::real[];
 float4  
---------
 {1,2,3}
(1 row)

SELECT ARRAY[1,NULL,3]::real[]::wvec;           -- NULL element must fail
ERROR:  array must not contain NULLs
-- ---- accessors ----------------------------------------------------------
SELECT wvec_norm('[3,4]'::wvec);                -- 5
 wvec_norm 
-----------
         5
(1 row)

SELECT round(wvec_norm(wvec_l2_normalize('[3,4]'::wvec))::numeric, 6) AS unit_norm;
 unit_norm 
-----------
  1.000000
(1 row)

SELECT wvec_l2_normalize('[0,0,0]'::wvec) IS NULL AS zero_normalizes_to_null;
 zero_normalizes_to_null 
-------------------------
 t
(1 row)

-- ---- distances ----------------------------------------------------------
SELECT wvec_l2_distance('[0,0]'::wvec, '[3,4]'::wvec) AS l2;             -- 5
 l2 
----
  5
(1 row)

SELECT wvec_l2_squared_distance('[0,0]'::wvec, '[3,4]'::wvec) AS l2sq;   -- 25
 l2sq 
------
   25
(1 row)

SELECT wvec_inner_product('[1,2,3]'::wvec, '[4,5,6]'::wvec) AS ip;       -- 32
 ip 
----
 32
(1 row)

SELECT wvec_l1_distance('[1,2]'::wvec, '[4,6]'::wvec) AS l1;             -- 7
 l1 
----
  7
(1 row)

-- operator forms must agree with the function forms
SELECT '[0,0]'::wvec <-> '[3,4]'::wvec AS op_l2;
 op_l2 
-------
     5
(1 row)

SELECT '[1,2,3]'::wvec <#> '[4,5,6]'::wvec AS op_negip;   -- -32, NOT 32
 op_negip 
----------
      -32
(1 row)

SELECT '[1,0]'::wvec <+> '[0,1]'::wvec AS op_l1;
 op_l1 
-------
     2
(1 row)

-- cosine: identical, orthogonal, opposite
SELECT round(('[1,0]'::wvec <=> '[1,0]'::wvec)::numeric, 10) AS cos_same;
   cos_same   
--------------
 0.0000000000
(1 row)

SELECT round(('[1,0]'::wvec <=> '[0,1]'::wvec)::numeric, 10) AS cos_orth;
   cos_orth   
--------------
 1.0000000000
(1 row)

SELECT round(('[1,0]'::wvec <=> '[-1,0]'::wvec)::numeric, 10) AS cos_opp;
   cos_opp    
--------------
 2.0000000000
(1 row)

-- scale invariance: cosine ignores magnitude
SELECT round(('[1,2,3]'::wvec <=> '[2,4,6]'::wvec)::numeric, 10) AS cos_scaled;
  cos_scaled  
--------------
 0.0000000000
(1 row)

-- a zero operand has no direction; pgvector returns NaN and so do we
SELECT ('[0,0]'::wvec <=> '[1,1]'::wvec) AS cos_zero_is_nan;
 cos_zero_is_nan 
-----------------
             NaN
(1 row)

-- dimension mismatch is an error, not a silent truncation
SELECT '[1,2]'::wvec <-> '[1,2,3]'::wvec;
ERROR:  different wvec dimensions 2 and 3
-- ---- arithmetic ---------------------------------------------------------
SELECT '[1,2]'::wvec + '[3,4]'::wvec AS added;
 added 
-------
 [4,6]
(1 row)

SELECT '[1,2]'::wvec - '[3,4]'::wvec AS subbed;
 subbed  
---------
 [-2,-2]
(1 row)

SELECT '[1,2]'::wvec * '[3,4]'::wvec AS multiplied;
 multiplied 
------------
 [3,8]
(1 row)

SELECT '[1,2]'::wvec + '[1,2,3]'::wvec;         -- mismatch must fail
ERROR:  different wvec dimensions 2 and 3
-- ---- comparison, DISTINCT, ORDER BY, btree ------------------------------
SELECT '[1,2]'::wvec = '[1,2]'::wvec AS eq;
 eq 
----
 t
(1 row)

SELECT '[1,2]'::wvec = '[1,3]'::wvec AS neq;
 neq 
-----
 f
(1 row)

SELECT count(DISTINCT v) FROM (VALUES ('[1,0]'::wvec), ('[1,0]'::wvec),
                                      ('[0,1]'::wvec)) t(v);
 count 
-------
     2
(1 row)

CREATE INDEX wv_btree ON wv USING btree (v);
DROP INDEX wv_btree;
-- ---- exact nearest neighbour by seq scan --------------------------------
-- No index yet (tasks V7-V9), so this is the exact reference the index will be
-- checked against once it exists.
SELECT id, round((v <-> '[1,0,0]'::wvec)::numeric, 6) AS dist
  FROM wv ORDER BY v <-> '[1,0,0]'::wvec, id;
 id |   dist   
----+----------
  1 | 0.000000
  3 | 1.000000
  2 | 1.414214
(3 rows)

-- ---- codec introspection ------------------------------------------------
-- The quantizer is implemented and property-tested; these expose it so
-- reconstruction error is measurable on a real corpus before the index exists.
SELECT wvec_dims(weave_quantize_roundtrip('[1,2,3,4,5,6,7,8]'::wvec, 4)) AS rt_dims;
 rt_dims 
---------
       8
(1 row)

-- The renormalization scale is defined so the reconstruction's projection onto
-- the true direction equals the true norm.  So the reconstruction's norm must be
-- at least the original's, and within a modest factor of it.  This is the SQL
-- reflection of property P6 in test/hegel/test_quantize.c, and it is the claim
-- that "no float32 rerank pass is needed" rests on.
WITH v AS (SELECT ('[' || string_agg((n * 7 % 23 - 11)::text, ',') || ']')::wvec AS x
             FROM generate_series(1, 64) n)
SELECT wvec_norm(weave_quantize_roundtrip(x, 4)) >= wvec_norm(x) * 0.99 AS scale_lifts,
       wvec_norm(weave_quantize_roundtrip(x, 4)) <= wvec_norm(x) * 2.0  AS scale_bounded
  FROM v;
 scale_lifts | scale_bounded 
-------------+---------------
 t           | t
(1 row)

-- More bits must not be worse than fewer, on average.  A monotonicity check
-- that catches a codebook indexed by the wrong width.
WITH v AS (SELECT ('[' || string_agg((n * 13 % 31 - 15)::text, ',') || ']')::wvec AS x
             FROM generate_series(1, 128) n)
SELECT wvec_l2_distance(x, weave_quantize_roundtrip(x, 4))
       <= wvec_l2_distance(x, weave_quantize_roundtrip(x, 2)) AS more_bits_not_worse
  FROM v;
 more_bits_not_worse 
---------------------
 t
(1 row)

SELECT weave_quantize_roundtrip('[0,0,0,0]'::wvec, 4);   -- zero vector must fail
ERROR:  cannot quantize a zero wvec
DETAIL:  A zero vector has no direction, so its renormalization scale is undefined.
SELECT weave_quantize_roundtrip('[1,2,3,4]'::wvec, 1);   -- below WEAVE_BITS_MIN
ERROR:  bits must be between 2 and 8
HINT:  Wider codes have lower quantization error at proportionally larger size; 2 is the smallest and 8 the widest supported.
SELECT weave_quantize_roundtrip('[1,2,3,4]'::wvec, 9);   -- above WEAVE_BITS_MAX
ERROR:  bits must be between 2 and 8
HINT:  Wider codes have lower quantization error at proportionally larger size; 2 is the smallest and 8 the widest supported.
-- 5..8 bits became legal when WEAVE_BITS_MAX rose from 4 to 8; the widest width
-- must round-trip like any other, and more bits must not be worse than fewer.
SELECT wvec_dims(weave_quantize_roundtrip('[1,2,3,4,5,6,7,8]'::wvec, 8)) AS rt_dims_8bit;
 rt_dims_8bit 
--------------
            8
(1 row)

SELECT wvec_l2_distance(x, weave_quantize_roundtrip(x, 8))
       <= wvec_l2_distance(x, weave_quantize_roundtrip(x, 4)) AS bits8_not_worse_than_4
  FROM (SELECT '[1,2,3,4,5,6,7,8,9,10,11,12,13,14,15,16]'::wvec AS x) s;
 bits8_not_worse_than_4 
------------------------
 t
(1 row)

SELECT weave_quantize_size(768, 4) AS bytes_768_4bit;     -- 384 codes + 8 lane
 bytes_768_4bit 
----------------
            392
(1 row)

SELECT weave_quantize_size(768, 2) AS bytes_768_2bit;
 bytes_768_2bit 
----------------
            200
(1 row)

-- storage claim, made checkable: 4-bit codes against float4
SELECT round((768 * 4)::numeric / weave_quantize_size(768, 4), 1) AS compression_vs_float4;
 compression_vs_float4 
-----------------------
                   7.8
(1 row)

DROP TABLE wv;
